[backblue.gif]
[fade.gif]
[index.html]
[www.bmw.com/etc/clientlibs/wcmp/consentcontroller.fallback/epaas.js]
[www.rolls-roycemotorcars.com/etc.clientlibs/rrmc/clientlibs/clientlib-components/resources/enhancedActivityMap/enhancedActivityMap.js]
[www.rolls-roycemotorcars.com/etc.clientlibs/rrmc/clientlibs/clientlib-components/resources/genericVideoTracking/genericVideoTracking.js]
[www.rolls-roycemotorcars.com/etc.clientlibs/rrmc/clientlibs/clientlib-components/resources/formTracking/formTracking.js]
[www.rolls-roycemotorcars.com/etc.clientlibs/rrmc/clientlibs/clientlib-components/resources/genericConfiguratorTracking/genericConfiguratorTracking.js]
[www.rolls-roycemotorcars.com/etc.clientlibs/rrmc/clientlibs/clientlib-components/resources/genericSearchFilterTracking/genericSearchFilterTracking.js]
[www.google.com/recaptcha/apib091.js]
[cdn.evgnet.com/beacon/rollsroyce/rrmc_production/scripts/evergage.min.js]
[www.rolls-roycemotorcars.com/etc.clientlibs/rrmc/clientlibs/clientlib-components/resources/img/favicon.png]
[www.rolls-roycemotorcars.com/etc.clientlibs/rrmc/clientlibs/clientlib-components/resources/img/apple/apple-touch-icon-iphone.png]
[www.rolls-roycemotorcars.com/etc.clientlibs/rrmc/clientlibs/clientlib-components/resources/img/apple/touch-icon-ipad.png]
[www.rolls-roycemotorcars.com/etc.clientlibs/rrmc/clientlibs/clientlib-components/resources/img/apple/touch-icon-iphone-retina.png]
[www.rolls-roycemotorcars.com/etc.clientlibs/rrmc/clientlibs/clientlib-components/resources/img/apple/touch-icon-ipad-retina.png]
[www.rolls-roycemotorcars.com/content/dam/rrmc/marketUK/common/navigation/desktop/left-panel.jpg]
[www.rolls-roycemotorcars.com/content/dam/rrmc/marketUK/common/navigation/desktop/RRMC_SPECTRE_NAV_D.jpg/jcr_content/renditions/cq5dam.web.1920.jpg]
[www.rolls-roycemotorcars.com/content/dam/rrmc/marketUK/rollsroycemotorcars_com/1-0-home/page-properties/ghost-series-2-campaign/main-menu-side-nav/D-SIDE-NAV-GSII.jpg/jcr_content/rendit/cq5dam.web.1920.27.dela]
[www.rolls-roycemotorcars.com/content/dam/rrmc/marketUK/rollsroycemotorcars_com/1-0-home/page-properties/ghost-series-2-campaign/main-menu-side-nav/D-SIDE-NAV-GESII.jpg/jcr_content/rendi/cq5dam.web.1920.28.dela]
[www.rolls-roycemotorcars.com/content/dam/rrmc/marketUK/rollsroycemotorcars_com/phantom-100/page-properties/side-nav/M-SIDE-NAV-PHANTOM-100.jpg/jcr_content/renditions/cq5dam.web.1920.jpg]
[www.rolls-roycemotorcars.com/content/dam/rrmc/marketUK/rollsroycemotorcars_com/phantom-100/page-properties/side-nav/M-SIDE-NAV-PHANTOM-EXT-100.jpg/jcr_content/renditions/cq5dam.web.1920.jpg]
[www.rolls-roycemotorcars.com/content/dam/rrmc/marketUK/common/navigation/desktop/spectre_nav_mobile.jpg/jcr_content/renditions/cq5dam.web.1920.jpg]
[www.rolls-roycemotorcars.com/content/dam/rrmc/marketUK/rollsroycemotorcars_com/1-0-home/page-properties/ghost-series-2-campaign/main-menu-side-nav/M-SIDE-NAV-GSII.jpg/jcr_content/rendit/cq5dam.web.1920.31.dela]
[www.rolls-roycemotorcars.com/content/dam/rrmc/marketUK/rollsroycemotorcars_com/1-0-home/page-properties/ghost-series-2-campaign/main-menu-side-nav/M-SIDE-NAV-GESII.jpg/jcr_content/rendi/cq5dam.web.1920.32.dela]
[www.rolls-roycemotorcars.com/content/dam/rrmc/marketUK/common/navigation/desktop/M-SIDE-NAV-CSII.jpg/jcr_content/renditions/cq5dam.web.1920.jpg]
[www.rolls-roycemotorcars.com/content/dam/rrmc/marketUK/rollsroycemotorcars_com/1-0-home/page-properties/bb-spectre-side-nav/M-SIDE-NAV-BBS.jpg/jcr_content/renditions/cq5dam.web.1920.jpg]
[www.rolls-roycemotorcars.com/content/dam/rrmc/marketUK/common/navigation/desktop/D-Main-Model-Nav.jpg/jcr_content/renditions/cq5dam.web.1920.jpg]
[www.rolls-roycemotorcars.com/etc.clientlibs/clientlibs/granite/jquery.js]
[www.rolls-roycemotorcars.com/etc.clientlibs/clientlibs/granite/utils.js]
[www.rolls-roycemotorcars.com/etc.clientlibs/rrmc/clientlibs/clientlib-components.js]
[www.rolls-roycemotorcars.com/en_GB/home.html]
[players.brightcove.net/1634657725001/3Ev5jVtXB_default/index.min.js]
[players.brightcove.net/1634657725001/khh451qp5_default/index.min.js]
[www.googletagmanager.com/gtm5445.html]
[www.rolls-roycemotorcars.com/etc.clientlibs/rrmc/clientlibs/clientlib-components/resources/img/find-us-bg.jpg]
[www.rolls-roycemotorcars.com/etc.clientlibs/rrmc/clientlibs/clientlib-components/resources/img/flags.png]
[www.rolls-roycemotorcars.com/etc.clientlibs/rrmc/clientlibs/clientlib-components/resources/img/flags@2x.png]
[www.rolls-roycemotorcars.com/etc.clientlibs/rrmc/clientlibs/clientlib-components/resources/fonts/trajan/trajan.woff]
[www.rolls-roycemotorcars.com/etc.clientlibs/rrmc/clientlibs/clientlib-components/resources/fonts/corsiva/corsiva.woff]
[www.rolls-roycemotorcars.com/etc.clientlibs/rrmc/clientlibs/clientlib-components/resources/fonts/riviera-nights/RivieraNights-Ultralight/RivieraNights-Ultralight.woff]
[www.rolls-roycemotorcars.com/etc.clientlibs/rrmc/clientlibs/clientlib-components/resources/fonts/riviera-nights/RivieraNights-Ultralight/RivieraNights-Ultralightd41d.eot]
[www.rolls-roycemotorcars.com/etc.clientlibs/rrmc/clientlibs/clientlib-components/resources/fonts/riviera-nights/RivieraNights-Ultralight/RivieraNights-Ultralight.otf]
[www.rolls-roycemotorcars.com/etc.clientlibs/rrmc/clientlibs/clientlib-components/resources/fonts/riviera-nights/RivieraNights-Ultralight/RivieraNights-Ultralight.ttf]
[www.rolls-roycemotorcars.com/etc.clientlibs/rrmc/clientlibs/clientlib-components/resources/fonts/riviera-nights/RivieraNights-Light/RivieraNights-Light.woff]
[www.rolls-roycemotorcars.com/etc.clientlibs/rrmc/clientlibs/clientlib-components/resources/fonts/riviera-nights/RivieraNights-Light/RivieraNights-Lightd41d.eot]
[www.rolls-roycemotorcars.com/etc.clientlibs/rrmc/clientlibs/clientlib-components/resources/fonts/riviera-nights/RivieraNights-Light/RivieraNights-Light.otf]
[www.rolls-roycemotorcars.com/etc.clientlibs/rrmc/clientlibs/clientlib-components/resources/fonts/riviera-nights/RivieraNights-Light/RivieraNights-Light.ttf]
[www.rolls-roycemotorcars.com/etc.clientlibs/rrmc/clientlibs/clientlib-components/resources/fonts/riviera-nights/RivieraNights-Regular/RivieraNights-Regular.woff]
[www.rolls-roycemotorcars.com/etc.clientlibs/rrmc/clientlibs/clientlib-components/resources/fonts/riviera-nights/RivieraNights-Regular/RivieraNights-Regulard41d.eot]
[www.rolls-roycemotorcars.com/etc.clientlibs/rrmc/clientlibs/clientlib-components/resources/fonts/riviera-nights/RivieraNights-Regular/RivieraNights-Regular.otf]
[www.rolls-roycemotorcars.com/etc.clientlibs/rrmc/clientlibs/clientlib-components/resources/fonts/riviera-nights/RivieraNights-Regular/RivieraNights-Regular.ttf]
[www.rolls-roycemotorcars.com/etc.clientlibs/rrmc/clientlibs/clientlib-components/resources/fonts/riviera-nights/RivieraNights-Medium/RivieraNights-Medium.woff]
[www.rolls-roycemotorcars.com/etc.clientlibs/rrmc/clientlibs/clientlib-components/resources/fonts/riviera-nights/RivieraNights-Medium/RivieraNights-Mediumd41d.eot]
[www.rolls-roycemotorcars.com/etc.clientlibs/rrmc/clientlibs/clientlib-components/resources/fonts/riviera-nights/RivieraNights-Medium/RivieraNights-Medium.otf]
[www.rolls-roycemotorcars.com/etc.clientlibs/rrmc/clientlibs/clientlib-components/resources/fonts/riviera-nights/RivieraNights-Medium/RivieraNights-Medium.ttf]
[www.rolls-roycemotorcars.com/etc.clientlibs/rrmc/clientlibs/clientlib-components/resources/fonts/riviera-nights/RivieraNights-Bold/RivieraNights-Bold.woff]
[www.rolls-roycemotorcars.com/etc.clientlibs/rrmc/clientlibs/clientlib-components/resources/fonts/riviera-nights/RivieraNights-Bold/RivieraNights-Boldd41d.eot]
[www.rolls-roycemotorcars.com/etc.clientlibs/rrmc/clientlibs/clientlib-components/resources/fonts/riviera-nights/RivieraNights-Bold/RivieraNights-Bold.otf]
[www.rolls-roycemotorcars.com/etc.clientlibs/rrmc/clientlibs/clientlib-components/resources/fonts/riviera-nights/RivieraNights-Bold/RivieraNights-Bold.ttf]
[www.rolls-roycemotorcars.com/etc.clientlibs/rrmc/clientlibs/clientlib-components/resources/fonts/riviera-nights/RivieraNights-Black/RivieraNights-Black.woff]
[www.rolls-roycemotorcars.com/etc.clientlibs/rrmc/clientlibs/clientlib-components/resources/fonts/riviera-nights/RivieraNights-Black/RivieraNights-Blackd41d.eot]
[www.rolls-roycemotorcars.com/etc.clientlibs/rrmc/clientlibs/clientlib-components/resources/fonts/riviera-nights/RivieraNights-Black/RivieraNights-Black.otf]
[www.rolls-roycemotorcars.com/etc.clientlibs/rrmc/clientlibs/clientlib-components/resources/fonts/riviera-nights/RivieraNights-Black/RivieraNights-Black.ttf]
[www.rolls-roycemotorcars.com/etc.clientlibs/rrmc/clientlibs/clientlib-components/resources/fonts/Noto-Sans-SC/NotoSansSC-Light.woff]
[www.rolls-roycemotorcars.com/etc.clientlibs/rrmc/clientlibs/clientlib-components/resources/fonts/Noto-Sans-SC/NotoSansSC-Lightd41d.eot]
[www.rolls-roycemotorcars.com/etc.clientlibs/rrmc/clientlibs/clientlib-components/resources/fonts/Noto-Sans-SC/NotoSansSC-Light.woff2]
[www.rolls-roycemotorcars.com/etc.clientlibs/rrmc/clientlibs/clientlib-components/resources/fonts/Noto-Sans-SC/NotoSansSC-Regular.woff]
[www.rolls-roycemotorcars.com/etc.clientlibs/rrmc/clientlibs/clientlib-components/resources/fonts/Noto-Sans-SC/NotoSansSC-Regulard41d.eot]
[www.rolls-roycemotorcars.com/etc.clientlibs/rrmc/clientlibs/clientlib-components/resources/fonts/Noto-Sans-SC/NotoSansSC-Regular.woff2]
[www.rolls-roycemotorcars.com/etc.clientlibs/rrmc/clientlibs/clientlib-components/resources/fonts/Noto-Sans-SC/NotoSansSC-Medium.woff]
[www.rolls-roycemotorcars.com/etc.clientlibs/rrmc/clientlibs/clientlib-components/resources/fonts/Noto-Sans-SC/NotoSansSC-Mediumd41d.eot]
[www.rolls-roycemotorcars.com/etc.clientlibs/rrmc/clientlibs/clientlib-components/resources/fonts/Noto-Sans-SC/NotoSansSC-Medium.woff2]
[www.rolls-roycemotorcars.com/etc.clientlibs/rrmc/clientlibs/clientlib-components/resources/fonts/Noto-Sans-SC/NotoSansSC-Bold.woff]
[www.rolls-roycemotorcars.com/etc.clientlibs/rrmc/clientlibs/clientlib-components/resources/fonts/Noto-Sans-SC/NotoSansSC-Boldd41d.eot]
[www.rolls-roycemotorcars.com/etc.clientlibs/rrmc/clientlibs/clientlib-components/resources/fonts/Noto-Sans-SC/NotoSansSC-Bold.woff2]
[www.rolls-roycemotorcars.com/etc.clientlibs/rrmc/clientlibs/clientlib-components/resources/fonts/Noto-Sans-SC/NotoSansSC-Black.woff]
[www.rolls-roycemotorcars.com/etc.clientlibs/rrmc/clientlibs/clientlib-components/resources/fonts/Noto-Sans-SC/NotoSansSC-Blackd41d.eot]
[www.rolls-roycemotorcars.com/etc.clientlibs/rrmc/clientlibs/clientlib-components/resources/fonts/Noto-Sans-SC/NotoSansSC-Black.woff2]
[www.rolls-roycemotorcars.com/etc.clientlibs/rrmc/clientlibs/clientlib-components/resources/fonts/Noto-Sans-KR/NotoSansKR-Thin.woff]
[www.rolls-roycemotorcars.com/etc.clientlibs/rrmc/clientlibs/clientlib-components/resources/fonts/Noto-Sans-KR/NotoSansKR-Thind41d.eot]
[www.rolls-roycemotorcars.com/etc.clientlibs/rrmc/clientlibs/clientlib-components/resources/fonts/Noto-Sans-KR/NotoSansKR-Thin.woff2]
[www.rolls-roycemotorcars.com/etc.clientlibs/rrmc/clientlibs/clientlib-components/resources/fonts/Noto-Sans-KR/NotoSansKR-Light.woff]
[www.rolls-roycemotorcars.com/etc.clientlibs/rrmc/clientlibs/clientlib-components/resources/fonts/Noto-Sans-KR/NotoSansKR-Lightd41d.eot]
[www.rolls-roycemotorcars.com/etc.clientlibs/rrmc/clientlibs/clientlib-components/resources/fonts/Noto-Sans-KR/NotoSansKR-Light.woff2]
[www.rolls-roycemotorcars.com/etc.clientlibs/rrmc/clientlibs/clientlib-components/resources/fonts/Noto-Sans-KR/NotoSansKR-Regular.woff]
[www.rolls-roycemotorcars.com/etc.clientlibs/rrmc/clientlibs/clientlib-components/resources/fonts/Noto-Sans-KR/NotoSansKR-Regulard41d.eot]
[www.rolls-roycemotorcars.com/etc.clientlibs/rrmc/clientlibs/clientlib-components/resources/fonts/Noto-Sans-KR/NotoSansKR-Regular.woff2]
[www.rolls-roycemotorcars.com/etc.clientlibs/rrmc/clientlibs/clientlib-components/resources/fonts/Noto-Sans-KR/NotoSansKR-Medium.woff]
[www.rolls-roycemotorcars.com/etc.clientlibs/rrmc/clientlibs/clientlib-components/resources/fonts/Noto-Sans-KR/NotoSansKR-Mediumd41d.eot]
[www.rolls-roycemotorcars.com/etc.clientlibs/rrmc/clientlibs/clientlib-components/resources/fonts/Noto-Sans-KR/NotoSansKR-Medium.woff2]
[www.rolls-roycemotorcars.com/etc.clientlibs/rrmc/clientlibs/clientlib-components/resources/fonts/Noto-Sans-KR/NotoSansKR-Bold.woff]
[www.rolls-roycemotorcars.com/etc.clientlibs/rrmc/clientlibs/clientlib-components/resources/fonts/Noto-Sans-KR/NotoSansKR-Boldd41d.eot]
[www.rolls-roycemotorcars.com/etc.clientlibs/rrmc/clientlibs/clientlib-components/resources/fonts/Noto-Sans-KR/NotoSansKR-Bold.woff2]
[www.rolls-roycemotorcars.com/etc.clientlibs/rrmc/clientlibs/clientlib-components/resources/fonts/Noto-Sans-KR/NotoSansKR-Black.woff]
[www.rolls-roycemotorcars.com/etc.clientlibs/rrmc/clientlibs/clientlib-components/resources/fonts/Noto-Sans-KR/NotoSansKR-Blackd41d.eot]
[www.rolls-roycemotorcars.com/etc.clientlibs/rrmc/clientlibs/clientlib-components/resources/fonts/Noto-Sans-KR/NotoSansKR-Black.woff2]
[www.rolls-roycemotorcars.com/etc.clientlibs/rrmc/clientlibs/clientlib-components/resources/fonts/Noto-Sans-JP/NotoSansJP-Thin.woff]
[www.rolls-roycemotorcars.com/etc.clientlibs/rrmc/clientlibs/clientlib-components/resources/fonts/Noto-Sans-JP/NotoSansJP-Thind41d.eot]
[www.rolls-roycemotorcars.com/etc.clientlibs/rrmc/clientlibs/clientlib-components/resources/fonts/Noto-Sans-JP/NotoSansJP-Thin.woff2]
[www.rolls-roycemotorcars.com/etc.clientlibs/rrmc/clientlibs/clientlib-components/resources/fonts/Noto-Sans-JP/NotoSansJP-Light.woff]
[www.rolls-roycemotorcars.com/etc.clientlibs/rrmc/clientlibs/clientlib-components/resources/fonts/Noto-Sans-JP/NotoSansJP-Lightd41d.eot]
[www.rolls-roycemotorcars.com/etc.clientlibs/rrmc/clientlibs/clientlib-components/resources/fonts/Noto-Sans-JP/NotoSansJP-Light.woff2]
[www.rolls-roycemotorcars.com/etc.clientlibs/rrmc/clientlibs/clientlib-components/resources/fonts/Noto-Sans-JP/NotoSansJP-Regular.woff]
[www.rolls-roycemotorcars.com/etc.clientlibs/rrmc/clientlibs/clientlib-components/resources/fonts/Noto-Sans-JP/NotoSansJP-Regulard41d.eot]
[www.rolls-roycemotorcars.com/etc.clientlibs/rrmc/clientlibs/clientlib-components/resources/fonts/Noto-Sans-JP/NotoSansJP-Regular.woff2]
[www.rolls-roycemotorcars.com/etc.clientlibs/rrmc/clientlibs/clientlib-components/resources/fonts/Noto-Sans-JP/NotoSansJP-Medium.woff]
[www.rolls-roycemotorcars.com/etc.clientlibs/rrmc/clientlibs/clientlib-components/resources/fonts/Noto-Sans-JP/NotoSansJP-Mediumd41d.eot]
[www.rolls-roycemotorcars.com/etc.clientlibs/rrmc/clientlibs/clientlib-components/resources/fonts/Noto-Sans-JP/NotoSansJP-Medium.woff2]
[www.rolls-roycemotorcars.com/etc.clientlibs/rrmc/clientlibs/clientlib-components/resources/fonts/Noto-Sans-JP/NotoSansJP-Bold.woff]
[www.rolls-roycemotorcars.com/etc.clientlibs/rrmc/clientlibs/clientlib-components/resources/fonts/Noto-Sans-JP/NotoSansJP-Boldd41d.eot]
[www.rolls-roycemotorcars.com/etc.clientlibs/rrmc/clientlibs/clientlib-components/resources/fonts/Noto-Sans-JP/NotoSansJP-Bold.woff2]
[www.rolls-roycemotorcars.com/etc.clientlibs/rrmc/clientlibs/clientlib-components/resources/fonts/Noto-Sans-JP/NotoSansJP-Black.woff]
[www.rolls-roycemotorcars.com/etc.clientlibs/rrmc/clientlibs/clientlib-components/resources/fonts/Noto-Sans-JP/NotoSansJP-Blackd41d.eot]
[www.rolls-roycemotorcars.com/etc.clientlibs/rrmc/clientlibs/clientlib-components/resources/fonts/Noto-Sans-JP/NotoSansJP-Black.woff2]
[www.rolls-roycemotorcars.com/etc.clientlibs/rrmc/clientlibs/clientlib-components/resources/fonts/Jost/Jost-Light.woff]
[www.rolls-roycemotorcars.com/etc.clientlibs/rrmc/clientlibs/clientlib-components/resources/fonts/Jost/Jost-Lightd41d.eot]
[www.rolls-roycemotorcars.com/etc.clientlibs/rrmc/clientlibs/clientlib-components/resources/fonts/Jost/Jost-Light.woff2]
[www.rolls-roycemotorcars.com/etc.clientlibs/rrmc/clientlibs/clientlib-components/resources/fonts/Jost/Jost-Regular.woff]
[www.rolls-roycemotorcars.com/etc.clientlibs/rrmc/clientlibs/clientlib-components/resources/fonts/Jost/Jost-Regulard41d.eot]
[www.rolls-roycemotorcars.com/etc.clientlibs/rrmc/clientlibs/clientlib-components/resources/fonts/Jost/Jost-Regular.woff2]
[www.rolls-roycemotorcars.com/etc.clientlibs/rrmc/clientlibs/clientlib-components/resources/fonts/Jost/Jost-Medium.woff]
[www.rolls-roycemotorcars.com/etc.clientlibs/rrmc/clientlibs/clientlib-components/resources/fonts/Jost/Jost-Mediumd41d.eot]
[www.rolls-roycemotorcars.com/etc.clientlibs/rrmc/clientlibs/clientlib-components/resources/fonts/Jost/Jost-Medium.woff2]
[www.rolls-roycemotorcars.com/etc.clientlibs/rrmc/clientlibs/clientlib-components/resources/fonts/Jost/Jost-Bold.woff]
[www.rolls-roycemotorcars.com/etc.clientlibs/rrmc/clientlibs/clientlib-components/resources/fonts/Jost/Jost-Boldd41d.eot]
[www.rolls-roycemotorcars.com/etc.clientlibs/rrmc/clientlibs/clientlib-components/resources/fonts/Jost/Jost-Bold.woff2]
[www.rolls-roycemotorcars.com/etc.clientlibs/rrmc/clientlibs/clientlib-components/resources/fonts/Jost/Jost-Black.woff]
[www.rolls-roycemotorcars.com/etc.clientlibs/rrmc/clientlibs/clientlib-components/resources/fonts/Jost/Jost-Blackd41d.eot]
[www.rolls-roycemotorcars.com/etc.clientlibs/rrmc/clientlibs/clientlib-components/resources/fonts/Jost/Jost-Black.woff2]
[www.rolls-roycemotorcars.com/etc.clientlibs/rrmc/clientlibs/clientlib-components/resources/fonts/Raleway/Raleway-Light.woff]
[www.rolls-roycemotorcars.com/etc.clientlibs/rrmc/clientlibs/clientlib-components/resources/fonts/Raleway/Raleway-Lightd41d.eot]
[www.rolls-roycemotorcars.com/etc.clientlibs/rrmc/clientlibs/clientlib-components/resources/fonts/Raleway/Raleway-Light.woff2]
[www.rolls-roycemotorcars.com/etc.clientlibs/rrmc/clientlibs/clientlib-components/resources/fonts/Raleway/Raleway-Regular.woff]
[www.rolls-roycemotorcars.com/etc.clientlibs/rrmc/clientlibs/clientlib-components/resources/fonts/Raleway/Raleway-Regulard41d.eot]
[www.rolls-roycemotorcars.com/etc.clientlibs/rrmc/clientlibs/clientlib-components/resources/fonts/Raleway/Raleway-Regular.woff2]
[www.rolls-roycemotorcars.com/etc.clientlibs/rrmc/clientlibs/clientlib-components/resources/fonts/Raleway/Raleway-Medium.woff]
[www.rolls-roycemotorcars.com/etc.clientlibs/rrmc/clientlibs/clientlib-components/resources/fonts/Raleway/Raleway-Mediumd41d.eot]
[www.rolls-roycemotorcars.com/etc.clientlibs/rrmc/clientlibs/clientlib-components/resources/fonts/Raleway/Raleway-Medium.woff2]
[www.rolls-roycemotorcars.com/etc.clientlibs/rrmc/clientlibs/clientlib-components/resources/fonts/Raleway/Raleway-Bold.woff]
[www.rolls-roycemotorcars.com/etc.clientlibs/rrmc/clientlibs/clientlib-components/resources/fonts/Raleway/Raleway-Boldd41d.eot]
[www.rolls-roycemotorcars.com/etc.clientlibs/rrmc/clientlibs/clientlib-components/resources/fonts/Raleway/Raleway-Bold.woff2]
[www.rolls-roycemotorcars.com/etc.clientlibs/rrmc/clientlibs/clientlib-components/resources/fonts/Raleway/Raleway-Black.woff]
[www.rolls-roycemotorcars.com/etc.clientlibs/rrmc/clientlibs/clientlib-components/resources/fonts/Raleway/Raleway-Blackd41d.eot]
[www.rolls-roycemotorcars.com/etc.clientlibs/rrmc/clientlibs/clientlib-components/resources/fonts/Raleway/Raleway-Black.woff2]
[www.rolls-roycemotorcars.com/etc.clientlibs/rrmc/clientlibs/clientlib-components.2318355bf37ec27aa2b7ae1d42d2a8fc.css]
[assets.adobedtm.com/717b2dc27cb7/babdcc2f0008/launch-6b20afc3e5fb.min.js]
[www.rolls-roycemotorcars.com/en_GB/ak.html]
[www.rolls-roycemotorcars.com/en_GB/ak-2.html]
[www.rolls-roycemotorcars.com/en_GB/information/pre-owned.html]
[www.rolls-roycemotorcars.com/en_GB/information/cookie-policy.html]
[www.rolls-roycemotorcars.com/en_GB/information/legal-information.html]
[www.rolls-roycemotorcars.com/en_GB/information/client-complaints-procedure.html]
[www.rolls-roycemotorcars.com/en_GB/information/eu-battery-regulation.html]
[www.rolls-roycemotorcars.com/en_GB/information/contact-rolls-royce.html]
[www.rolls-roycemotorcars.com/en_GB/information/privacy-policy.html]
[www.rolls-roycemotorcars.com/en_GB/information/careers.html]
[www.rolls-roycemotorcars.com/en_GB/information/site-map.html]
[www.rolls-roycemotorcars.com/en_GB/ownership/whispers.html]
[www.rolls-roycemotorcars.com/en_GB/information/sustainability.html]
[www.rolls-roycemotorcars.com/en_GB/showroom/spectre.html]
[www.rolls-roycemotorcars.com/en_GB/showroom/cullinan.html]
[www.rolls-roycemotorcars.com/en_GB/showroom/black-badge-cullinan.html]
[www.rolls-roycemotorcars.com/en_GB/showroom/ghost.html]
[www.rolls-roycemotorcars.com/en_GB/bespoke/discover.html]
[www.rolls-roycemotorcars.com/en_GB/inspiring-greatness.html]
[www.rolls-roycemotorcars.com/en_GB/showroom/phantom.html]
[www.rolls-roycemotorcars.com/en_GB/showroom/phantom-extended.html]
[www.rolls-roycemotorcars.com/en_GB/showroom/ghost-extended.html]
[www.rolls-roycemotorcars.com/en_GB/showroom/black-badge.html]
[www.rolls-roycemotorcars.com/en_GB/boutique.html]
[www.rolls-roycemotorcars.com/en_GB/muse.html]
[visualiser.rolls-roycemotorcars.com/web-component/model-selection/scripts.js]
[visualiser.rolls-roycemotorcars.com/web-component/model-selection/runtime.js]
[visualiser.rolls-roycemotorcars.com/web-component/model-selection/polyfills.js]
[visualiser.rolls-roycemotorcars.com/web-component/model-selection/main.js]
[www.rolls-roycemotorcars.com/en_GB/bespoke/configure-your-rolls-royce.html]
[www.rolls-roycemotorcars.com/en_GB/bespoke/coachbuild.html]
[www.rolls-roycemotorcars.com/en_GB/bespoke/inspiration.html]
[www.rolls-roycemotorcars.com/en_GB/bespoke/craft.html]
[www.rolls-roycemotorcars.com/en_GB/bespoke/objects-of-luxury.html]
[www.rolls-roycemotorcars.com/en_GB/ownership/owners-lounge.html]
[www.rolls-roycemotorcars.com/en_GB/ownership/your-motor-car.html]
[www.rolls-roycemotorcars.com/en_GB/ownership/charging.html]
[www.rolls-roycemotorcars.com/en_GB/information/contact-rolls-royce3901.html]
[www.rolls-roycemotorcars.com/en_GB/ownership/roadside-assistance.html]
[www.rolls-roycemotorcars.com/etc.clientlibs/rrmc/clientlibs/clientlib-components/resources/img/loader-light.svg]
[www.rolls-roycemotorcars.com/etc.clientlibs/rrmc/clientlibs/clientlib-components/resources/fonts/riviera-nights/RivieraNights-Ultralight/RivieraNights-Ultralight.svg]
[www.rolls-roycemotorcars.com/etc.clientlibs/rrmc/clientlibs/clientlib-components/resources/fonts/riviera-nights/RivieraNights-Ultralight/RivieraNights-Ultralight.html]
[www.rolls-roycemotorcars.com/etc.clientlibs/rrmc/clientlibs/clientlib-components/resources/fonts/riviera-nights/RivieraNights-Light/RivieraNights-Light.svg]
[www.rolls-roycemotorcars.com/etc.clientlibs/rrmc/clientlibs/clientlib-components/resources/fonts/riviera-nights/RivieraNights-Light/RivieraNights-Light.html]
[www.rolls-roycemotorcars.com/etc.clientlibs/rrmc/clientlibs/clientlib-components/resources/fonts/riviera-nights/RivieraNights-Regular/RivieraNights-Regular.svg]
[www.rolls-roycemotorcars.com/etc.clientlibs/rrmc/clientlibs/clientlib-components/resources/fonts/riviera-nights/RivieraNights-Regular/RivieraNights-Regular.html]
[www.rolls-roycemotorcars.com/etc.clientlibs/rrmc/clientlibs/clientlib-components/resources/fonts/riviera-nights/RivieraNights-Medium/RivieraNights-Medium.svg]
[www.rolls-roycemotorcars.com/etc.clientlibs/rrmc/clientlibs/clientlib-components/resources/fonts/riviera-nights/RivieraNights-Medium/RivieraNights-Medium.html]
[www.rolls-roycemotorcars.com/etc.clientlibs/rrmc/clientlibs/clientlib-components/resources/fonts/riviera-nights/RivieraNights-Bold/RivieraNights-Bold.svg]
[www.rolls-roycemotorcars.com/etc.clientlibs/rrmc/clientlibs/clientlib-components/resources/fonts/riviera-nights/RivieraNights-Bold/RivieraNights-Bold.html]
[www.rolls-roycemotorcars.com/etc.clientlibs/rrmc/clientlibs/clientlib-components/resources/fonts/riviera-nights/RivieraNights-Black/RivieraNights-Black.svg]
[www.rolls-roycemotorcars.com/etc.clientlibs/rrmc/clientlibs/clientlib-components/resources/fonts/riviera-nights/RivieraNights-Black/RivieraNights-Black.html]
[www.rolls-roycemotorcars.com/etc.clientlibs/rrmc/clientlibs/clientlib-components/resources/fonts/Noto-Sans-SC/NotoSansSC-Thin.html]
[www.rolls-roycemotorcars.com/etc.clientlibs/rrmc/clientlibs/clientlib-components/resources/fonts/Noto-Sans-SC/NotoSansSC-Thind41d.html]
[www.rolls-roycemotorcars.com/etc.clientlibs/rrmc/clientlibs/clientlib-components/resources/fonts/Noto-Sans-SC/NotoSansSC-Thin-2.html]
[www.rolls-roycemotorcars.com/etc.clientlibs/rrmc/clientlibs/clientlib-components/resources/fonts/Noto-Sans-SC/NotoSansSC-Thin-3.html]
[www.rolls-roycemotorcars.com/etc.clientlibs/rrmc/clientlibs/clientlib-components/resources/fonts/Noto-Sans-SC/NotoSansSC-Thin-4.html]
[www.rolls-roycemotorcars.com/etc.clientlibs/rrmc/clientlibs/clientlib-components/resources/fonts/Noto-Sans-SC/NotoSansSC-Thin-5.html]
[www.rolls-roycemotorcars.com/etc.clientlibs/rrmc/clientlibs/clientlib-components/resources/fonts/Noto-Sans-SC/NotoSansSC-Light.html]
[www.rolls-roycemotorcars.com/etc.clientlibs/rrmc/clientlibs/clientlib-components/resources/fonts/Noto-Sans-SC/NotoSansSC-Light.svg]
[www.rolls-roycemotorcars.com/etc.clientlibs/rrmc/clientlibs/clientlib-components/resources/fonts/Noto-Sans-SC/NotoSansSC-Light-2.html]
[www.rolls-roycemotorcars.com/etc.clientlibs/rrmc/clientlibs/clientlib-components/resources/fonts/Noto-Sans-SC/NotoSansSC-Regular.html]
[www.rolls-roycemotorcars.com/etc.clientlibs/rrmc/clientlibs/clientlib-components/resources/fonts/Noto-Sans-SC/NotoSansSC-Regular.svg]
[www.rolls-roycemotorcars.com/etc.clientlibs/rrmc/clientlibs/clientlib-components/resources/fonts/Noto-Sans-SC/NotoSansSC-Regular-2.html]
[www.rolls-roycemotorcars.com/etc.clientlibs/rrmc/clientlibs/clientlib-components/resources/fonts/Noto-Sans-SC/NotoSansSC-Medium.html]
[www.rolls-roycemotorcars.com/etc.clientlibs/rrmc/clientlibs/clientlib-components/resources/fonts/Noto-Sans-SC/NotoSansSC-Medium.svg]
[www.rolls-roycemotorcars.com/etc.clientlibs/rrmc/clientlibs/clientlib-components/resources/fonts/Noto-Sans-SC/NotoSansSC-Medium-2.html]
[www.rolls-roycemotorcars.com/etc.clientlibs/rrmc/clientlibs/clientlib-components/resources/fonts/Noto-Sans-SC/NotoSansSC-Bold.html]
[www.rolls-roycemotorcars.com/etc.clientlibs/rrmc/clientlibs/clientlib-components/resources/fonts/Noto-Sans-SC/NotoSansSC-Bold.svg]
[www.rolls-roycemotorcars.com/etc.clientlibs/rrmc/clientlibs/clientlib-components/resources/fonts/Noto-Sans-SC/NotoSansSC-Bold-2.html]
[www.rolls-roycemotorcars.com/etc.clientlibs/rrmc/clientlibs/clientlib-components/resources/fonts/Noto-Sans-SC/NotoSansSC-Black.html]
[www.rolls-roycemotorcars.com/etc.clientlibs/rrmc/clientlibs/clientlib-components/resources/fonts/Noto-Sans-SC/NotoSansSC-Black.svg]
[www.rolls-roycemotorcars.com/etc.clientlibs/rrmc/clientlibs/clientlib-components/resources/fonts/Noto-Sans-SC/NotoSansSC-Black-2.html]
[www.rolls-roycemotorcars.com/etc.clientlibs/rrmc/clientlibs/clientlib-components/resources/fonts/Noto-Sans-KR/NotoSansKR-Thin.html]
[www.rolls-roycemotorcars.com/etc.clientlibs/rrmc/clientlibs/clientlib-components/resources/fonts/Noto-Sans-KR/NotoSansKR-Thin.svg]
[www.rolls-roycemotorcars.com/etc.clientlibs/rrmc/clientlibs/clientlib-components/resources/fonts/Noto-Sans-KR/NotoSansKR-Thin-2.html]
[www.rolls-roycemotorcars.com/etc.clientlibs/rrmc/clientlibs/clientlib-components/resources/fonts/Noto-Sans-KR/NotoSansKR-Light.html]
[www.rolls-roycemotorcars.com/etc.clientlibs/rrmc/clientlibs/clientlib-components/resources/fonts/Noto-Sans-KR/NotoSansKR-Light.svg]
[www.rolls-roycemotorcars.com/etc.clientlibs/rrmc/clientlibs/clientlib-components/resources/fonts/Noto-Sans-KR/NotoSansKR-Light-2.html]
[www.rolls-roycemotorcars.com/etc.clientlibs/rrmc/clientlibs/clientlib-components/resources/fonts/Noto-Sans-KR/NotoSansKR-Regular.html]
[www.rolls-roycemotorcars.com/etc.clientlibs/rrmc/clientlibs/clientlib-components/resources/fonts/Noto-Sans-KR/NotoSansKR-Regular.svg]
[www.rolls-roycemotorcars.com/etc.clientlibs/rrmc/clientlibs/clientlib-components/resources/fonts/Noto-Sans-KR/NotoSansKR-Regular-2.html]
[www.rolls-roycemotorcars.com/etc.clientlibs/rrmc/clientlibs/clientlib-components/resources/fonts/Noto-Sans-KR/NotoSansKR-Medium.html]
[www.rolls-roycemotorcars.com/etc.clientlibs/rrmc/clientlibs/clientlib-components/resources/fonts/Noto-Sans-KR/NotoSansKR-Medium.svg]
[www.rolls-roycemotorcars.com/etc.clientlibs/rrmc/clientlibs/clientlib-components/resources/fonts/Noto-Sans-KR/NotoSansKR-Medium-2.html]
[www.rolls-roycemotorcars.com/etc.clientlibs/rrmc/clientlibs/clientlib-components/resources/fonts/Noto-Sans-KR/NotoSansKR-Bold.html]
[www.rolls-roycemotorcars.com/etc.clientlibs/rrmc/clientlibs/clientlib-components/resources/fonts/Noto-Sans-KR/NotoSansKR-Bold.svg]
[www.rolls-roycemotorcars.com/etc.clientlibs/rrmc/clientlibs/clientlib-components/resources/fonts/Noto-Sans-KR/NotoSansKR-Bold-2.html]
[www.rolls-roycemotorcars.com/etc.clientlibs/rrmc/clientlibs/clientlib-components/resources/fonts/Noto-Sans-KR/NotoSansKR-Black.html]
[www.rolls-roycemotorcars.com/etc.clientlibs/rrmc/clientlibs/clientlib-components/resources/fonts/Noto-Sans-KR/NotoSansKR-Black.svg]
[www.rolls-roycemotorcars.com/etc.clientlibs/rrmc/clientlibs/clientlib-components/resources/fonts/Noto-Sans-KR/NotoSansKR-Black-2.html]
[www.rolls-roycemotorcars.com/etc.clientlibs/rrmc/clientlibs/clientlib-components/resources/fonts/Noto-Sans-JP/NotoSansJP-Thin.html]
[www.rolls-roycemotorcars.com/etc.clientlibs/rrmc/clientlibs/clientlib-components/resources/fonts/Noto-Sans-JP/NotoSansJP-Thin.svg]
[www.rolls-roycemotorcars.com/etc.clientlibs/rrmc/clientlibs/clientlib-components/resources/fonts/Noto-Sans-JP/NotoSansJP-Thin-2.html]
[www.rolls-roycemotorcars.com/etc.clientlibs/rrmc/clientlibs/clientlib-components/resources/fonts/Noto-Sans-JP/NotoSansJP-Light.html]
[www.rolls-roycemotorcars.com/etc.clientlibs/rrmc/clientlibs/clientlib-components/resources/fonts/Noto-Sans-JP/NotoSansJP-Light.svg]
[www.rolls-roycemotorcars.com/etc.clientlibs/rrmc/clientlibs/clientlib-components/resources/fonts/Noto-Sans-JP/NotoSansJP-Light-2.html]
[www.rolls-roycemotorcars.com/etc.clientlibs/rrmc/clientlibs/clientlib-components/resources/fonts/Noto-Sans-JP/NotoSansJP-Regular.html]
[www.rolls-roycemotorcars.com/etc.clientlibs/rrmc/clientlibs/clientlib-components/resources/fonts/Noto-Sans-JP/NotoSansJP-Regular.svg]
[www.rolls-roycemotorcars.com/etc.clientlibs/rrmc/clientlibs/clientlib-components/resources/fonts/Noto-Sans-JP/NotoSansJP-Regular-2.html]
[www.rolls-roycemotorcars.com/etc.clientlibs/rrmc/clientlibs/clientlib-components/resources/fonts/Noto-Sans-JP/NotoSansJP-Medium.html]
[www.rolls-roycemotorcars.com/etc.clientlibs/rrmc/clientlibs/clientlib-components/resources/fonts/Noto-Sans-JP/NotoSansJP-Medium.svg]
[www.rolls-roycemotorcars.com/etc.clientlibs/rrmc/clientlibs/clientlib-components/resources/fonts/Noto-Sans-JP/NotoSansJP-Medium-2.html]
[www.rolls-roycemotorcars.com/etc.clientlibs/rrmc/clientlibs/clientlib-components/resources/fonts/Noto-Sans-JP/NotoSansJP-Bold.html]
[www.rolls-roycemotorcars.com/etc.clientlibs/rrmc/clientlibs/clientlib-components/resources/fonts/Noto-Sans-JP/NotoSansJP-Bold.svg]
[www.rolls-roycemotorcars.com/etc.clientlibs/rrmc/clientlibs/clientlib-components/resources/fonts/Noto-Sans-JP/NotoSansJP-Bold-2.html]
[www.rolls-roycemotorcars.com/etc.clientlibs/rrmc/clientlibs/clientlib-components/resources/fonts/Noto-Sans-JP/NotoSansJP-Black.html]
[www.rolls-roycemotorcars.com/etc.clientlibs/rrmc/clientlibs/clientlib-components/resources/fonts/Noto-Sans-JP/NotoSansJP-Black.svg]
[www.rolls-roycemotorcars.com/etc.clientlibs/rrmc/clientlibs/clientlib-components/resources/fonts/Noto-Sans-JP/NotoSansJP-Black-2.html]
[www.rolls-roycemotorcars.com/etc.clientlibs/rrmc/clientlibs/clientlib-components/resources/fonts/Jost/Jost-ExtraLight.html]
[www.rolls-roycemotorcars.com/etc.clientlibs/rrmc/clientlibs/clientlib-components/resources/fonts/Jost/Jost-ExtraLightd41d.html]
[www.rolls-roycemotorcars.com/etc.clientlibs/rrmc/clientlibs/clientlib-components/resources/fonts/Jost/Jost-ExtraLight-2.html]
[www.rolls-roycemotorcars.com/etc.clientlibs/rrmc/clientlibs/clientlib-components/resources/fonts/Jost/Jost-ExtraLight-3.html]
[www.rolls-roycemotorcars.com/etc.clientlibs/rrmc/clientlibs/clientlib-components/resources/fonts/Jost/Jost-ExtraLight-4.html]
[www.rolls-roycemotorcars.com/etc.clientlibs/rrmc/clientlibs/clientlib-components/resources/fonts/Jost/Jost-ExtraLight-5.html]
[www.rolls-roycemotorcars.com/etc.clientlibs/rrmc/clientlibs/clientlib-components/resources/fonts/Jost/Jost-Light.html]
[www.rolls-roycemotorcars.com/etc.clientlibs/rrmc/clientlibs/clientlib-components/resources/fonts/Jost/Jost-Light.svg]
[www.rolls-roycemotorcars.com/etc.clientlibs/rrmc/clientlibs/clientlib-components/resources/fonts/Jost/Jost-Light-2.html]
[www.rolls-roycemotorcars.com/etc.clientlibs/rrmc/clientlibs/clientlib-components/resources/fonts/Jost/Jost-Regular.html]
[www.rolls-roycemotorcars.com/etc.clientlibs/rrmc/clientlibs/clientlib-components/resources/fonts/Jost/Jost-Regular.svg]
[www.rolls-roycemotorcars.com/etc.clientlibs/rrmc/clientlibs/clientlib-components/resources/fonts/Jost/Jost-Regular-2.html]
[www.rolls-roycemotorcars.com/etc.clientlibs/rrmc/clientlibs/clientlib-components/resources/fonts/Jost/Jost-Medium.html]
[www.rolls-roycemotorcars.com/etc.clientlibs/rrmc/clientlibs/clientlib-components/resources/fonts/Jost/Jost-Medium.svg]
[www.rolls-roycemotorcars.com/etc.clientlibs/rrmc/clientlibs/clientlib-components/resources/fonts/Jost/Jost-Medium-2.html]
[www.rolls-roycemotorcars.com/etc.clientlibs/rrmc/clientlibs/clientlib-components/resources/fonts/Jost/Jost-Bold.html]
[www.rolls-roycemotorcars.com/etc.clientlibs/rrmc/clientlibs/clientlib-components/resources/fonts/Jost/Jost-Bold.svg]
[www.rolls-roycemotorcars.com/etc.clientlibs/rrmc/clientlibs/clientlib-components/resources/fonts/Jost/Jost-Bold-2.html]
[www.rolls-roycemotorcars.com/etc.clientlibs/rrmc/clientlibs/clientlib-components/resources/fonts/Jost/Jost-Black.html]
[www.rolls-roycemotorcars.com/etc.clientlibs/rrmc/clientlibs/clientlib-components/resources/fonts/Jost/Jost-Black.svg]
[www.rolls-roycemotorcars.com/etc.clientlibs/rrmc/clientlibs/clientlib-components/resources/fonts/Jost/Jost-Black-2.html]
[www.rolls-roycemotorcars.com/etc.clientlibs/rrmc/clientlibs/clientlib-components/resources/fonts/Raleway/Raleway-ExtraLight.html]
[www.rolls-roycemotorcars.com/etc.clientlibs/rrmc/clientlibs/clientlib-components/resources/fonts/Raleway/Raleway-ExtraLightd41d.html]
[www.rolls-roycemotorcars.com/etc.clientlibs/rrmc/clientlibs/clientlib-components/resources/fonts/Raleway/Raleway-ExtraLight-2.html]
[www.rolls-roycemotorcars.com/etc.clientlibs/rrmc/clientlibs/clientlib-components/resources/fonts/Raleway/Raleway-ExtraLight-3.html]
[www.rolls-roycemotorcars.com/etc.clientlibs/rrmc/clientlibs/clientlib-components/resources/fonts/Raleway/Raleway-ExtraLight-4.html]
[www.rolls-roycemotorcars.com/etc.clientlibs/rrmc/clientlibs/clientlib-components/resources/fonts/Raleway/Raleway-ExtraLight-5.html]
[www.rolls-roycemotorcars.com/etc.clientlibs/rrmc/clientlibs/clientlib-components/resources/fonts/Raleway/Raleway-Light.html]
[www.rolls-roycemotorcars.com/etc.clientlibs/rrmc/clientlibs/clientlib-components/resources/fonts/Raleway/Raleway-Light.svg]
[www.rolls-roycemotorcars.com/etc.clientlibs/rrmc/clientlibs/clientlib-components/resources/fonts/Raleway/Raleway-Light-2.html]
[www.rolls-roycemotorcars.com/etc.clientlibs/rrmc/clientlibs/clientlib-components/resources/fonts/Raleway/Raleway-Regular.html]
[www.rolls-roycemotorcars.com/etc.clientlibs/rrmc/clientlibs/clientlib-components/resources/fonts/Raleway/Raleway-Regular.svg]
[www.rolls-roycemotorcars.com/etc.clientlibs/rrmc/clientlibs/clientlib-components/resources/fonts/Raleway/Raleway-Regular-2.html]
[www.rolls-roycemotorcars.com/etc.clientlibs/rrmc/clientlibs/clientlib-components/resources/fonts/Raleway/Raleway-Medium.html]
[www.rolls-roycemotorcars.com/etc.clientlibs/rrmc/clientlibs/clientlib-components/resources/fonts/Raleway/Raleway-Medium.svg]
[www.rolls-roycemotorcars.com/etc.clientlibs/rrmc/clientlibs/clientlib-components/resources/fonts/Raleway/Raleway-Medium-2.html]
[www.rolls-roycemotorcars.com/etc.clientlibs/rrmc/clientlibs/clientlib-components/resources/fonts/Raleway/Raleway-Bold.html]
[www.rolls-roycemotorcars.com/etc.clientlibs/rrmc/clientlibs/clientlib-components/resources/fonts/Raleway/Raleway-Bold.svg]
[www.rolls-roycemotorcars.com/etc.clientlibs/rrmc/clientlibs/clientlib-components/resources/fonts/Raleway/Raleway-Bold-2.html]
[www.rolls-roycemotorcars.com/etc.clientlibs/rrmc/clientlibs/clientlib-components/resources/fonts/Raleway/Raleway-Black.html]
[www.rolls-roycemotorcars.com/etc.clientlibs/rrmc/clientlibs/clientlib-components/resources/fonts/Raleway/Raleway-Black.svg]
[www.rolls-roycemotorcars.com/etc.clientlibs/rrmc/clientlibs/clientlib-components/resources/fonts/Raleway/Raleway-Black-2.html]
[www.rolls-roycemotorcars.com/en_GB/location.html]
[www.rolls-roycemotorcars.com/en_GB/Util.html]
[www.rolls-roycemotorcars.com/en_GB/Promises.html]
[www.rolls-roycemotorcars.com/en_GB/DebugSupport.html]
[www.rolls-roycemotorcars.com/en_GB/Session.html]
[www.rolls-roycemotorcars.com/en_GB/Condition.html]
[www.rolls-roycemotorcars.com/en_GB/BounceTimer.html]
[www.rolls-roycemotorcars.com/en_GB/PIIFilter.html]
[www.rolls-roycemotorcars.com/en_GB/DataLayerMapper.html]
[www.rolls-roycemotorcars.com/en_GB/Performance.html]
[www.rolls-roycemotorcars.com/en_GB/LogDescriptor.html]
[www.rolls-roycemotorcars.com/en_GB/ExtEvntData.html]
[www.rolls-roycemotorcars.com/en_GB/CookieSupport.html]
[www.rolls-roycemotorcars.com/en_GB/SmartPreviousValueManager.html]
[www.rolls-roycemotorcars.com/en_GB/SandboxOnly.html]
[www.rolls-roycemotorcars.com/en_GB/ActivityMapSupport.html]
[www.rolls-roycemotorcars.com/en_GB/Cache.html]
[www.rolls-roycemotorcars.com/en_GB/Trident/index.html]
[www.rolls-roycemotorcars.com/en_GB/get.html]
[www.rolls-roycemotorcars.com/en_GB/index.html]
[www.rolls-roycemotorcars.com/en_GB/information/ak.html]
[www.rolls-roycemotorcars.com/en_GB/information/ak-2.html]
[www.rolls-roycemotorcars.com/en_GB/information/pre-owned7cd1.html]
[www.rolls-roycemotorcars.com/en_GB/information/fb-dat-wltp.html]
[www.rolls-roycemotorcars.com/en_GB/information/compliance.html]
[www.rolls-roycemotorcars.com/en_GB/information/nft_termsandconditions.html]
[www.rolls-roycemotorcars.com/en_GB/ownership/technology-and-car-data.html]
[www.rolls-roycemotorcars.com/en_GB/showroom/spectre-in-detail.html]
[www.rolls-roycemotorcars.com/en_GB/showroom/spectre-in-motion.html]
[www.rolls-roycemotorcars.com/en_GB/showroom/spectre-commission.html]
[www.rolls-roycemotorcars.com/en_GB/showroom/phantom-in-detail.html]
[visualiser-int.rolls-roycemotorcars.com/web-component/model-selection/scripts.js]
[www.rolls-roycemotorcars.com/en_GB/showroom/phantom-commission.html]
[www.rolls-roycemotorcars.com/en_GB/showroom/phantom-extended-in-detail.html]
[www.rolls-roycemotorcars.com/en_GB/showroom/phantom-extended-commission.html]
[www.rolls-roycemotorcars.com/en_GB/showroom/ghost-in-detail.html]
[www.rolls-roycemotorcars.com/en_GB/showroom/ghost-prism.html]
[www.rolls-roycemotorcars.com/en_GB/showroom/ghost-commission.html]
[www.rolls-roycemotorcars.com/en_GB/showroom/ghost-extended-in-detail.html]
[www.rolls-roycemotorcars.com/en_GB/showroom/ghost-extended-commission.html]
[www.rolls-roycemotorcars.com/en_GB/showroom/cullinan-in-detail.html]
[www.rolls-roycemotorcars.com/en_GB/showroom/cullinan-commission.html]
[www.rolls-roycemotorcars.com/en_GB/showroom/black-badge-ghost.html]
[www.rolls-roycemotorcars.com/en_GB/showroom/black-badge-commission.html]
[www.rolls-roycemotorcars.com/en_GB/inspiring-greatness/vision/103ex.html]
[www.rolls-roycemotorcars.com/en_GB/inspiring-greatness/vision/experimental-history.html]
[www.rolls-roycemotorcars.com/en_GB/inspiring-greatness/vision.html]
[www.rolls-roycemotorcars.com/en_GB/inspiring-greatness/values.html]
[www.rolls-roycemotorcars.com/en_GB/inspiring-greatness/experience.html]
[www.rolls-roycemotorcars.com/en_GB/inspiring-greatness/visionaries.html]
[www.rolls-roycemotorcars.com/en_GB/inspiring-greatness/objects.html]
[www.rolls-roycemotorcars.com/en_GB/inspiring-greatness/vision/introducing-black-badge-cullinan.html]
[www.rolls-roycemotorcars.com/en_GB/inspiring-greatness/values/the-spirit-of-ecstasy.html]
[www.rolls-roycemotorcars.com/en_GB/inspiring-greatness/values/goodwood.html]
[www.rolls-roycemotorcars.com/en_GB/inspiring-greatness/values/a-vision-beyond-time.html]
[www.rolls-roycemotorcars.com/en_GB/inspiring-greatness/values/the-lexicon-of-rolls-royce.html]
[www.rolls-roycemotorcars.com/en_GB/inspiring-greatness/values/how-rolls-met-royce.html]
[www.rolls-roycemotorcars.com/en_GB/inspiring-greatness/values/a-greener-goodwood.html]
[www.rolls-roycemotorcars.com/en_GB/inspiring-greatness/values/masterpieces-in-miniature.html]
[www.rolls-roycemotorcars.com/en_GB/inspiring-greatness/values/inspiring-greatness-series.html]
[www.rolls-roycemotorcars.com/en_GB/inspiring-greatness/experience/goodwood-revival.html]
[www.rolls-roycemotorcars.com/en_GB/inspiring-greatness/experience/a-private-privilege.html]
[www.rolls-roycemotorcars.com/en_GB/inspiring-greatness/experience/in-the-artists-studio.html]
[www.rolls-roycemotorcars.com/en_GB/inspiring-greatness/experience/dine-on-the-line.html]
[www.rolls-roycemotorcars.com/en_GB/inspiring-greatness/experience/festival-of-speed.html]
[www.rolls-roycemotorcars.com/en_GB/inspiring-greatness/visionaries/ak.2de.delayed]
[www.rolls-roycemotorcars.com/en_GB/inspiring-greatness/visionaries/serenitys-textile-maven.html]
[www.rolls-roycemotorcars.com/en_GB/inspiring-greatness/visionaries/forge-yellow.html]
[www.rolls-roycemotorcars.com/en_GB/inspiring-greatness/visionaries/the-making-of-boat-tail.html]
[www.rolls-roycemotorcars.com/en_GB/inspiring-greatness/objects/cocktail-hamper.html]
[www.rolls-roycemotorcars.com/en_GB/inspiring-greatness/objects/dawn-aero-cowling.html]
[www.rolls-roycemotorcars.com/en_GB/inspiring-greatness/objects/arrive-in-style-icon-luggage-collection.html]
[www.rolls-roycemotorcars.com/en_GB/inspiring-greatness/objects/picnic-hamper.html]
[www.rolls-roycemotorcars.com/en_GB/inspiring-greatness/objects/under-the-stars.html]
[www.rolls-roycemotorcars.com/en_GB/inspiring-greatness/objects/celestial-craftsmanship.html]
[www.rolls-roycemotorcars.com/en_GB/inspiring-greatness/objects/the-ultimate-accessory.html]
[www.rolls-roycemotorcars.com/en_GB/inspiring-greatness/objects/phantom-gallery.html]
[www.rolls-roycemotorcars.com/en_GB/inspiring-greatness/objects/champagne-chest.html]
[www.rolls-roycemotorcars.com/en_GB/inspiring-greatness/objects/bespoke-craft-technical-weave.html]
[www.rolls-roycemotorcars.com/en_GB/inspiring-greatness/objects/bespoke-craft-leather.html]
[www.rolls-roycemotorcars.com/en_GB/inspiring-greatness/objects/phantom-tempus-champagne-chest.html]
[www.rolls-roycemotorcars.com/en_GB/inspiring-greatness/objects/bespoke-craft-starlight-headliner.html]
[www.rolls-roycemotorcars.com/en_GB/inspiring-greatness/objects/cellarette.html]
[www.rolls-roycemotorcars.com/en_GB/muse/the-dream-commission.html]
[www.rolls-roycemotorcars.com/en_GB/muse/the-dream-commission/winners-preview.html]
[www.rolls-roycemotorcars.com/en_GB/muse/the-dream-commission/history-of-moving-image-art.html]
[www.rolls-roycemotorcars.com/en_GB/muse/the-dream-commission/history-of-moving-image-art-part-two.html]
[www.rolls-roycemotorcars.com/en_GB/muse/the-dream-commission/winners-dream-commission.html]
[www.rolls-roycemotorcars.com/en_GB/muse/the-dream-commission/winners-dream-commission-life-in-dreams.html]
[www.rolls-roycemotorcars.com/en_GB/muse/the-dream-commission/looking-ahead-to-a-year-of-moving-image-art.html]
[www.rolls-roycemotorcars.com/en_GB/muse/the-dream-commission/muse-a-year-in-moving-image.html]
[www.rolls-roycemotorcars.com/en_GB/muse/the-dream-commission/dream-commission.html]
[www.rolls-roycemotorcars.com/en_GB/muse/the-dream-commission/dream-commission-shortlist.html]
[www.rolls-roycemotorcars.com/en_GB/muse/the-dream-commission/the-dream-commission-martine-syms.html]
[www.rolls-roycemotorcars.com/en_GB/muse/the-dream-commission/the-dream-commission-beatriz-santiago-munoz.html]
[www.rolls-roycemotorcars.com/en_GB/muse/the-dream-commission/the-dream-commission-sondra-perry.html]
[www.rolls-roycemotorcars.com/en_GB/muse/the-dream-commission/the-dream-commission-zhou-tao.html]
[www.rolls-roycemotorcars.com/en_GB/muse/the-dream-commission/pioneering-commissions.html]
[www.rolls-roycemotorcars.com/en_GB/muse/the-dream-commission/year-in-moving-image-art.html]
[www.rolls-roycemotorcars.com/en_GB/muse/the-dream-commission/year-ahead-in-moving-image-art.html]
[www.rolls-roycemotorcars.com/en_GB/muse/the-dream-commission/the-inaugural-dream-commission.html]
[www.rolls-roycemotorcars.com/en_GB/muse/the-dream-commission/Dream-Commission-in-Venice.html]
[www.rolls-roycemotorcars.com/en_GB/muse/spirit-of-ecstasy-challenge.html]
[www.rolls-roycemotorcars.com/en_GB/muse/spirit-of-ecstasy-challenge/moved-by-the-spirit.html]
[www.rolls-roycemotorcars.com/en_GB/muse/spirit-of-ecstasy-challenge/reimagining-an-icon.html]
[www.rolls-roycemotorcars.com/en_GB/muse/spirit-of-ecstasy-challenge/winners-announced.html]
[www.rolls-roycemotorcars.com/en_GB/muse/spirit-of-ecstasy-challenge/spirit-of-ecstasy-winner-scarlett-yang.html]
[www.rolls-roycemotorcars.com/en_GB/muse/spirit-of-ecstasy-challenge/spirit-of-ecstasy-winner-ghizlane-sahli.html]
[www.rolls-roycemotorcars.com/en_GB/muse/spirit-of-ecstasy-challenge/spirit-of-ecstasy-winner-bi-rongrong.html]
[www.rolls-roycemotorcars.com/en_GB/muse/spirit-of-ecstasy-challenge/pushing-the-boundaries-of-textiles.html]
[www.rolls-roycemotorcars.com/en_GB/muse/spirit-of-ecstasy-challenge/bi-rongrong-stitched-urban-skin.html]
[www.rolls-roycemotorcars.com/en_GB/muse/spirit-of-ecstasy-challenge/ghizlane-sahli-nissas-rina.html]
[www.rolls-roycemotorcars.com/en_GB/muse/spirit-of-ecstasy-challenge/scarlett-yang-transient-materiality.html]
[www.rolls-roycemotorcars.com/en_GB/muse/spirit-of-ecstasy-challenge/spirit-of-ecstasy-challenge-exhibition7cd1.html]
[www.rolls-roycemotorcars.com/en_GB/muse/spirit-of-ecstasy-challenge/spirit-of-ecstasy-challenge-exhibition.html]
[www.rolls-roycemotorcars.com/en_GB/muse/muse-stories/ak.m]
[www.rolls-roycemotorcars.com/en_GB/muse/muse-stories/ak.382.delayed]
[www.rolls-roycemotorcars.com/en_GB/muse/muse-stories/muse-the-rolls-royce-arts-programme.html]
[www.rolls-roycemotorcars.com/en_GB/muse/muse-stories/dan-holdsworth.html]
[www.rolls-roycemotorcars.com/en_GB/muse/muse-stories/inspiring-minds.html]
[www.rolls-roycemotorcars.com/en_GB/muse/muse-stories/commissions.html]
[www.rolls-roycemotorcars.com/en_GB/muse/muse-stories/stones-against-diamonds.html]
[www.rolls-roycemotorcars.com/en_GB/muse/muse-stories/art-of-perfection.html]
[www.rolls-roycemotorcars.com/en_GB/muse/muse-stories.html]
[www.rolls-roycemotorcars.com/en_GB/muse/muse-stories/cao-fei-blueprints.html]
[www.rolls-roycemotorcars.com/en_GB/muse/muse-stories/collecting-and-curating-media-art.html]
[www.rolls-roycemotorcars.com/en_GB/muse/muse-stories/art-of-perfection7cd1.html]
[www.rolls-roycemotorcars.com/en_GB/muse/muse-stories/art-in-360.html]
[www.rolls-roycemotorcars.com/en_GB/muse/muse-stories/generation-next.html]
[www.rolls-roycemotorcars.com/en_GB/muse/muse-stories/in-conversation-pamela-kramlich.html]
[www.rolls-roycemotorcars.com/en_GB/muse/muse-stories/the-art-of-collecting.html]
[www.rolls-roycemotorcars.com/en_GB/muse/muse-stories/dominique-gonzalez-foerster-alienarium-5.html]
[www.rolls-roycemotorcars.com/en_GB/muse/muse-stories/jane-suitor-the-art-of-collecting.html]
[www.rolls-roycemotorcars.com/en_GB/muse/muse-stories/2022-a-year-of-muse.html]
[www.rolls-roycemotorcars.com/en_GB/muse/muse-stories/art-in-3607cd1.html]
[www.rolls-roycemotorcars.com/en_GB/bespoke/collection-cars/ak.3b5.delayed]
[www.rolls-roycemotorcars.com/en_GB/bespoke/collection-cars/ak.3b6.delayed]
[www.rolls-roycemotorcars.com/en_GB/bespoke/collection-cars/dawn-silver-bullet7cd1.html]
[www.rolls-roycemotorcars.com/en_GB/bespoke/collection-cars/dawn-silver-bullet.html]
[www.rolls-roycemotorcars.com/en_GB/bespoke/collection-cars/black-badge-cullinan-capella.html]
[www.rolls-roycemotorcars.com/en_GB/bespoke/collection-cars/black-badge-wraith-inception.html]
[www.rolls-roycemotorcars.com/en_GB/bespoke/collection-cars/wraith-kryptos-collection.html]
[www.rolls-roycemotorcars.com/en_GB/bespoke/collection-cars/phantom-syntopia.html]
[www.rolls-roycemotorcars.com/en_GB/bespoke/collection-cars/wraith-black-arrow.html]
[www.rolls-roycemotorcars.com/en_GB/bespoke/collection-cars/black-badge-neon-nights.html]
[www.rolls-roycemotorcars.com/en_GB/bespoke/collection-cars/phantom-tempus/phantom-tempus-dimension.html]
[www.rolls-roycemotorcars.com/en_GB/bespoke/collection-cars/phantom-tempus.html]
[www.rolls-roycemotorcars.com/en_GB/bespoke/collection-cars/phantom-oribe.html]
[www.rolls-roycemotorcars.com/en_GB/bespoke/collection-cars/black-badge-landspeed-collection.html]
[www.rolls-roycemotorcars.com/en_GB/bespoke/coachbuild/ak.m]
[www.rolls-roycemotorcars.com/en_GB/bespoke/coachbuild/ak.3d8.delayed]
[www.rolls-roycemotorcars.com/en_GB/bespoke/coachbuild/arcadia-droptail.html]
[www.rolls-roycemotorcars.com/en_GB/bespoke/coachbuild/amethyst-droptail.html]
[www.rolls-roycemotorcars.com/en_GB/bespoke/coachbuild/la-rose-noire-droptail.html]
[www.rolls-roycemotorcars.com/en_GB/bespoke/coachbuild.html/ak.html]
[www.rolls-roycemotorcars.com/en_GB/bespoke/coachbuild.html/coachbuild-boat-tailhtml.html]
[www.rolls-roycemotorcars.com/en_GB/bespoke/coachbuild/boat-tail-the-next-chapter.html]
[www.rolls-roycemotorcars.com/en_GB/bespoke/coachbuild/coachbuild-sweptail.html]
[www.rolls-roycemotorcars.com/en_GB/bespoke/coachbuild.html/ak-2.html]
[www.rolls-roycemotorcars.com/en_GB/bespoke/private-collection-cars/ak.3ee.delayed]
[www.rolls-roycemotorcars.com/en_GB/bespoke/private-collection-cars/ak.3ef.delayed]
[www.rolls-roycemotorcars.com/en_GB/bespoke/private-collection-cars/black-badge-ghost-ekleipsis.html]
[www.rolls-roycemotorcars.com/en_GB/bespoke/private-collection-cars/black-badge-cullinan-blue-shadow.html]
[www.rolls-roycemotorcars.com/en_GB/dealers.html]
[www.rolls-roycemotorcars.com/en_GB/information/reach-campaign.html]
[www.rolls-roycemotorcars.com/en_GB/bespoke/private-collection-cars/black-badge-cullinan-blue-shadow7cd1.html]
[www.rolls-roycemotorcars.com/en_GB/dealers/ak.3fd.delayed]
[www.rolls-roycemotorcars.com/en_GB/dealers/ak.t]
[www.rolls-roycemotorcars.com/en_GB/dealers/site-map.html]
[www.rolls-roycemotorcars.com/en_GB/ownership/ak.html]
[www.rolls-roycemotorcars.com/en_GB/ownership/ak-2.html]
[www.rolls-roycemotorcars.com/en_GB/showroom/black-badge-spectre.html]
[www.rolls-roycemotorcars.com/en_GB/showroom/ak.html]
[www.rolls-roycemotorcars.com/en_GB/showroom/ak-2.html]
[www.rolls-roycemotorcars.com/en_GB/bespoke/configure-your-rolls-royce7b03.html]
[www.rolls-roycemotorcars.com/en_GB/showroom/spectre7cd1.html]
[www.rolls-roycemotorcars.com/en_GB/bespoke/ak.html]
[www.rolls-roycemotorcars.com/en_GB/bespoke/ak-2.html]
[www.rolls-roycemotorcars.com/en_GB/bespoke/coachbuild/coachbuild-boat-tail.html]
[www.rolls-roycemotorcars.com/en_GB/bespoke/private-collection-cars/phantom-centenary.html]
[www.rolls-roycemotorcars.com/en_GB/bespoke/private-collection-cars/phantom-scintilla.html]
[www.rolls-roycemotorcars.com/en_GB/bespoke/spectre-primavera.html]
[www.rolls-roycemotorcars.com/en_GB/boutique/all-accessories/ak.417.delayed]
[www.rolls-roycemotorcars.com/en_GB/boutique/all-accessories/ak.418.delayed]
[www.rolls-roycemotorcars.com/en_GB/boutique/all-accessories/rolls-royce-umbrellas.html]
[www.rolls-roycemotorcars.com/en_GB/boutique/all-accessories/icon-luggage-collection.html]
[www.rolls-roycemotorcars.com/en_GB/boutique/all-accessories/kinetic-luggage-collection.html]
[www.rolls-roycemotorcars.com/en_GB/boutique/all-accessories/infinity-stylus.html]
[www.rolls-roycemotorcars.com/en_GB/boutique/ak.425.delayed]
[www.rolls-roycemotorcars.com/en_GB/boutique/ak.426.delayed]
[www.rolls-roycemotorcars.com/en_GB/boutique/all-accessories/coloured-starlight-headliner.html]
[www.rolls-roycemotorcars.com/en_GB/boutique/all-accessories/rolls-royce-amphitheatre.html]
[www.rolls-roycemotorcars.com/en_GB/boutique/all-accessories/starlight-doors.html]
[www.rolls-roycemotorcars.com/en_GB/boutique/all-accessories/coloured-interior-brightwork.html]
[www.rolls-roycemotorcars.com/en_GB/boutique/all-accessories/all-weather-luggage-compartment-mat.html]
[www.rolls-roycemotorcars.com/en_GB/boutique/all-accessories/carbon-treadplates.html]
[www.rolls-roycemotorcars.com/en_GB/boutique/all-accessories/illuminated-treadplates.html]
[www.rolls-roycemotorcars.com/en_GB/boutique/all-accessories/personalised-treadplates.html]
[www.rolls-roycemotorcars.com/en_GB/boutique/all-accessories/polished-steel-treadplates.html]
[www.rolls-roycemotorcars.com/en_GB/boutique/all-accessories/thick-rimmed-two-tone-steering-wheel.html]
[www.rolls-roycemotorcars.com/en_GB/boutique/all-accessories/ghost-personalised-headrest-comfort-cushions.html]
[www.rolls-roycemotorcars.com/en_GB/boutique/all-accessories/humidor-in-glove-box.html]
[www.rolls-roycemotorcars.com/en_GB/boutique/all-accessories/personalised-text-headrest.html]
[www.rolls-roycemotorcars.com/en_GB/boutique/all-accessories/rolls-royce-monogram-embroidered-headrests.html]
[www.rolls-roycemotorcars.com/en_GB/boutique/all-accessories/coloured-steering-wheel.html]
[www.rolls-roycemotorcars.com/en_GB/boutique/all-accessories/embroidered-glove-box-lid.html]
[www.rolls-roycemotorcars.com/en_GB/boutique/all-accessories/personalised-cushions.html]
[www.rolls-roycemotorcars.com/en_GB/boutique/all-accessories/all-weather-floormats.html]
[www.rolls-roycemotorcars.com/en_GB/boutique/all-accessories/lambswool-floormats.html]
[www.rolls-roycemotorcars.com/en_GB/boutique/all-accessories/sisal-floormats.html]
[www.rolls-roycemotorcars.com/en_GB/boutique/all-accessories/tufted-floormats.html]
[www.rolls-roycemotorcars.com/en_GB/boutique/all-accessories/canadel-wood-paneling-and-canadel-panelling-to-fascia.html]
[www.rolls-roycemotorcars.com/en_GB/boutique/all-accessories/picnic-tables.html]
[www.rolls-roycemotorcars.com/en_GB/boutique/all-accessories/boot-apron.html]
[www.rolls-roycemotorcars.com/en_GB/boutique/all-accessories/enhanced-clocks-retrofit.html]
[www.rolls-roycemotorcars.com/en_GB/boutique/all-accessories/rear-curtain-kit.html]
[www.rolls-roycemotorcars.com/en_GB/boutique/all-accessories/coolbox-for-individual-seats.html]
[www.rolls-roycemotorcars.com/en_GB/boutique/all-accessories/coolbox.html]
[www.rolls-roycemotorcars.com/en_GB/boutique/all-accessories/ghost-rear-entertainment-remote.html]
[www.rolls-roycemotorcars.com/en_GB/boutique/all-accessories/milled-aluminium-drinks-holder.html]
[www.rolls-roycemotorcars.com/en_GB/boutique/all-accessories/thicker-steering-wheel.html]
[www.rolls-roycemotorcars.com/en_GB/boutique/all-accessories/universal-remote-control.html]
[www.rolls-roycemotorcars.com/en_GB/boutique/all-accessories/wireless-car-hotspot.html]
[www.rolls-roycemotorcars.com/en_GB/boutique/interior-accessories.html]
[www.rolls-roycemotorcars.com/en_GB/boutique/all-accessories/black-door-handles.html]
[www.rolls-roycemotorcars.com/en_GB/boutique/all-accessories/extended-grille-surround.html]
[www.rolls-roycemotorcars.com/en_GB/boutique/all-accessories/painted-brake-calipers.html]
[www.rolls-roycemotorcars.com/en_GB/boutique/all-accessories/personalised-key-backs.html]
[www.rolls-roycemotorcars.com/en_GB/boutique/all-accessories/spirit-of-ecstasy-carbon-fibre.html]
[www.rolls-roycemotorcars.com/en_GB/boutique/all-accessories/spirit-of-ecstasy-gold.html]
[www.rolls-roycemotorcars.com/en_GB/boutique/all-accessories/spirit-of-ecstasy-illuminated.html]
[www.rolls-roycemotorcars.com/en_GB/boutique/all-accessories/spirit-of-ecstasy-rose-gold.html]
[www.rolls-roycemotorcars.com/en_GB/boutique/all-accessories/spirit-of-ecstasy-solid-silver.html]
[www.rolls-roycemotorcars.com/en_GB/boutique/all-accessories/spirit-of-ecstasy-titanium.html]
[www.rolls-roycemotorcars.com/en_GB/boutique/all-accessories/spirit-of-ecstasy-uplit.html]
[www.rolls-roycemotorcars.com/en_GB/boutique/all-accessories/coloured-brake-calipers.html]
[www.rolls-roycemotorcars.com/en_GB/boutique/all-accessories/exterior-black-detailing-pack.html]
[www.rolls-roycemotorcars.com/en_GB/boutique/all-accessories/front-bumper-aero-inserts.html]
[www.rolls-roycemotorcars.com/en_GB/boutique/all-accessories/metal-fuel-filler-cap.html]
[www.rolls-roycemotorcars.com/en_GB/boutique/all-accessories/illuminated-grille.html]
[www.rolls-roycemotorcars.com/en_GB/boutique/all-accessories/leather-key-wraps.html]
[www.rolls-roycemotorcars.com/en_GB/boutique/all-accessories/snow-chains.html]
[www.rolls-roycemotorcars.com/en_GB/boutique/all-accessories/winter-wheels-and-tyres.html]
[www.rolls-roycemotorcars.com/en_GB/boutique/all-accessories/brushed-steel-package.html]
[www.rolls-roycemotorcars.com/en_GB/boutique/all-accessories/cullinan-black-badge-retrofit-tow-hitch.html]
[www.rolls-roycemotorcars.com/en_GB/boutique/all-accessories/silver-satin-kit.html]
[www.rolls-roycemotorcars.com/en_GB/boutique/all-accessories/teak-decking.html]
[www.rolls-roycemotorcars.com/en_GB/boutique/all-accessories/restyled-mirror-kit.html]
[www.rolls-roycemotorcars.com/en_GB/boutique/all-accessories/visible-exhaust.html]
[www.rolls-roycemotorcars.com/en_GB/boutique/all-accessories/cullinan-bumper-inserts.html]
[www.rolls-roycemotorcars.com/en_GB/boutique/all-accessories/20-style-274-alloy-wheels.html]
[www.rolls-roycemotorcars.com/en_GB/boutique/all-accessories/20-style-420-alloy-wheels.html]
[www.rolls-roycemotorcars.com/en_GB/boutique/all-accessories/20-style-462-alloy-wheels.html]
[www.rolls-roycemotorcars.com/en_GB/boutique/all-accessories/21-style-173-alloy-wheels.html]
[www.rolls-roycemotorcars.com/en_GB/boutique/all-accessories/21-style-267-alloy-wheels.html]
[www.rolls-roycemotorcars.com/en_GB/boutique/all-accessories/21-style-289-alloy-wheels.html]
[www.rolls-roycemotorcars.com/en_GB/boutique/all-accessories/21-style-422-alloy-wheels.html]
[www.rolls-roycemotorcars.com/en_GB/boutique/all-accessories/21-style-471-alloy-wheels.html]
[www.rolls-roycemotorcars.com/en_GB/boutique/all-accessories/21-style-593-alloy-wheels.html]
[www.rolls-roycemotorcars.com/en_GB/boutique/all-accessories/21-style-602-alloy-wheels.html]
[www.rolls-roycemotorcars.com/en_GB/boutique/all-accessories/21-style-603-alloy-wheels.html]
[www.rolls-roycemotorcars.com/en_GB/boutique/all-accessories/21-style-615-alloy-wheels.html]
[www.rolls-roycemotorcars.com/en_GB/boutique/all-accessories/21-style-653-alloy-wheels.html]
[www.rolls-roycemotorcars.com/en_GB/boutique/all-accessories/21-style-670-alloy-wheels.html]
[www.rolls-roycemotorcars.com/en_GB/boutique/all-accessories/21-style-677-alloy-wheels.html]
[www.rolls-roycemotorcars.com/en_GB/boutique/all-accessories/21-style-678-alloy-wheels.html]
[www.rolls-roycemotorcars.com/en_GB/boutique/all-accessories/21-style-709-alloy-wheels.html]
[www.rolls-roycemotorcars.com/en_GB/boutique/all-accessories/21-style-710-alloy-wheels.html]
[www.rolls-roycemotorcars.com/en_GB/boutique/all-accessories/22-style-679-alloy-wheels.html]
[www.rolls-roycemotorcars.com/en_GB/boutique/all-accessories/22-style-712-alloy-wheels.html]
[www.rolls-roycemotorcars.com/en_GB/boutique/all-accessories/22-style-713-alloy-wheels.html]
[www.rolls-roycemotorcars.com/en_GB/boutique/all-accessories/22-style-714-alloy-wheels.html]
[www.rolls-roycemotorcars.com/en_GB/boutique/all-accessories/22-style-723-alloy-wheels.html]
[www.rolls-roycemotorcars.com/en_GB/boutique/all-accessories/22-style-767-alloy-wheels.html]
[www.rolls-roycemotorcars.com/en_GB/boutique/all-accessories/ghost-and-ghost-extended-pinstripe-tyres.html]
[www.rolls-roycemotorcars.com/en_GB/boutique/all-accessories/ghost-tri-colour-wheels.html]
[www.rolls-roycemotorcars.com/en_GB/boutique/all-accessories/number-plate-surround.html]
[www.rolls-roycemotorcars.com/en_GB/boutique/all-accessories/phantom-&-phantom-extended-style-924-dynamic-alloy-wheel.html]
[www.rolls-roycemotorcars.com/en_GB/boutique/all-accessories/phantom-and-phantom-extended-disc-alloy-wheel-style-847.html]
[www.rolls-roycemotorcars.com/en_GB/boutique/exterior-accessories.html]
[www.rolls-roycemotorcars.com/en_GB/boutique/all-accessories/spectre-printed-indoor-car-cover.html]
[www.rolls-roycemotorcars.com/en_GB/boutique/all-accessories/outdoor-car-cover.html]
[www.rolls-roycemotorcars.com/en_GB/boutique/all-accessories/rolls-royce-guardian.html]
[www.rolls-roycemotorcars.com/en_GB/boutique/all-accessories/sunshade.html]
[www.rolls-roycemotorcars.com/en_GB/boutique/all-accessories/tailored-indoor-car-covers.html]
[www.rolls-roycemotorcars.com/en_GB/boutique/all-accessories/battery-conditioner.html]
[www.rolls-roycemotorcars.com/en_GB/boutique/all-accessories/swissvax-car-care-kit.html]
[www.rolls-roycemotorcars.com/en_GB/boutique/all-accessories/unique-cleaning-products-for-phantom-drophead-coupe.html]
[www.rolls-roycemotorcars.com/en_GB/boutique/all-accessories/fire-extinguisher.html]
[www.rolls-roycemotorcars.com/en_GB/boutique/car-care-accessories.html]
[www.rolls-roycemotorcars.com/en_GB/boutique/all-accessories/black-badge-ball-point-pen.html]
[www.rolls-roycemotorcars.com/en_GB/boutique/all-accessories/black-badge-cameo.html]
[www.rolls-roycemotorcars.com/en_GB/boutique/all-accessories/black-badge-spectre-replica-model-car-1-18.html]
[www.rolls-roycemotorcars.com/en_GB/boutique/all-accessories/black-badge-spectre-replica-model-car-1-8.html]
[www.rolls-roycemotorcars.com/en_GB/boutique/all-accessories/black-chrome-umbrella.html]
[www.rolls-roycemotorcars.com/en_GB/boutique/all-accessories/duality-luggage.html]
[www.rolls-roycemotorcars.com/en_GB/boutique/all-accessories/pet-seat-mat.html]
[www.rolls-roycemotorcars.com/en_GB/boutique/all-accessories/replica-car-model-spectre-1-18.html]
[www.rolls-roycemotorcars.com/en_GB/boutique/all-accessories/replica-car-model-spectre.html]
[www.rolls-roycemotorcars.com/en_GB/boutique/all-accessories/rolls-royce-cameo.html]
[www.rolls-roycemotorcars.com/en_GB/boutique/all-accessories/rolls-royce-chess-set.html]
[www.rolls-roycemotorcars.com/en_GB/boutique/all-accessories/rolls-royce-spectre-umbrella.html]
[www.rolls-roycemotorcars.com/en_GB/boutique/all-accessories/spectre-maquette.html]
[www.rolls-roycemotorcars.com/en_GB/boutique/all-accessories/spectre-spirit-of-ecstasy-plinth.html]
[www.rolls-roycemotorcars.com/en_GB/boutique/all-accessories/spirit-of-ecstasy-cufflinks.html]
[www.rolls-roycemotorcars.com/en_GB/boutique/all-accessories/103ex-speedform.html]
[www.rolls-roycemotorcars.com/en_GB/boutique/all-accessories/black-badge-escapism-luggage-collection.html]
[www.rolls-roycemotorcars.com/en_GB/boutique/all-accessories/champagne-flutes.html]
[www.rolls-roycemotorcars.com/en_GB/boutique/all-accessories/cullinan-recreation-module-utility-bags.html]
[www.rolls-roycemotorcars.com/en_GB/boutique/all-accessories/cullinan-recreation-module.html]
[www.rolls-roycemotorcars.com/en_GB/boutique/all-accessories/cullinan-viewing-suite.html]
[www.rolls-roycemotorcars.com/en_GB/boutique/all-accessories/dawn-aero-cowling-the-tonneau-cover.html]
[www.rolls-roycemotorcars.com/en_GB/boutique/all-accessories/dog-collar-and-lead.html]
[www.rolls-roycemotorcars.com/en_GB/boutique/all-accessories/escapism-luggage-collection.html]
[www.rolls-roycemotorcars.com/en_GB/boutique/all-accessories/hosting-service.html]
[www.rolls-roycemotorcars.com/en_GB/boutique/all-accessories/inspired-by-fashion-luggage-collection.html]
[www.rolls-roycemotorcars.com/en_GB/boutique/all-accessories/organiser-pouch.html]
[www.rolls-roycemotorcars.com/en_GB/boutique/all-accessories/replica-model-car-cullinan-1-18.html]
[www.rolls-roycemotorcars.com/en_GB/boutique/all-accessories/replica-model-car-cullinan-black-badge-1-18.html]
[www.rolls-roycemotorcars.com/en_GB/boutique/all-accessories/replica-model-car-cullinan.html]
[www.rolls-roycemotorcars.com/en_GB/boutique/all-accessories/replica-model-car-ghost-1-18.html]
[www.rolls-roycemotorcars.com/en_GB/boutique/all-accessories/replica-model-car-ghost-black-badge-1-18.html]
[www.rolls-roycemotorcars.com/en_GB/boutique/all-accessories/replica-model-car-ghost.html]
[www.rolls-roycemotorcars.com/en_GB/boutique/all-accessories/replica-model-car-phantom.html]
[www.rolls-roycemotorcars.com/en_GB/boutique/all-accessories/rolls-royce-pursuit-seat.html]
[www.rolls-roycemotorcars.com/en_GB/boutique/all-accessories/spirit-of-ecstasy-ballpoint-pen.html]
[www.rolls-roycemotorcars.com/en_GB/boutique/all-accessories/spirit-of-ecstasy-plinth.html]
[www.rolls-roycemotorcars.com/en_GB/boutique/all-accessories/tow-bar-mounted-bicycle-carrier.html]
[www.rolls-roycemotorcars.com/en_GB/boutique/all-accessories/writing-pads.html]
[www.rolls-roycemotorcars.com/en_GB/boutique/all-accessories/decanter-and-tumbler.html]
[www.rolls-roycemotorcars.com/en_GB/boutique/all-accessories/luggage-compartment-net.html]
[www.rolls-roycemotorcars.com/en_GB/boutique/all-accessories/cigar-cutter-and-lighter.html]
[www.rolls-roycemotorcars.com/en_GB/boutique/all-accessories/parasols.html]
[www.rolls-roycemotorcars.com/en_GB/boutique/lifestyle-accessories.html]
[www.rolls-roycemotorcars.com/en_GB/boutique/phantom-accessories.html]
[www.rolls-roycemotorcars.com/en_GB/boutique/phantom-extended-accessories.html]
[www.rolls-roycemotorcars.com/en_GB/boutique/spectre-accessories.html]
[www.rolls-roycemotorcars.com/en_GB/boutique/ghost-accessories.html]
[www.rolls-roycemotorcars.com/en_GB/boutique/ghost-extended-accessories.html]
[www.rolls-roycemotorcars.com/en_GB/boutique/cullinan-accessories.html]
[www.rolls-roycemotorcars.com/en_GB/boutique/black-badge-accessories.html]
[www.rolls-roycemotorcars.com/en_GB/boutique/bespoke-collection.html]
[www.rolls-roycemotorcars.com/en_GB/boutique/for-the-winter-collections.html]
[www.rolls-roycemotorcars.com/en_GB/boutique/for-the-family-collections.html]
[www.rolls-roycemotorcars.com/en_GB/boutique/for-the-connoisseur-collections.html]
[www.rolls-roycemotorcars.com/en_GB/boutique/all-accessories/starlight-headliner.html]
[www.rolls-roycemotorcars.com/en_GB/boutique/my-list.html]
[www.rolls-roycemotorcars.com/en_GB/boutique/empty-list.html]
[www.rolls-roycemotorcars.com/en_GB/inspiring-greatness/objects/the-art-of-packing-kinetic-luggage-collection.html]
[www.rolls-roycemotorcars.com/en_GB/boutique/all-accessories/tyre-cradles.html]
[www.rolls-roycemotorcars.com/en_GB/boutique/all-accessories/indoor-car-cover.html]
[www.rolls-roycemotorcars.com/en_GB/boutique/all-accessories/rolls-royce-wallbox.html]
[www.rolls-roycemotorcars.com/en_GB/showroom/spectre-in-detail7cd1.html]
[www.rolls-roycemotorcars.com/en_GB/showroom/spectre-in-motion7cd1.html]
[www.rolls-roycemotorcars.com/en_GB/showroom/ghost-prism7cd1.html]
[www.rolls-roycemotorcars.com/en_GB/showroom/black-badge-ghost7cd1.html]
[www.rolls-roycemotorcars.com/en_GB/inspiring-greatness/vision/ak.html]
[www.rolls-roycemotorcars.com/en_GB/inspiring-greatness/vision/ak-2.html]
[www.rolls-roycemotorcars.com/en_GB/inspiring-greatness/ak.html]
[www.rolls-roycemotorcars.com/en_GB/inspiring-greatness/ak-2.html]
[www.rolls-roycemotorcars.com/en_GB/inspiring-greatness/values/ak.html]
[www.rolls-roycemotorcars.com/en_GB/inspiring-greatness/values/ak-2.html]
[www.rolls-roycemotorcars.com/en_GB/inspiring-greatness/values/a-vision-beyond-time7cd1.html]
[www.rolls-roycemotorcars.com/en_GB/inspiring-greatness/values/the-lexicon-of-rolls-royce7cd1.html]
[www.rolls-roycemotorcars.com/en_GB/inspiring-greatness/experience/ak.html]
[www.rolls-roycemotorcars.com/en_GB/inspiring-greatness/experience/ak-2.html]
[www.rolls-roycemotorcars.com/en_GB/inspiring-greatness/visionaries/ak.html]
[www.rolls-roycemotorcars.com/en_GB/inspiring-greatness/visionaries/ak-2.html]
[www.rolls-roycemotorcars.com/en_GB/inspiring-greatness/objects/ak.html]
[www.rolls-roycemotorcars.com/en_GB/inspiring-greatness/objects/ak-2.html]
[www.rolls-roycemotorcars.com/en_GB/boutique/all-accessories/picnic-hamper.html]
[www.rolls-roycemotorcars.com/en_GB/boutique/all-accessories/pinstripe-tyres.html]
[www.rolls-roycemotorcars.com/en_GB/boutique/all-accessories/champagne-chest.html]
[www.rolls-roycemotorcars.com/en_GB/muse/ak.html]
[www.rolls-roycemotorcars.com/en_GB/muse/ak-2.html]
[www.rolls-roycemotorcars.com/en_GB/muse/the-dream-commission/ak.html]
[www.rolls-roycemotorcars.com/en_GB/muse/the-dream-commission/ak-2.html]
[www.rolls-roycemotorcars.com/en_GB/muse/spirit-of-ecstasy-challenge/ak.html]
[www.rolls-roycemotorcars.com/en_GB/muse/spirit-of-ecstasy-challenge/ak-2.html]
[www.rolls-roycemotorcars.com/en_GB/muse/spirit-of-ecstasy-challenge/spirit-of-ecstasy-challenge-exhibition7cd1.html]
[www.rolls-roycemotorcars.com/en_GB/muse/muse-stories/ak.html]
[www.rolls-roycemotorcars.com/en_GB/muse/muse-stories/ak-2.html]
[www.rolls-roycemotorcars.com/en_GB/muse/muse-stories/art-of-perfection7cd1.html]
[www.rolls-roycemotorcars.com/en_GB/muse/muse-stories/art-in-3607cd1.html]
[www.rolls-roycemotorcars.com/en_GB/bespoke/collection-cars/ak.html]
[www.rolls-roycemotorcars.com/en_GB/bespoke/collection-cars/ak-2.html]
[www.rolls-roycemotorcars.com/en_GB/bespoke/collection-cars/dawn-silver-bullet7cd1.html]
[www.rolls-roycemotorcars.com/en_GB/bespoke/collection-cars/phantom-tempus/ak.520.delayed]
[www.rolls-roycemotorcars.com/en_GB/bespoke/collection-cars/phantom-tempus/ak.521.delayed]
[www.rolls-roycemotorcars.com/etc.clientlibs/rrmc/clientlibs/clientlib-components/resources/tempus_v1/skin/rotate_device.png]
[www.rolls-roycemotorcars.com/etc.clientlibs/rrmc/clientlibs/clientlib-components/resources/tempus_v1/skin/ANIMACION_CARDBOARD_RollsPS.gif]
[www.rolls-roycemotorcars.com/etc.clientlibs/rrmc/clientlibs/clientlib-components/resources/tempus_v1/js/modernizr-custom.js]
[www.rolls-roycemotorcars.com/etc.clientlibs/rrmc/clientlibs/clientlib-components/resources/tempus_v1/js/mobile-detect.js]
[www.rolls-roycemotorcars.com/etc.clientlibs/rrmc/clientlibs/clientlib-components/resources/tempus_v1/js/NoSleep.min.js]
[www.rolls-roycemotorcars.com/en_GB/bespoke/collection-cars/phantom-tempus/phantom-tempus-dimension.html]
[www.rolls-roycemotorcars.com/en_GB/bespoke/coachbuild/ak.html]
[www.rolls-roycemotorcars.com/en_GB/bespoke/coachbuild/ak-2.html]
[www.rolls-roycemotorcars.com/en_GB/bespoke/coachbuild.html/ak.html]
[www.rolls-roycemotorcars.com/en_GB/bespoke/coachbuild.html/ak-2.html]
[www.rolls-roycemotorcars.com/en_GB/bespoke/private-collection-cars/ak.html]
[www.rolls-roycemotorcars.com/en_GB/bespoke/private-collection-cars/ak-2.html]
[www.rolls-roycemotorcars.com/etc.clientlibs/rrmc/clientlibs/clientlib-components/resources/tempus_v1/tempus.js]
[www.rolls-roycemotorcars.com/en_GB/bespoke/private-collection-cars/black-badge-cullinan-blue-shadow7cd1.html]
[www.rolls-roycemotorcars.com/en_GB/dealers/ak.html]
[www.rolls-roycemotorcars.com/en_GB/dealers/ak-2.html]
[www.rolls-roycemotorcars.com/en_GB/boutique/all-accessories/ak.html]
[www.rolls-roycemotorcars.com/en_GB/boutique/all-accessories/ak-2.html]
[www.rolls-roycemotorcars.com/en_GB/boutique/ak.html]
[www.rolls-roycemotorcars.com/en_GB/boutique/ak-2.html]
[www.rolls-roycemotorcars.com/en_GB/boutique/all-accessories/coloured-starlight-headliner.html]
[www.rolls-roycemotorcars.com/en_GB/boutique/all-accessories/rolls-royce-amphitheatre.html]
[www.rolls-roycemotorcars.com/en_GB/boutique/all-accessories/starlight-doors.html]
[www.rolls-roycemotorcars.com/en_GB/boutique/all-accessories/coloured-interior-brightwork.html]
[www.rolls-roycemotorcars.com/en_GB/boutique/all-accessories/all-weather-luggage-compartment-mat.html]
[www.rolls-roycemotorcars.com/en_GB/boutique/all-accessories/carbon-treadplates.html]
[www.rolls-roycemotorcars.com/en_GB/boutique/all-accessories/illuminated-treadplates.html]
[www.rolls-roycemotorcars.com/en_GB/boutique/all-accessories/personalised-treadplates.html]
[www.rolls-roycemotorcars.com/en_GB/boutique/all-accessories/polished-steel-treadplates.html]
[www.rolls-roycemotorcars.com/en_GB/boutique/all-accessories/thick-rimmed-two-tone-steering-wheel.html]
[www.rolls-roycemotorcars.com/en_GB/boutique/all-accessories/ghost-personalised-headrest-comfort-cushions.html]
[www.rolls-roycemotorcars.com/en_GB/boutique/all-accessories/humidor-in-glove-box.html]
[www.rolls-roycemotorcars.com/en_GB/boutique/all-accessories/personalised-text-headrest.html]
[www.rolls-roycemotorcars.com/en_GB/boutique/all-accessories/rolls-royce-monogram-embroidered-headrests.html]
[www.rolls-roycemotorcars.com/en_GB/boutique/all-accessories/coloured-steering-wheel.html]
[www.rolls-roycemotorcars.com/en_GB/boutique/all-accessories/embroidered-glove-box-lid.html]
[www.rolls-roycemotorcars.com/en_GB/boutique/all-accessories/personalised-cushions.html]
[www.rolls-roycemotorcars.com/en_GB/boutique/all-accessories/all-weather-floormats.html]
[www.rolls-roycemotorcars.com/en_GB/boutique/all-accessories/lambswool-floormats.html]
[www.rolls-roycemotorcars.com/en_GB/boutique/all-accessories/sisal-floormats.html]
[www.rolls-roycemotorcars.com/en_GB/boutique/all-accessories/tufted-floormats.html]
[www.rolls-roycemotorcars.com/en_GB/boutique/all-accessories/canadel-wood-paneling-and-canadel-panelling-to-fascia.html]
[www.rolls-roycemotorcars.com/en_GB/boutique/all-accessories/ghost-illuminated-fascia.html]
[www.rolls-roycemotorcars.com/en_GB/boutique/all-accessories/picnic-tables.html]
[www.rolls-roycemotorcars.com/en_GB/boutique/all-accessories/boot-apron.html]
[www.rolls-roycemotorcars.com/en_GB/boutique/all-accessories/enhanced-clocks-retrofit.html]
[www.rolls-roycemotorcars.com/en_GB/boutique/all-accessories/rear-curtain-kit.html]
[www.rolls-roycemotorcars.com/en_GB/boutique/all-accessories/coolbox-for-individual-seats.html]
[www.rolls-roycemotorcars.com/en_GB/boutique/all-accessories/coolbox.html]
[www.rolls-roycemotorcars.com/en_GB/boutique/all-accessories/ghost-rear-entertainment-remote.html]
[www.rolls-roycemotorcars.com/en_GB/boutique/all-accessories/milled-aluminium-drinks-holder.html]
[www.rolls-roycemotorcars.com/en_GB/boutique/all-accessories/thicker-steering-wheel.html]
[www.rolls-roycemotorcars.com/en_GB/boutique/all-accessories/universal-remote-control.html]
[www.rolls-roycemotorcars.com/en_GB/boutique/all-accessories/wireless-car-hotspot.html]
[www.rolls-roycemotorcars.com/en_GB/boutique/all-accessories/black-door-handles.html]
[www.rolls-roycemotorcars.com/en_GB/boutique/all-accessories/extended-grille-surround.html]
[www.rolls-roycemotorcars.com/en_GB/boutique/all-accessories/painted-brake-calipers.html]
[www.rolls-roycemotorcars.com/en_GB/boutique/all-accessories/personalised-key-backs.html]
[www.rolls-roycemotorcars.com/en_GB/boutique/all-accessories/spirit-of-ecstasy-carbon-fibre.html]
[www.rolls-roycemotorcars.com/en_GB/boutique/all-accessories/spirit-of-ecstasy-gold.html]
[www.rolls-roycemotorcars.com/en_GB/boutique/all-accessories/spirit-of-ecstasy-illuminated.html]
[www.rolls-roycemotorcars.com/en_GB/boutique/all-accessories/spirit-of-ecstasy-rose-gold.html]
[www.rolls-roycemotorcars.com/en_GB/boutique/all-accessories/spirit-of-ecstasy-solid-silver.html]
[www.rolls-roycemotorcars.com/en_GB/boutique/all-accessories/spirit-of-ecstasy-titanium.html]
[www.rolls-roycemotorcars.com/en_GB/boutique/all-accessories/spirit-of-ecstasy-uplit.html]
[www.rolls-roycemotorcars.com/en_GB/boutique/all-accessories/coloured-brake-calipers.html]
[www.rolls-roycemotorcars.com/en_GB/boutique/all-accessories/exterior-black-detailing-pack.html]
[www.rolls-roycemotorcars.com/en_GB/boutique/all-accessories/front-bumper-aero-inserts.html]
[www.rolls-roycemotorcars.com/en_GB/boutique/all-accessories/metal-fuel-filler-cap.html]
[www.rolls-roycemotorcars.com/en_GB/boutique/all-accessories/illuminated-grille.html]
[www.rolls-roycemotorcars.com/en_GB/boutique/all-accessories/leather-key-wraps.html]
[www.rolls-roycemotorcars.com/en_GB/boutique/all-accessories/snow-chains.html]
[www.rolls-roycemotorcars.com/en_GB/boutique/all-accessories/winter-wheels-and-tyres.html]
[www.rolls-roycemotorcars.com/en_GB/boutique/all-accessories/brushed-steel-package.html]
[www.rolls-roycemotorcars.com/en_GB/boutique/all-accessories/cullinan-black-badge-retrofit-tow-hitch.html]
[www.rolls-roycemotorcars.com/en_GB/boutique/all-accessories/silver-satin-kit.html]
[www.rolls-roycemotorcars.com/en_GB/boutique/all-accessories/teak-decking.html]
[www.rolls-roycemotorcars.com/en_GB/boutique/all-accessories/restyled-mirror-kit.html]
[www.rolls-roycemotorcars.com/en_GB/boutique/all-accessories/visible-exhaust.html]
[www.rolls-roycemotorcars.com/en_GB/boutique/all-accessories/cullinan-bumper-inserts.html]
[www.rolls-roycemotorcars.com/en_GB/boutique/all-accessories/20-style-274-alloy-wheels.html]
[www.rolls-roycemotorcars.com/en_GB/boutique/all-accessories/20-style-420-alloy-wheels.html]
[www.rolls-roycemotorcars.com/en_GB/boutique/all-accessories/20-style-462-alloy-wheels.html]
[www.rolls-roycemotorcars.com/en_GB/boutique/all-accessories/21-style-173-alloy-wheels.html]
[www.rolls-roycemotorcars.com/en_GB/boutique/all-accessories/21-style-267-alloy-wheels.html]
[www.rolls-roycemotorcars.com/en_GB/boutique/all-accessories/21-style-289-alloy-wheels.html]
[www.rolls-roycemotorcars.com/en_GB/boutique/all-accessories/21-style-422-alloy-wheels.html]
[www.rolls-roycemotorcars.com/en_GB/boutique/all-accessories/21-style-471-alloy-wheels.html]
[www.rolls-roycemotorcars.com/en_GB/boutique/all-accessories/21-style-593-alloy-wheels.html]
[www.rolls-roycemotorcars.com/en_GB/boutique/all-accessories/21-style-602-alloy-wheels.html]
[www.rolls-roycemotorcars.com/en_GB/boutique/all-accessories/21-style-603-alloy-wheels.html]
[www.rolls-roycemotorcars.com/en_GB/boutique/all-accessories/21-style-615-alloy-wheels.html]
[www.rolls-roycemotorcars.com/en_GB/boutique/all-accessories/21-style-653-alloy-wheels.html]
[www.rolls-roycemotorcars.com/en_GB/boutique/all-accessories/21-style-670-alloy-wheels.html]
[www.rolls-roycemotorcars.com/en_GB/boutique/all-accessories/21-style-677-alloy-wheels.html]
[www.rolls-roycemotorcars.com/en_GB/boutique/all-accessories/21-style-678-alloy-wheels.html]
[www.rolls-roycemotorcars.com/en_GB/boutique/all-accessories/21-style-709-alloy-wheels.html]
[www.rolls-roycemotorcars.com/en_GB/boutique/all-accessories/21-style-710-alloy-wheels.html]
[www.rolls-roycemotorcars.com/en_GB/boutique/all-accessories/22-style-679-alloy-wheels.html]
[www.rolls-roycemotorcars.com/en_GB/boutique/all-accessories/22-style-712-alloy-wheels.html]
[www.rolls-roycemotorcars.com/en_GB/boutique/all-accessories/22-style-713-alloy-wheels.html]
[www.rolls-roycemotorcars.com/en_GB/boutique/all-accessories/22-style-714-alloy-wheels.html]
[www.rolls-roycemotorcars.com/en_GB/boutique/all-accessories/22-style-723-alloy-wheels.html]
[www.rolls-roycemotorcars.com/en_GB/boutique/all-accessories/22-style-767-alloy-wheels.html]
[www.rolls-roycemotorcars.com/en_GB/boutique/all-accessories/ghost-and-ghost-extended-pinstripe-tyres.html]
[www.rolls-roycemotorcars.com/en_GB/boutique/all-accessories/ghost-tri-colour-wheels.html]
[www.rolls-roycemotorcars.com/en_GB/boutique/all-accessories/number-plate-surround.html]
[www.rolls-roycemotorcars.com/en_GB/boutique/all-accessories/phantom-&-phantom-extended-style-924-dynamic-alloy-wheel.html]
[www.rolls-roycemotorcars.com/en_GB/boutique/all-accessories/phantom-and-phantom-extended-disc-alloy-wheel-style-847.html]
[www.rolls-roycemotorcars.com/en_GB/boutique/all-accessories/spectre-printed-indoor-car-cover.html]
[www.rolls-roycemotorcars.com/en_GB/boutique/all-accessories/outdoor-car-cover.html]
[www.rolls-roycemotorcars.com/en_GB/boutique/all-accessories/rolls-royce-guardian.html]
[www.rolls-roycemotorcars.com/en_GB/boutique/all-accessories/sunshade.html]
[www.rolls-roycemotorcars.com/en_GB/boutique/all-accessories/tailored-indoor-car-covers.html]
[www.rolls-roycemotorcars.com/en_GB/boutique/all-accessories/battery-conditioner.html]
[www.rolls-roycemotorcars.com/en_GB/boutique/all-accessories/swissvax-car-care-kit.html]
[www.rolls-roycemotorcars.com/en_GB/boutique/all-accessories/unique-cleaning-products-for-phantom-drophead-coupe.html]
[www.rolls-roycemotorcars.com/en_GB/boutique/all-accessories/fire-extinguisher.html]
[www.rolls-roycemotorcars.com/en_GB/boutique/all-accessories/black-badge-ball-point-pen.html]
[www.rolls-roycemotorcars.com/en_GB/boutique/all-accessories/black-badge-cameo.html]
[www.rolls-roycemotorcars.com/en_GB/boutique/all-accessories/black-badge-spectre-replica-model-car-1-18.html]
[www.rolls-roycemotorcars.com/en_GB/boutique/all-accessories/black-badge-spectre-replica-model-car-1-8.html]
[www.rolls-roycemotorcars.com/en_GB/boutique/all-accessories/black-chrome-umbrella.html]
[www.rolls-roycemotorcars.com/en_GB/boutique/all-accessories/duality-luggage.html]
[www.rolls-roycemotorcars.com/en_GB/boutique/all-accessories/pet-seat-mat.html]
[www.rolls-roycemotorcars.com/en_GB/boutique/all-accessories/replica-car-model-spectre-1-18.html]
[www.rolls-roycemotorcars.com/en_GB/boutique/all-accessories/replica-car-model-spectre.html]
[www.rolls-roycemotorcars.com/en_GB/boutique/all-accessories/rolls-royce-cameo.html]
[www.rolls-roycemotorcars.com/en_GB/boutique/all-accessories/rolls-royce-chess-set.html]
[www.rolls-roycemotorcars.com/en_GB/boutique/all-accessories/rolls-royce-spectre-umbrella.html]
[www.rolls-roycemotorcars.com/en_GB/boutique/all-accessories/spectre-maquette.html]
[www.rolls-roycemotorcars.com/en_GB/boutique/all-accessories/spectre-spirit-of-ecstasy-plinth.html]
[www.rolls-roycemotorcars.com/en_GB/boutique/all-accessories/spirit-of-ecstasy-cufflinks.html]
[www.rolls-roycemotorcars.com/en_GB/boutique/all-accessories/103ex-speedform.html]
[www.rolls-roycemotorcars.com/en_GB/boutique/all-accessories/black-badge-escapism-luggage-collection.html]
[www.rolls-roycemotorcars.com/en_GB/boutique/all-accessories/champagne-flutes.html]
[www.rolls-roycemotorcars.com/en_GB/boutique/all-accessories/cullinan-recreation-module-utility-bags.html]
[www.rolls-roycemotorcars.com/en_GB/boutique/all-accessories/cullinan-recreation-module.html]
[www.rolls-roycemotorcars.com/en_GB/boutique/all-accessories/cullinan-viewing-suite.html]
[www.rolls-roycemotorcars.com/en_GB/boutique/all-accessories/dawn-aero-cowling-the-tonneau-cover.html]
[www.rolls-roycemotorcars.com/en_GB/boutique/all-accessories/dog-collar-and-lead.html]
[www.rolls-roycemotorcars.com/en_GB/boutique/all-accessories/escapism-luggage-collection.html]
[www.rolls-roycemotorcars.com/en_GB/boutique/all-accessories/hosting-service.html]
[www.rolls-roycemotorcars.com/en_GB/boutique/all-accessories/inspired-by-fashion-luggage-collection.html]
[www.rolls-roycemotorcars.com/en_GB/boutique/all-accessories/organiser-pouch.html]
[www.rolls-roycemotorcars.com/en_GB/boutique/all-accessories/replica-model-car-cullinan-1-18.html]
[www.rolls-roycemotorcars.com/en_GB/boutique/all-accessories/replica-model-car-cullinan-black-badge-1-18.html]
[www.rolls-roycemotorcars.com/en_GB/boutique/all-accessories/replica-model-car-cullinan.html]
[www.rolls-roycemotorcars.com/en_GB/boutique/all-accessories/replica-model-car-ghost-1-18.html]
[www.rolls-roycemotorcars.com/en_GB/boutique/all-accessories/replica-model-car-ghost-black-badge-1-18.html]
[www.rolls-roycemotorcars.com/en_GB/boutique/all-accessories/replica-model-car-ghost.html]
[www.rolls-roycemotorcars.com/en_GB/boutique/all-accessories/replica-model-car-phantom.html]
[www.rolls-roycemotorcars.com/en_GB/boutique/all-accessories/rolls-royce-pursuit-seat.html]
[www.rolls-roycemotorcars.com/en_GB/boutique/all-accessories/spirit-of-ecstasy-ballpoint-pen.html]
[www.rolls-roycemotorcars.com/en_GB/boutique/all-accessories/spirit-of-ecstasy-plinth.html]
[www.rolls-roycemotorcars.com/en_GB/boutique/all-accessories/tow-bar-mounted-bicycle-carrier.html]
[www.rolls-roycemotorcars.com/en_GB/boutique/all-accessories/writing-pads.html]
[www.rolls-roycemotorcars.com/en_GB/boutique/all-accessories/decanter-and-tumbler.html]
[www.rolls-roycemotorcars.com/en_GB/boutique/all-accessories/luggage-compartment-net.html]
[www.rolls-roycemotorcars.com/content/dam/rrmc/marketUK/rollsroycemotorcars_com/boutique/cullinan-inspired-by-fashion-luggage-collection/Item_Description_module_BG.jpg]
[www.rolls-roycemotorcars.com/en_GB/boutique/all-accessories/cigar-cutter-and-lighter.html]
[www.rolls-roycemotorcars.com/en_GB/boutique/all-accessories/parasols.html]
[www.rolls-roycemotorcars.com/en_GB/bespoke/collection-cars/phantom-tempus/ak.html]
[www.rolls-roycemotorcars.com/en_GB/bespoke/collection-cars/phantom-tempus/ak-2.html]
