[www.rolls-roycemotorcars.com/en_GB/home.html]
[www.bmw.com/etc/clientlibs/wcmp/consentcontroller.fallback/epaas.js]
[backblue.gif]
[fade.gif]
[index.html]
[www.rolls-roycemotorcars.com/etc.clientlibs/rrmc/clientlibs/clientlib-components.2318355bf37ec27aa2b7ae1d42d2a8fc.css]
[www.rolls-roycemotorcars.com/etc.clientlibs/rrmc/clientlibs/clientlib-components/resources/enhancedActivityMap/enhancedActivityMap.js]
[www.rolls-roycemotorcars.com/etc.clientlibs/rrmc/clientlibs/clientlib-components/resources/genericVideoTracking/genericVideoTracking.js]
[www.rolls-roycemotorcars.com/etc.clientlibs/rrmc/clientlibs/clientlib-components/resources/formTracking/formTracking.js]
[www.rolls-roycemotorcars.com/etc.clientlibs/rrmc/clientlibs/clientlib-components/resources/genericConfiguratorTracking/genericConfiguratorTracking.js]
[www.rolls-roycemotorcars.com/etc.clientlibs/rrmc/clientlibs/clientlib-components/resources/genericSearchFilterTracking/genericSearchFilterTracking.js]
[www.google.com/recaptcha/apib091.js]
[assets.adobedtm.com/717b2dc27cb7/babdcc2f0008/launch-6b20afc3e5fb.min.js]
[cdn.evgnet.com/beacon/rollsroyce/rrmc_production/scripts/evergage.min.js]
[www.rolls-roycemotorcars.com/etc.clientlibs/rrmc/clientlibs/clientlib-components/resources/img/favicon.png]
[www.rolls-roycemotorcars.com/etc.clientlibs/rrmc/clientlibs/clientlib-components/resources/img/apple/apple-touch-icon-iphone.png]
[www.rolls-roycemotorcars.com/etc.clientlibs/rrmc/clientlibs/clientlib-components/resources/img/apple/touch-icon-ipad.png]
[www.rolls-roycemotorcars.com/etc.clientlibs/rrmc/clientlibs/clientlib-components/resources/img/apple/touch-icon-iphone-retina.png]
[www.rolls-roycemotorcars.com/etc.clientlibs/rrmc/clientlibs/clientlib-components/resources/img/apple/touch-icon-ipad-retina.png]
[www.rolls-roycemotorcars.com/en_GB/ak.m]
[www.rolls-roycemotorcars.com/en_GB/ak.12.delayed]
[www.rolls-roycemotorcars.com/en_GB/information/pre-owned.html]
[www.rolls-roycemotorcars.com/en_GB/information/cookie-policy.html]
[www.rolls-roycemotorcars.com/en_GB/information/legal-information.html]
[www.rolls-roycemotorcars.com/en_GB/information/client-complaints-procedure.html]
[www.rolls-roycemotorcars.com/en_GB/information/eu-battery-regulation.html]
[www.rolls-roycemotorcars.com/en_GB/information/contact-rolls-royce.html]
[www.rolls-roycemotorcars.com/en_GB/information/privacy-policy.html]
[www.rolls-roycemotorcars.com/en_GB/information/careers.html]
[www.rolls-roycemotorcars.com/en_GB/information/site-map.html]
[www.rolls-roycemotorcars.com/en_GB/ownership/whispers.html]
[www.rolls-roycemotorcars.com/en_GB/information/sustainability.html]
[www.rolls-roycemotorcars.com/en_GB/showroom/spectre.html]
[www.rolls-roycemotorcars.com/en_GB/showroom/cullinan.html]
[www.rolls-roycemotorcars.com/en_GB/showroom/black-badge-cullinan.html]
[www.rolls-roycemotorcars.com/en_GB/showroom/ghost.html]
[www.rolls-roycemotorcars.com/en_GB/bespoke/discover.html]
[www.rolls-roycemotorcars.com/en_GB/inspiring-greatness.html]
[www.rolls-roycemotorcars.com/content/dam/rrmc/marketUK/common/navigation/desktop/left-panel.jpg]
[www.rolls-roycemotorcars.com/en_GB/showroom/phantom.html]
[www.rolls-roycemotorcars.com/en_GB/showroom/phantom-extended.html]
[www.rolls-roycemotorcars.com/content/dam/rrmc/marketUK/common/navigation/desktop/RRMC_SPECTRE_NAV_D.jpg/jcr_content/renditions/cq5dam.web.1920.jpg]
[www.rolls-roycemotorcars.com/en_GB/showroom/black-badge.html]
[www.rolls-roycemotorcars.com/content/dam/rrmc/marketUK/rollsroycemotorcars_com/1-0-home/page-properties/ghost-series-2-campaign/main-menu-side-nav/D-SIDE-NAV-GSII.jpg/jcr_content/rendit/cq5dam.web.1920.28.dela]
[www.rolls-roycemotorcars.com/en_GB/showroom/ghost-extended.html]
[www.rolls-roycemotorcars.com/en_GB/boutique.html]
[www.rolls-roycemotorcars.com/en_GB/muse.html]
[www.rolls-roycemotorcars.com/content/dam/rrmc/marketUK/rollsroycemotorcars_com/1-0-home/page-properties/ghost-series-2-campaign/main-menu-side-nav/D-SIDE-NAV-GESII.jpg/jcr_content/rendi/cq5dam.web.1920.29.dela]
[www.rolls-roycemotorcars.com/content/dam/rrmc/marketUK/rollsroycemotorcars_com/phantom-100/page-properties/side-nav/M-SIDE-NAV-PHANTOM-EXT-100.jpg/jcr_content/renditions/cq5dam.web.1920.jpg]
[www.rolls-roycemotorcars.com/content/dam/rrmc/marketUK/common/navigation/desktop/spectre_nav_mobile.jpg/jcr_content/renditions/cq5dam.web.1920.jpg]
[www.rolls-roycemotorcars.com/content/dam/rrmc/marketUK/common/navigation/desktop/M-SIDE-NAV-CSII.jpg/jcr_content/renditions/cq5dam.web.1920.jpg]
[www.rolls-roycemotorcars.com/content/dam/rrmc/marketUK/rollsroycemotorcars_com/phantom-100/page-properties/side-nav/M-SIDE-NAV-PHANTOM-100.jpg/jcr_content/renditions/cq5dam.web.1920.jpg]
[www.rolls-roycemotorcars.com/content/dam/rrmc/marketUK/rollsroycemotorcars_com/1-0-home/page-properties/ghost-series-2-campaign/main-menu-side-nav/M-SIDE-NAV-GESII.jpg/jcr_content/rendi/cq5dam.web.1920.33.dela]
[www.rolls-roycemotorcars.com/content/dam/rrmc/marketUK/rollsroycemotorcars_com/1-0-home/page-properties/ghost-series-2-campaign/main-menu-side-nav/M-SIDE-NAV-GSII.jpg/jcr_content/rendit/cq5dam.web.1920.32.dela]
[www.rolls-roycemotorcars.com/en_GB/bespoke/configure-your-rolls-royce.html]
[www.rolls-roycemotorcars.com/content/dam/rrmc/marketUK/rollsroycemotorcars_com/1-0-home/page-properties/bb-spectre-side-nav/M-SIDE-NAV-BBS.jpg/jcr_content/renditions/cq5dam.web.1920.jpg]
[www.rolls-roycemotorcars.com/content/dam/rrmc/marketUK/common/navigation/desktop/D-Main-Model-Nav.jpg/jcr_content/renditions/cq5dam.web.1920.jpg]
[www.rolls-roycemotorcars.com/en_GB/bespoke/coachbuild.html]
[www.rolls-roycemotorcars.com/en_GB/bespoke/inspiration.html]
[www.rolls-roycemotorcars.com/en_GB/bespoke/craft.html]
[www.rolls-roycemotorcars.com/en_GB/bespoke/objects-of-luxury.html]
[www.rolls-roycemotorcars.com/en_GB/ownership/owners-lounge.html]
[www.rolls-roycemotorcars.com/en_GB/ownership/your-motor-car.html]
[www.rolls-roycemotorcars.com/en_GB/ownership/charging.html]
[www.rolls-roycemotorcars.com/en_GB/information/contact-rolls-royce3901.html]
[www.rolls-roycemotorcars.com/en_GB/ownership/roadside-assistance.html]
[www.rolls-roycemotorcars.com/etc.clientlibs/clientlibs/granite/jquery.js]
[www.rolls-roycemotorcars.com/etc.clientlibs/clientlibs/granite/utils.js]
[www.rolls-roycemotorcars.com/etc.clientlibs/rrmc/clientlibs/clientlib-components.js]
[www.rolls-roycemotorcars.com/en_GB/home.html]
[www.googletagmanager.com/gtm5445.html]
[players.brightcove.net/1634657725001/3Ev5jVtXB_default/index.min.js]
[players.brightcove.net/1634657725001/khh451qp5_default/index.min.js]
[www.rolls-roycemotorcars.com/etc.clientlibs/rrmc/clientlibs/clientlib-components/resources/img/loader-light.svg]
[www.rolls-roycemotorcars.com/etc.clientlibs/rrmc/clientlibs/clientlib-components/resources/img/find-us-bg.jpg]
[www.rolls-roycemotorcars.com/etc.clientlibs/rrmc/clientlibs/clientlib-components/resources/img/flags.png]
[www.rolls-roycemotorcars.com/etc.clientlibs/rrmc/clientlibs/clientlib-components/resources/img/flags@2x.png]
[www.rolls-roycemotorcars.com/etc.clientlibs/rrmc/clientlibs/clientlib-components/resources/fonts/trajan/trajan.woff]
[www.rolls-roycemotorcars.com/etc.clientlibs/rrmc/clientlibs/clientlib-components/resources/fonts/corsiva/corsiva.woff]
[www.rolls-roycemotorcars.com/etc.clientlibs/rrmc/clientlibs/clientlib-components/resources/fonts/riviera-nights/RivieraNights-Ultralight/RivieraNights-Ultralight.woff]
[www.rolls-roycemotorcars.com/etc.clientlibs/rrmc/clientlibs/clientlib-components/resources/fonts/riviera-nights/RivieraNights-Ultralight/RivieraNights-Ultralightd41d.eot]
[www.rolls-roycemotorcars.com/etc.clientlibs/rrmc/clientlibs/clientlib-components/resources/fonts/riviera-nights/RivieraNights-Ultralight/RivieraNights-Ultralight.otf]
[www.rolls-roycemotorcars.com/etc.clientlibs/rrmc/clientlibs/clientlib-components/resources/fonts/riviera-nights/RivieraNights-Ultralight/RivieraNights-Ultralight.svg]
[www.rolls-roycemotorcars.com/etc.clientlibs/rrmc/clientlibs/clientlib-components/resources/fonts/riviera-nights/RivieraNights-Ultralight/RivieraNights-Ultralight.ttf]
[www.rolls-roycemotorcars.com/etc.clientlibs/rrmc/clientlibs/clientlib-components/resources/fonts/riviera-nights/RivieraNights-Ultralight/RivieraNights-Ultralight.woff2]
[www.rolls-roycemotorcars.com/etc.clientlibs/rrmc/clientlibs/clientlib-components/resources/fonts/riviera-nights/RivieraNights-Light/RivieraNights-Light.woff]
[www.rolls-roycemotorcars.com/etc.clientlibs/rrmc/clientlibs/clientlib-components/resources/fonts/riviera-nights/RivieraNights-Light/RivieraNights-Lightd41d.eot]
[www.rolls-roycemotorcars.com/etc.clientlibs/rrmc/clientlibs/clientlib-components/resources/fonts/riviera-nights/RivieraNights-Light/RivieraNights-Light.otf]
[www.rolls-roycemotorcars.com/etc.clientlibs/rrmc/clientlibs/clientlib-components/resources/fonts/riviera-nights/RivieraNights-Light/RivieraNights-Light.svg]
[www.rolls-roycemotorcars.com/etc.clientlibs/rrmc/clientlibs/clientlib-components/resources/fonts/riviera-nights/RivieraNights-Light/RivieraNights-Light.ttf]
[www.rolls-roycemotorcars.com/etc.clientlibs/rrmc/clientlibs/clientlib-components/resources/fonts/riviera-nights/RivieraNights-Light/RivieraNights-Light.woff2]
[www.rolls-roycemotorcars.com/etc.clientlibs/rrmc/clientlibs/clientlib-components/resources/fonts/riviera-nights/RivieraNights-Regular/RivieraNights-Regular.woff]
[www.rolls-roycemotorcars.com/etc.clientlibs/rrmc/clientlibs/clientlib-components/resources/fonts/riviera-nights/RivieraNights-Regular/RivieraNights-Regulard41d.eot]
[www.rolls-roycemotorcars.com/etc.clientlibs/rrmc/clientlibs/clientlib-components/resources/fonts/riviera-nights/RivieraNights-Regular/RivieraNights-Regular.otf]
[www.rolls-roycemotorcars.com/etc.clientlibs/rrmc/clientlibs/clientlib-components/resources/fonts/riviera-nights/RivieraNights-Regular/RivieraNights-Regular.svg]
[www.rolls-roycemotorcars.com/etc.clientlibs/rrmc/clientlibs/clientlib-components/resources/fonts/riviera-nights/RivieraNights-Regular/RivieraNights-Regular.ttf]
[www.rolls-roycemotorcars.com/etc.clientlibs/rrmc/clientlibs/clientlib-components/resources/fonts/riviera-nights/RivieraNights-Regular/RivieraNights-Regular.woff2]
[www.rolls-roycemotorcars.com/etc.clientlibs/rrmc/clientlibs/clientlib-components/resources/fonts/riviera-nights/RivieraNights-Medium/RivieraNights-Medium.woff]
[www.rolls-roycemotorcars.com/etc.clientlibs/rrmc/clientlibs/clientlib-components/resources/fonts/riviera-nights/RivieraNights-Medium/RivieraNights-Mediumd41d.eot]
[www.rolls-roycemotorcars.com/etc.clientlibs/rrmc/clientlibs/clientlib-components/resources/fonts/riviera-nights/RivieraNights-Medium/RivieraNights-Medium.svg]
[www.rolls-roycemotorcars.com/etc.clientlibs/rrmc/clientlibs/clientlib-components/resources/fonts/riviera-nights/RivieraNights-Medium/RivieraNights-Medium.otf]
[www.rolls-roycemotorcars.com/etc.clientlibs/rrmc/clientlibs/clientlib-components/resources/fonts/riviera-nights/RivieraNights-Medium/RivieraNights-Medium.ttf]
[www.rolls-roycemotorcars.com/etc.clientlibs/rrmc/clientlibs/clientlib-components/resources/fonts/riviera-nights/RivieraNights-Medium/RivieraNights-Medium.woff2]
[www.rolls-roycemotorcars.com/etc.clientlibs/rrmc/clientlibs/clientlib-components/resources/fonts/riviera-nights/RivieraNights-Bold/RivieraNights-Bold.woff]
[www.rolls-roycemotorcars.com/etc.clientlibs/rrmc/clientlibs/clientlib-components/resources/fonts/riviera-nights/RivieraNights-Bold/RivieraNights-Boldd41d.eot]
[www.rolls-roycemotorcars.com/etc.clientlibs/rrmc/clientlibs/clientlib-components/resources/fonts/riviera-nights/RivieraNights-Bold/RivieraNights-Bold.svg]
[www.rolls-roycemotorcars.com/etc.clientlibs/rrmc/clientlibs/clientlib-components/resources/fonts/riviera-nights/RivieraNights-Bold/RivieraNights-Bold.otf]
[www.rolls-roycemotorcars.com/etc.clientlibs/rrmc/clientlibs/clientlib-components/resources/fonts/riviera-nights/RivieraNights-Bold/RivieraNights-Bold.ttf]
[www.rolls-roycemotorcars.com/etc.clientlibs/rrmc/clientlibs/clientlib-components/resources/fonts/riviera-nights/RivieraNights-Bold/RivieraNights-Bold.woff2]
[www.rolls-roycemotorcars.com/etc.clientlibs/rrmc/clientlibs/clientlib-components/resources/fonts/riviera-nights/RivieraNights-Black/RivieraNights-Black.woff]
[www.rolls-roycemotorcars.com/etc.clientlibs/rrmc/clientlibs/clientlib-components/resources/fonts/riviera-nights/RivieraNights-Black/RivieraNights-Blackd41d.eot]
[www.rolls-roycemotorcars.com/etc.clientlibs/rrmc/clientlibs/clientlib-components/resources/fonts/riviera-nights/RivieraNights-Black/RivieraNights-Black.otf]
[www.rolls-roycemotorcars.com/etc.clientlibs/rrmc/clientlibs/clientlib-components/resources/fonts/riviera-nights/RivieraNights-Black/RivieraNights-Black.svg]
[www.rolls-roycemotorcars.com/etc.clientlibs/rrmc/clientlibs/clientlib-components/resources/fonts/riviera-nights/RivieraNights-Black/RivieraNights-Black.ttf]
[www.rolls-roycemotorcars.com/etc.clientlibs/rrmc/clientlibs/clientlib-components/resources/fonts/riviera-nights/RivieraNights-Black/RivieraNights-Black.woff2]
[www.rolls-roycemotorcars.com/etc.clientlibs/rrmc/clientlibs/clientlib-components/resources/fonts/Noto-Sans-SC/NotoSansSC-Thin.woff]
[www.rolls-roycemotorcars.com/etc.clientlibs/rrmc/clientlibs/clientlib-components/resources/fonts/Noto-Sans-SC/NotoSansSC-Thin.73d41d.delayed]
[www.rolls-roycemotorcars.com/etc.clientlibs/rrmc/clientlibs/clientlib-components/resources/fonts/Noto-Sans-SC/NotoSansSC-Thin.74.delayed]
[www.rolls-roycemotorcars.com/etc.clientlibs/rrmc/clientlibs/clientlib-components/resources/fonts/Noto-Sans-SC/NotoSansSC-Thin.75.delayed]
[www.rolls-roycemotorcars.com/etc.clientlibs/rrmc/clientlibs/clientlib-components/resources/fonts/Noto-Sans-SC/NotoSansSC-Thin.76.delayed]
[www.rolls-roycemotorcars.com/etc.clientlibs/rrmc/clientlibs/clientlib-components/resources/fonts/Noto-Sans-SC/NotoSansSC-Thin.woff2]
[www.rolls-roycemotorcars.com/etc.clientlibs/rrmc/clientlibs/clientlib-components/resources/fonts/Noto-Sans-SC/NotoSansSC-Light.woff]
[www.rolls-roycemotorcars.com/etc.clientlibs/rrmc/clientlibs/clientlib-components/resources/fonts/Noto-Sans-SC/NotoSansSC-Light.7a.delayed]
[www.rolls-roycemotorcars.com/etc.clientlibs/rrmc/clientlibs/clientlib-components/resources/fonts/Noto-Sans-SC/NotoSansSC-Light.svg]
[www.rolls-roycemotorcars.com/etc.clientlibs/rrmc/clientlibs/clientlib-components/resources/fonts/Noto-Sans-SC/NotoSansSC-Lightd41d.eot]
[www.rolls-roycemotorcars.com/etc.clientlibs/rrmc/clientlibs/clientlib-components/resources/fonts/Noto-Sans-SC/NotoSansSC-Light.ttf]
[www.rolls-roycemotorcars.com/etc.clientlibs/rrmc/clientlibs/clientlib-components/resources/fonts/Noto-Sans-SC/NotoSansSC-Light.woff2]
[www.rolls-roycemotorcars.com/etc.clientlibs/rrmc/clientlibs/clientlib-components/resources/fonts/Noto-Sans-SC/NotoSansSC-Regular.woff]
[www.rolls-roycemotorcars.com/etc.clientlibs/rrmc/clientlibs/clientlib-components/resources/fonts/Noto-Sans-SC/NotoSansSC-Regulard41d.eot]
[www.rolls-roycemotorcars.com/etc.clientlibs/rrmc/clientlibs/clientlib-components/resources/fonts/Noto-Sans-SC/NotoSansSC-Regular.80.delayed]
[www.rolls-roycemotorcars.com/etc.clientlibs/rrmc/clientlibs/clientlib-components/resources/fonts/Noto-Sans-SC/NotoSansSC-Regular.svg]
[www.rolls-roycemotorcars.com/etc.clientlibs/rrmc/clientlibs/clientlib-components/resources/fonts/Noto-Sans-SC/NotoSansSC-Regular.ttf]
[www.rolls-roycemotorcars.com/etc.clientlibs/rrmc/clientlibs/clientlib-components/resources/fonts/Noto-Sans-SC/NotoSansSC-Regular.woff2]
[www.rolls-roycemotorcars.com/etc.clientlibs/rrmc/clientlibs/clientlib-components/resources/fonts/Noto-Sans-SC/NotoSansSC-Medium.woff]
[www.rolls-roycemotorcars.com/etc.clientlibs/rrmc/clientlibs/clientlib-components/resources/fonts/Noto-Sans-SC/NotoSansSC-Medium.86.delayed]
[www.rolls-roycemotorcars.com/etc.clientlibs/rrmc/clientlibs/clientlib-components/resources/fonts/Noto-Sans-SC/NotoSansSC-Mediumd41d.eot]
[www.rolls-roycemotorcars.com/etc.clientlibs/rrmc/clientlibs/clientlib-components/resources/fonts/Noto-Sans-SC/NotoSansSC-Medium.svg]
[www.rolls-roycemotorcars.com/etc.clientlibs/rrmc/clientlibs/clientlib-components/resources/fonts/Noto-Sans-SC/NotoSansSC-Medium.ttf]
[www.rolls-roycemotorcars.com/etc.clientlibs/rrmc/clientlibs/clientlib-components/resources/fonts/Noto-Sans-SC/NotoSansSC-Medium.woff2]
[www.rolls-roycemotorcars.com/etc.clientlibs/rrmc/clientlibs/clientlib-components/resources/fonts/Noto-Sans-SC/NotoSansSC-Bold.8c.delayed]
[www.rolls-roycemotorcars.com/etc.clientlibs/rrmc/clientlibs/clientlib-components/resources/fonts/Noto-Sans-SC/NotoSansSC-Bold.woff]
[www.rolls-roycemotorcars.com/etc.clientlibs/rrmc/clientlibs/clientlib-components/resources/fonts/Noto-Sans-SC/NotoSansSC-Boldd41d.eot]
[www.rolls-roycemotorcars.com/etc.clientlibs/rrmc/clientlibs/clientlib-components/resources/fonts/Noto-Sans-SC/NotoSansSC-Bold.svg]
[www.rolls-roycemotorcars.com/etc.clientlibs/rrmc/clientlibs/clientlib-components/resources/fonts/Noto-Sans-SC/NotoSansSC-Bold.ttf]
[www.rolls-roycemotorcars.com/etc.clientlibs/rrmc/clientlibs/clientlib-components/resources/fonts/Noto-Sans-SC/NotoSansSC-Black.woff]
[www.rolls-roycemotorcars.com/etc.clientlibs/rrmc/clientlibs/clientlib-components/resources/fonts/Noto-Sans-SC/NotoSansSC-Black.92.delayed]
[www.rolls-roycemotorcars.com/etc.clientlibs/rrmc/clientlibs/clientlib-components/resources/fonts/Noto-Sans-SC/NotoSansSC-Bold.woff2]
[www.rolls-roycemotorcars.com/etc.clientlibs/rrmc/clientlibs/clientlib-components/resources/fonts/Noto-Sans-SC/NotoSansSC-Blackd41d.eot]
[www.rolls-roycemotorcars.com/etc.clientlibs/rrmc/clientlibs/clientlib-components/resources/fonts/Noto-Sans-SC/NotoSansSC-Black.svg]
[www.rolls-roycemotorcars.com/etc.clientlibs/rrmc/clientlibs/clientlib-components/resources/fonts/Noto-Sans-SC/NotoSansSC-Black.ttf]
[www.rolls-roycemotorcars.com/etc.clientlibs/rrmc/clientlibs/clientlib-components/resources/fonts/Noto-Sans-KR/NotoSansKR-Thin.woff]
[www.rolls-roycemotorcars.com/etc.clientlibs/rrmc/clientlibs/clientlib-components/resources/fonts/Noto-Sans-KR/NotoSansKR-Thind41d.eot]
[www.rolls-roycemotorcars.com/etc.clientlibs/rrmc/clientlibs/clientlib-components/resources/fonts/Noto-Sans-KR/NotoSansKR-Thin.otf]
[www.rolls-roycemotorcars.com/etc.clientlibs/rrmc/clientlibs/clientlib-components/resources/fonts/Noto-Sans-SC/NotoSansSC-Black.woff2]
[www.rolls-roycemotorcars.com/etc.clientlibs/rrmc/clientlibs/clientlib-components/resources/fonts/Noto-Sans-KR/NotoSansKR-Thin.svg]
[www.rolls-roycemotorcars.com/etc.clientlibs/rrmc/clientlibs/clientlib-components/resources/fonts/Noto-Sans-KR/NotoSansKR-Thin.ttf]
[www.rolls-roycemotorcars.com/etc.clientlibs/rrmc/clientlibs/clientlib-components/resources/fonts/Noto-Sans-KR/NotoSansKR-Thin.woff2]
[www.rolls-roycemotorcars.com/etc.clientlibs/rrmc/clientlibs/clientlib-components/resources/fonts/Noto-Sans-KR/NotoSansKR-Light.woff]
[www.rolls-roycemotorcars.com/etc.clientlibs/rrmc/clientlibs/clientlib-components/resources/fonts/Noto-Sans-KR/NotoSansKR-Lightd41d.eot]
[www.rolls-roycemotorcars.com/etc.clientlibs/rrmc/clientlibs/clientlib-components/resources/fonts/Noto-Sans-KR/NotoSansKR-Light.otf]
[www.rolls-roycemotorcars.com/etc.clientlibs/rrmc/clientlibs/clientlib-components/resources/fonts/Noto-Sans-KR/NotoSansKR-Light.svg]
[www.rolls-roycemotorcars.com/etc.clientlibs/rrmc/clientlibs/clientlib-components/resources/fonts/Noto-Sans-KR/NotoSansKR-Light.ttf]
[www.rolls-roycemotorcars.com/etc.clientlibs/rrmc/clientlibs/clientlib-components/resources/fonts/Noto-Sans-KR/NotoSansKR-Light.woff2]
[www.rolls-roycemotorcars.com/etc.clientlibs/rrmc/clientlibs/clientlib-components/resources/fonts/Noto-Sans-KR/NotoSansKR-Regular.woff]
[www.rolls-roycemotorcars.com/etc.clientlibs/rrmc/clientlibs/clientlib-components/resources/fonts/Noto-Sans-KR/NotoSansKR-Regulard41d.eot]
[www.rolls-roycemotorcars.com/etc.clientlibs/rrmc/clientlibs/clientlib-components/resources/fonts/Noto-Sans-KR/NotoSansKR-Regular.a4.delayed]
[www.rolls-roycemotorcars.com/etc.clientlibs/rrmc/clientlibs/clientlib-components/resources/fonts/Noto-Sans-KR/NotoSansKR-Regular.svg]
[www.rolls-roycemotorcars.com/etc.clientlibs/rrmc/clientlibs/clientlib-components/resources/fonts/Noto-Sans-KR/NotoSansKR-Regular.ttf]
[www.rolls-roycemotorcars.com/etc.clientlibs/rrmc/clientlibs/clientlib-components/resources/fonts/Noto-Sans-KR/NotoSansKR-Regular.woff2]
[www.rolls-roycemotorcars.com/etc.clientlibs/rrmc/clientlibs/clientlib-components/resources/fonts/Noto-Sans-KR/NotoSansKR-Medium.woff]
[www.rolls-roycemotorcars.com/etc.clientlibs/rrmc/clientlibs/clientlib-components/resources/fonts/Noto-Sans-KR/NotoSansKR-Mediumd41d.eot]
[www.rolls-roycemotorcars.com/etc.clientlibs/rrmc/clientlibs/clientlib-components/resources/fonts/Noto-Sans-KR/NotoSansKR-Medium.aa.delayed]
[www.rolls-roycemotorcars.com/etc.clientlibs/rrmc/clientlibs/clientlib-components/resources/fonts/Noto-Sans-KR/NotoSansKR-Medium.svg]
[www.rolls-roycemotorcars.com/etc.clientlibs/rrmc/clientlibs/clientlib-components/resources/fonts/Noto-Sans-KR/NotoSansKR-Medium.ttf]
[www.rolls-roycemotorcars.com/etc.clientlibs/rrmc/clientlibs/clientlib-components/resources/fonts/Noto-Sans-KR/NotoSansKR-Medium.woff2]
[www.rolls-roycemotorcars.com/etc.clientlibs/rrmc/clientlibs/clientlib-components/resources/fonts/Noto-Sans-KR/NotoSansKR-Bold.woff]
[www.rolls-roycemotorcars.com/etc.clientlibs/rrmc/clientlibs/clientlib-components/resources/fonts/Noto-Sans-KR/NotoSansKR-Boldd41d.eot]
[www.rolls-roycemotorcars.com/etc.clientlibs/rrmc/clientlibs/clientlib-components/resources/fonts/Noto-Sans-KR/NotoSansKR-Bold.b0.delayed]
[www.rolls-roycemotorcars.com/etc.clientlibs/rrmc/clientlibs/clientlib-components/resources/fonts/Noto-Sans-KR/NotoSansKR-Bold.svg]
[www.rolls-roycemotorcars.com/etc.clientlibs/rrmc/clientlibs/clientlib-components/resources/fonts/Noto-Sans-KR/NotoSansKR-Bold.ttf]
[www.rolls-roycemotorcars.com/etc.clientlibs/rrmc/clientlibs/clientlib-components/resources/fonts/Noto-Sans-KR/NotoSansKR-Bold.woff2]
[www.rolls-roycemotorcars.com/etc.clientlibs/rrmc/clientlibs/clientlib-components/resources/fonts/Noto-Sans-KR/NotoSansKR-Black.woff]
[www.rolls-roycemotorcars.com/etc.clientlibs/rrmc/clientlibs/clientlib-components/resources/fonts/Noto-Sans-KR/NotoSansKR-Blackd41d.eot]
[www.rolls-roycemotorcars.com/etc.clientlibs/rrmc/clientlibs/clientlib-components/resources/fonts/Noto-Sans-KR/NotoSansKR-Black.b6.delayed]
[www.rolls-roycemotorcars.com/etc.clientlibs/rrmc/clientlibs/clientlib-components/resources/fonts/Noto-Sans-KR/NotoSansKR-Black.svg]
[www.rolls-roycemotorcars.com/etc.clientlibs/rrmc/clientlibs/clientlib-components/resources/fonts/Noto-Sans-KR/NotoSansKR-Black.ttf]
[www.rolls-roycemotorcars.com/etc.clientlibs/rrmc/clientlibs/clientlib-components/resources/fonts/Noto-Sans-KR/NotoSansKR-Black.woff2]
[www.rolls-roycemotorcars.com/etc.clientlibs/rrmc/clientlibs/clientlib-components/resources/fonts/Noto-Sans-JP/NotoSansJP-Thin.woff]
[www.rolls-roycemotorcars.com/etc.clientlibs/rrmc/clientlibs/clientlib-components/resources/fonts/Noto-Sans-JP/NotoSansJP-Thin.bc.delayed]
[www.rolls-roycemotorcars.com/etc.clientlibs/rrmc/clientlibs/clientlib-components/resources/fonts/Noto-Sans-JP/NotoSansJP-Thin.svg]
[www.rolls-roycemotorcars.com/etc.clientlibs/rrmc/clientlibs/clientlib-components/resources/fonts/Noto-Sans-JP/NotoSansJP-Thind41d.eot]
[www.rolls-roycemotorcars.com/etc.clientlibs/rrmc/clientlibs/clientlib-components/resources/fonts/Noto-Sans-JP/NotoSansJP-Thin.ttf]
[www.rolls-roycemotorcars.com/etc.clientlibs/rrmc/clientlibs/clientlib-components/resources/fonts/Noto-Sans-JP/NotoSansJP-Thin.woff2]
[www.rolls-roycemotorcars.com/etc.clientlibs/rrmc/clientlibs/clientlib-components/resources/fonts/Noto-Sans-JP/NotoSansJP-Light.c2.delayed]
[www.rolls-roycemotorcars.com/etc.clientlibs/rrmc/clientlibs/clientlib-components/resources/fonts/Noto-Sans-JP/NotoSansJP-Lightd41d.eot]
[www.rolls-roycemotorcars.com/etc.clientlibs/rrmc/clientlibs/clientlib-components/resources/fonts/Noto-Sans-JP/NotoSansJP-Light.woff]
[www.rolls-roycemotorcars.com/etc.clientlibs/rrmc/clientlibs/clientlib-components/resources/fonts/Noto-Sans-JP/NotoSansJP-Light.svg]
[www.rolls-roycemotorcars.com/etc.clientlibs/rrmc/clientlibs/clientlib-components/resources/fonts/Noto-Sans-JP/NotoSansJP-Light.ttf]
[www.rolls-roycemotorcars.com/etc.clientlibs/rrmc/clientlibs/clientlib-components/resources/fonts/Noto-Sans-JP/NotoSansJP-Light.woff2]
[www.rolls-roycemotorcars.com/etc.clientlibs/rrmc/clientlibs/clientlib-components/resources/fonts/Noto-Sans-JP/NotoSansJP-Regular.c8.delayed]
[www.rolls-roycemotorcars.com/etc.clientlibs/rrmc/clientlibs/clientlib-components/resources/fonts/Noto-Sans-JP/NotoSansJP-Regular.svg]
[www.rolls-roycemotorcars.com/etc.clientlibs/rrmc/clientlibs/clientlib-components/resources/fonts/Noto-Sans-JP/NotoSansJP-Regular.ttf]
[www.rolls-roycemotorcars.com/etc.clientlibs/rrmc/clientlibs/clientlib-components/resources/fonts/Noto-Sans-JP/NotoSansJP-Regular.woff]
[www.rolls-roycemotorcars.com/etc.clientlibs/rrmc/clientlibs/clientlib-components/resources/fonts/Noto-Sans-JP/NotoSansJP-Regulard41d.eot]
[www.rolls-roycemotorcars.com/etc.clientlibs/rrmc/clientlibs/clientlib-components/resources/fonts/Noto-Sans-JP/NotoSansJP-Medium.ce.delayed]
[www.rolls-roycemotorcars.com/etc.clientlibs/rrmc/clientlibs/clientlib-components/resources/fonts/Noto-Sans-JP/NotoSansJP-Regular.woff2]
[www.rolls-roycemotorcars.com/etc.clientlibs/rrmc/clientlibs/clientlib-components/resources/fonts/Noto-Sans-JP/NotoSansJP-Medium.woff]
[www.rolls-roycemotorcars.com/etc.clientlibs/rrmc/clientlibs/clientlib-components/resources/fonts/Noto-Sans-JP/NotoSansJP-Medium.svg]
[www.rolls-roycemotorcars.com/etc.clientlibs/rrmc/clientlibs/clientlib-components/resources/fonts/Noto-Sans-JP/NotoSansJP-Medium.ttf]
[www.rolls-roycemotorcars.com/etc.clientlibs/rrmc/clientlibs/clientlib-components/resources/fonts/Noto-Sans-JP/NotoSansJP-Mediumd41d.eot]
[www.rolls-roycemotorcars.com/etc.clientlibs/rrmc/clientlibs/clientlib-components/resources/fonts/Noto-Sans-JP/NotoSansJP-Bold.d4.delayed]
[www.rolls-roycemotorcars.com/etc.clientlibs/rrmc/clientlibs/clientlib-components/resources/fonts/Noto-Sans-JP/NotoSansJP-Medium.woff2]
[www.rolls-roycemotorcars.com/etc.clientlibs/rrmc/clientlibs/clientlib-components/resources/fonts/Noto-Sans-JP/NotoSansJP-Bold.svg]
[www.rolls-roycemotorcars.com/etc.clientlibs/rrmc/clientlibs/clientlib-components/resources/fonts/Noto-Sans-JP/NotoSansJP-Bold.ttf]
[www.rolls-roycemotorcars.com/etc.clientlibs/rrmc/clientlibs/clientlib-components/resources/fonts/Noto-Sans-JP/NotoSansJP-Bold.woff]
[www.rolls-roycemotorcars.com/etc.clientlibs/rrmc/clientlibs/clientlib-components/resources/fonts/Noto-Sans-JP/NotoSansJP-Boldd41d.eot]
[www.rolls-roycemotorcars.com/etc.clientlibs/rrmc/clientlibs/clientlib-components/resources/fonts/Noto-Sans-JP/NotoSansJP-Bold.woff2]
[www.rolls-roycemotorcars.com/etc.clientlibs/rrmc/clientlibs/clientlib-components/resources/fonts/Noto-Sans-JP/NotoSansJP-Black.da.delayed]
[www.rolls-roycemotorcars.com/etc.clientlibs/rrmc/clientlibs/clientlib-components/resources/fonts/Noto-Sans-JP/NotoSansJP-Blackd41d.eot]
[www.rolls-roycemotorcars.com/etc.clientlibs/rrmc/clientlibs/clientlib-components/resources/fonts/Noto-Sans-JP/NotoSansJP-Black.svg]
[www.rolls-roycemotorcars.com/etc.clientlibs/rrmc/clientlibs/clientlib-components/resources/fonts/Noto-Sans-JP/NotoSansJP-Black.ttf]
[www.rolls-roycemotorcars.com/etc.clientlibs/rrmc/clientlibs/clientlib-components/resources/fonts/Jost/Jost-ExtraLight.de.delayed]
[www.rolls-roycemotorcars.com/etc.clientlibs/rrmc/clientlibs/clientlib-components/resources/fonts/Noto-Sans-JP/NotoSansJP-Black.woff]
[www.rolls-roycemotorcars.com/etc.clientlibs/rrmc/clientlibs/clientlib-components/resources/fonts/Jost/Jost-ExtraLightd41d.eot]
[www.rolls-roycemotorcars.com/etc.clientlibs/rrmc/clientlibs/clientlib-components/resources/fonts/Noto-Sans-JP/NotoSansJP-Black.woff2]
[www.rolls-roycemotorcars.com/etc.clientlibs/rrmc/clientlibs/clientlib-components/resources/fonts/Jost/Jost-ExtraLight.otf]
[www.rolls-roycemotorcars.com/etc.clientlibs/rrmc/clientlibs/clientlib-components/resources/fonts/Jost/Jost-ExtraLight.e1.delayed]
[www.rolls-roycemotorcars.com/etc.clientlibs/rrmc/clientlibs/clientlib-components/resources/fonts/Jost/Jost-ExtraLight.e2.delayed]
[www.rolls-roycemotorcars.com/etc.clientlibs/rrmc/clientlibs/clientlib-components/resources/fonts/Jost/Jost-ExtraLight.woff2]
[www.rolls-roycemotorcars.com/etc.clientlibs/rrmc/clientlibs/clientlib-components/resources/fonts/Jost/Jost-Light.woff]
[www.rolls-roycemotorcars.com/etc.clientlibs/rrmc/clientlibs/clientlib-components/resources/fonts/Jost/Jost-Lightd41d.eot]
[www.rolls-roycemotorcars.com/etc.clientlibs/rrmc/clientlibs/clientlib-components/resources/fonts/Jost/Jost-Light.otf]
[www.rolls-roycemotorcars.com/etc.clientlibs/rrmc/clientlibs/clientlib-components/resources/fonts/Jost/Jost-Light.svg]
[www.rolls-roycemotorcars.com/etc.clientlibs/rrmc/clientlibs/clientlib-components/resources/fonts/Jost/Jost-Light.e8.delayed]
[www.rolls-roycemotorcars.com/etc.clientlibs/rrmc/clientlibs/clientlib-components/resources/fonts/Jost/Jost-Light.woff2]
[www.rolls-roycemotorcars.com/etc.clientlibs/rrmc/clientlibs/clientlib-components/resources/fonts/Jost/Jost-Regular.woff]
[www.rolls-roycemotorcars.com/etc.clientlibs/rrmc/clientlibs/clientlib-components/resources/fonts/Jost/Jost-Regulard41d.eot]
[www.rolls-roycemotorcars.com/etc.clientlibs/rrmc/clientlibs/clientlib-components/resources/fonts/Jost/Jost-Regular.otf]
[www.rolls-roycemotorcars.com/etc.clientlibs/rrmc/clientlibs/clientlib-components/resources/fonts/Jost/Jost-Regular.svg]
[www.rolls-roycemotorcars.com/etc.clientlibs/rrmc/clientlibs/clientlib-components/resources/fonts/Jost/Jost-Regular.ttf]
[www.rolls-roycemotorcars.com/etc.clientlibs/rrmc/clientlibs/clientlib-components/resources/fonts/Jost/Jost-Regular.woff2]
[www.rolls-roycemotorcars.com/etc.clientlibs/rrmc/clientlibs/clientlib-components/resources/fonts/Jost/Jost-Medium.woff]
[www.rolls-roycemotorcars.com/etc.clientlibs/rrmc/clientlibs/clientlib-components/resources/fonts/Jost/Jost-Mediumd41d.eot]
[www.rolls-roycemotorcars.com/etc.clientlibs/rrmc/clientlibs/clientlib-components/resources/fonts/Jost/Jost-Medium.otf]
[www.rolls-roycemotorcars.com/etc.clientlibs/rrmc/clientlibs/clientlib-components/resources/fonts/Jost/Jost-Medium.svg]
[www.rolls-roycemotorcars.com/etc.clientlibs/rrmc/clientlibs/clientlib-components/resources/fonts/Jost/Jost-Medium.f4.delayed]
[www.rolls-roycemotorcars.com/etc.clientlibs/rrmc/clientlibs/clientlib-components/resources/fonts/Jost/Jost-Medium.woff2]
[www.rolls-roycemotorcars.com/etc.clientlibs/rrmc/clientlibs/clientlib-components/resources/fonts/Jost/Jost-Bold.woff]
[www.rolls-roycemotorcars.com/etc.clientlibs/rrmc/clientlibs/clientlib-components/resources/fonts/Jost/Jost-Boldd41d.eot]
[www.rolls-roycemotorcars.com/etc.clientlibs/rrmc/clientlibs/clientlib-components/resources/fonts/Jost/Jost-Bold.otf]
[www.rolls-roycemotorcars.com/etc.clientlibs/rrmc/clientlibs/clientlib-components/resources/fonts/Jost/Jost-Bold.svg]
[www.rolls-roycemotorcars.com/etc.clientlibs/rrmc/clientlibs/clientlib-components/resources/fonts/Jost/Jost-Bold.fa.delayed]
[www.rolls-roycemotorcars.com/etc.clientlibs/rrmc/clientlibs/clientlib-components/resources/fonts/Jost/Jost-Bold.woff2]
[www.rolls-roycemotorcars.com/etc.clientlibs/rrmc/clientlibs/clientlib-components/resources/fonts/Jost/Jost-Black.woff]
[www.rolls-roycemotorcars.com/etc.clientlibs/rrmc/clientlibs/clientlib-components/resources/fonts/Jost/Jost-Blackd41d.eot]
[www.rolls-roycemotorcars.com/etc.clientlibs/rrmc/clientlibs/clientlib-components/resources/fonts/Jost/Jost-Black.otf]
[www.rolls-roycemotorcars.com/etc.clientlibs/rrmc/clientlibs/clientlib-components/resources/fonts/Jost/Jost-Black.svg]
[www.rolls-roycemotorcars.com/etc.clientlibs/rrmc/clientlibs/clientlib-components/resources/fonts/Jost/Jost-Black.100.delayed]
[www.rolls-roycemotorcars.com/etc.clientlibs/rrmc/clientlibs/clientlib-components/resources/fonts/Jost/Jost-Black.woff2]
[www.rolls-roycemotorcars.com/etc.clientlibs/rrmc/clientlibs/clientlib-components/resources/fonts/Raleway/Raleway-ExtraLight.102.delayed]
[www.rolls-roycemotorcars.com/etc.clientlibs/rrmc/clientlibs/clientlib-components/resources/fonts/Raleway/Raleway-ExtraLightd41d.eot]
[www.rolls-roycemotorcars.com/etc.clientlibs/rrmc/clientlibs/clientlib-components/resources/fonts/Raleway/Raleway-ExtraLight.104.delayed]
[www.rolls-roycemotorcars.com/etc.clientlibs/rrmc/clientlibs/clientlib-components/resources/fonts/Raleway/Raleway-ExtraLight.105.delayed]
[www.rolls-roycemotorcars.com/etc.clientlibs/rrmc/clientlibs/clientlib-components/resources/fonts/Raleway/Raleway-ExtraLight.106.delayed]
[www.rolls-roycemotorcars.com/etc.clientlibs/rrmc/clientlibs/clientlib-components/resources/fonts/Raleway/Raleway-ExtraLight.107.delayed]
[www.rolls-roycemotorcars.com/etc.clientlibs/rrmc/clientlibs/clientlib-components/resources/fonts/Raleway/Raleway-Light.woff]
[www.rolls-roycemotorcars.com/etc.clientlibs/rrmc/clientlibs/clientlib-components/resources/fonts/Raleway/Raleway-Lightd41d.eot]
[www.rolls-roycemotorcars.com/etc.clientlibs/rrmc/clientlibs/clientlib-components/resources/fonts/Raleway/Raleway-Light.otf]
[www.rolls-roycemotorcars.com/etc.clientlibs/rrmc/clientlibs/clientlib-components/resources/fonts/Raleway/Raleway-Light.svg]
[www.rolls-roycemotorcars.com/etc.clientlibs/rrmc/clientlibs/clientlib-components/resources/fonts/Raleway/Raleway-Light.10c.delayed]
[www.rolls-roycemotorcars.com/etc.clientlibs/rrmc/clientlibs/clientlib-components/resources/fonts/Raleway/Raleway-Light.woff2]
[www.rolls-roycemotorcars.com/etc.clientlibs/rrmc/clientlibs/clientlib-components/resources/fonts/Raleway/Raleway-Regular.woff]
[www.rolls-roycemotorcars.com/etc.clientlibs/rrmc/clientlibs/clientlib-components/resources/fonts/Raleway/Raleway-Regulard41d.eot]
[www.rolls-roycemotorcars.com/etc.clientlibs/rrmc/clientlibs/clientlib-components/resources/fonts/Raleway/Raleway-Regular.otf]
[www.rolls-roycemotorcars.com/etc.clientlibs/rrmc/clientlibs/clientlib-components/resources/fonts/Raleway/Raleway-Regular.svg]
[www.rolls-roycemotorcars.com/etc.clientlibs/rrmc/clientlibs/clientlib-components/resources/fonts/Raleway/Raleway-Regular.112.delayed]
[www.rolls-roycemotorcars.com/etc.clientlibs/rrmc/clientlibs/clientlib-components/resources/fonts/Raleway/Raleway-Regular.woff2]
[www.rolls-roycemotorcars.com/etc.clientlibs/rrmc/clientlibs/clientlib-components/resources/fonts/Raleway/Raleway-Medium.woff]
[www.rolls-roycemotorcars.com/etc.clientlibs/rrmc/clientlibs/clientlib-components/resources/fonts/Raleway/Raleway-Mediumd41d.eot]
[www.rolls-roycemotorcars.com/etc.clientlibs/rrmc/clientlibs/clientlib-components/resources/fonts/Raleway/Raleway-Medium.116.delayed]
[www.rolls-roycemotorcars.com/etc.clientlibs/rrmc/clientlibs/clientlib-components/resources/fonts/Raleway/Raleway-Medium.svg]
[www.rolls-roycemotorcars.com/etc.clientlibs/rrmc/clientlibs/clientlib-components/resources/fonts/Raleway/Raleway-Medium.118.delayed]
[www.rolls-roycemotorcars.com/etc.clientlibs/rrmc/clientlibs/clientlib-components/resources/fonts/Raleway/Raleway-Medium.woff2]
[www.rolls-roycemotorcars.com/etc.clientlibs/rrmc/clientlibs/clientlib-components/resources/fonts/Raleway/Raleway-Bold.woff]
[www.rolls-roycemotorcars.com/etc.clientlibs/rrmc/clientlibs/clientlib-components/resources/fonts/Raleway/Raleway-Boldd41d.eot]
[www.rolls-roycemotorcars.com/etc.clientlibs/rrmc/clientlibs/clientlib-components/resources/fonts/Raleway/Raleway-Bold.11c.delayed]
[www.rolls-roycemotorcars.com/etc.clientlibs/rrmc/clientlibs/clientlib-components/resources/fonts/Raleway/Raleway-Bold.svg]
[www.rolls-roycemotorcars.com/etc.clientlibs/rrmc/clientlibs/clientlib-components/resources/fonts/Raleway/Raleway-Bold.11e.delayed]
[www.rolls-roycemotorcars.com/etc.clientlibs/rrmc/clientlibs/clientlib-components/resources/fonts/Raleway/Raleway-Bold.woff2]
[www.rolls-roycemotorcars.com/etc.clientlibs/rrmc/clientlibs/clientlib-components/resources/fonts/Raleway/Raleway-Black.woff]
[www.rolls-roycemotorcars.com/etc.clientlibs/rrmc/clientlibs/clientlib-components/resources/fonts/Raleway/Raleway-Blackd41d.eot]
[www.rolls-roycemotorcars.com/etc.clientlibs/rrmc/clientlibs/clientlib-components/resources/fonts/Raleway/Raleway-Black.otf]
[www.rolls-roycemotorcars.com/etc.clientlibs/rrmc/clientlibs/clientlib-components/resources/fonts/Raleway/Raleway-Black.svg]
[www.rolls-roycemotorcars.com/etc.clientlibs/rrmc/clientlibs/clientlib-components/resources/fonts/Raleway/Raleway-Black.124.delayed]
[www.rolls-roycemotorcars.com/etc.clientlibs/rrmc/clientlibs/clientlib-components/resources/fonts/Raleway/Raleway-Black.woff2]
[www.rolls-roycemotorcars.com/etc.clientlibs/rrmc/clientlibs/clientlib-components.2318355bf37ec27aa2b7ae1d42d2a8fc.css]
[www.rolls-roycemotorcars.com/en_GB/location]
[www.rolls-roycemotorcars.com/en_GB/Util.127.delayed]
[www.rolls-roycemotorcars.com/en_GB/Promises.js]
[www.rolls-roycemotorcars.com/en_GB/DebugSupport.129.delayed]
[www.rolls-roycemotorcars.com/en_GB/Session.js]
[www.rolls-roycemotorcars.com/en_GB/Condition.12b.delayed]
[www.rolls-roycemotorcars.com/en_GB/BounceTimer.12c.delayed]
[www.rolls-roycemotorcars.com/en_GB/PIIFilter.12d.delayed]
[www.rolls-roycemotorcars.com/en_GB/DataLayerMapper.js]
[www.rolls-roycemotorcars.com/en_GB/Performance.js]
[www.rolls-roycemotorcars.com/en_GB/LogDescriptor.130.delayed]
[www.rolls-roycemotorcars.com/en_GB/ExtEvntData.131.delayed]
[www.rolls-roycemotorcars.com/en_GB/CookieSupport.js]
[www.rolls-roycemotorcars.com/en_GB/SmartPreviousValueManager.133.delayed]
[www.rolls-roycemotorcars.com/en_GB/SandboxOnly.134.delayed]
[www.rolls-roycemotorcars.com/en_GB/ActivityMapSupport.135.delayed]
[www.rolls-roycemotorcars.com/en_GB/Cache.js]
[www.rolls-roycemotorcars.com/en_GB/get.137.delayed]
[assets.adobedtm.com/717b2dc27cb7/babdcc2f0008/launch-6b20afc3e5fb.min.js]
[www.rolls-roycemotorcars.com/en_GB/ak.html]
[www.rolls-roycemotorcars.com/en_GB/ak-2.html]
[www.rolls-roycemotorcars.com/en_GB/Trident/index.html]
[www.rolls-roycemotorcars.com/en_GB/index.html]
[www.rolls-roycemotorcars.com/en_GB/information/ak.138.delayed]
[www.rolls-roycemotorcars.com/en_GB/information/ak.139.delayed]
[www.rolls-roycemotorcars.com/en_GB/information/pre-owned7cd1.html]
[www.rolls-roycemotorcars.com/en_GB/information/pre-owned.html]
[www.rolls-roycemotorcars.com/en_GB/information/cookie-policy.html]
[www.rolls-roycemotorcars.com/en_GB/information/fb-dat-wltp.html]
[www.rolls-roycemotorcars.com/en_GB/information/compliance.html]
[www.rolls-roycemotorcars.com/en_GB/information/legal-information.html]
[www.rolls-roycemotorcars.com/en_GB/information/nft_termsandconditions.html]
[www.rolls-roycemotorcars.com/en_GB/information/client-complaints-procedure.html]
[www.rolls-roycemotorcars.com/en_GB/information/eu-battery-regulation.html]
[www.rolls-roycemotorcars.com/en_GB/information/contact-rolls-royce.html]
[www.rolls-roycemotorcars.com/en_GB/information/privacy-policy.html]
[www.rolls-roycemotorcars.com/en_GB/information/careers.html]
[www.rolls-roycemotorcars.com/en_GB/ownership/technology-and-car-data.html]
[www.rolls-roycemotorcars.com/en_GB/showroom/spectre-in-motion.html]
[www.rolls-roycemotorcars.com/en_GB/showroom/spectre-in-detail.html]
[www.rolls-roycemotorcars.com/en_GB/showroom/spectre-commission.html]
[www.rolls-roycemotorcars.com/en_GB/showroom/phantom-in-detail.html]
[www.rolls-roycemotorcars.com/en_GB/showroom/phantom-commission.html]
[www.rolls-roycemotorcars.com/en_GB/showroom/phantom-extended-in-detail.html]
[www.rolls-roycemotorcars.com/en_GB/showroom/phantom-extended-commission.html]
[www.rolls-roycemotorcars.com/en_GB/showroom/ghost-in-detail.html]
[www.rolls-roycemotorcars.com/en_GB/showroom/ghost-prism.html]
[www.rolls-roycemotorcars.com/en_GB/showroom/ghost-commission.html]
[www.rolls-roycemotorcars.com/en_GB/showroom/ghost-extended-in-detail.html]
[www.rolls-roycemotorcars.com/en_GB/showroom/ghost-extended-commission.html]
[www.rolls-roycemotorcars.com/en_GB/showroom/cullinan-in-detail.html]
[www.rolls-roycemotorcars.com/en_GB/showroom/cullinan-commission.html]
[www.rolls-roycemotorcars.com/en_GB/showroom/black-badge-commission.html]
[www.rolls-roycemotorcars.com/en_GB/showroom/black-badge-ghost.html]
[www.rolls-roycemotorcars.com/en_GB/inspiring-greatness/vision/103ex.html]
[www.rolls-roycemotorcars.com/en_GB/inspiring-greatness/vision/experimental-history.html]
[www.rolls-roycemotorcars.com/en_GB/inspiring-greatness/vision.html]
[www.rolls-roycemotorcars.com/en_GB/inspiring-greatness/values.html]
[www.rolls-roycemotorcars.com/en_GB/inspiring-greatness/experience.html]
[www.rolls-roycemotorcars.com/en_GB/inspiring-greatness/visionaries.html]
[www.rolls-roycemotorcars.com/en_GB/inspiring-greatness/objects.html]
[www.rolls-roycemotorcars.com/en_GB/inspiring-greatness/vision/introducing-black-badge-cullinan.html]
[www.rolls-roycemotorcars.com/en_GB/inspiring-greatness/values/the-spirit-of-ecstasy.html]
[www.rolls-roycemotorcars.com/en_GB/inspiring-greatness/values/goodwood.171.delayed]
[www.rolls-roycemotorcars.com/en_GB/inspiring-greatness/values/a-vision-beyond-time.html]
[www.rolls-roycemotorcars.com/en_GB/inspiring-greatness/values/the-lexicon-of-rolls-royce.html]
[www.rolls-roycemotorcars.com/en_GB/inspiring-greatness/values/how-rolls-met-royce.html]
[www.rolls-roycemotorcars.com/en_GB/inspiring-greatness/values/a-greener-goodwood.html]
[www.rolls-roycemotorcars.com/en_GB/inspiring-greatness/values/masterpieces-in-miniature.html]
[www.rolls-roycemotorcars.com/en_GB/inspiring-greatness/values/inspiring-greatness-series.html]
[www.rolls-roycemotorcars.com/en_GB/inspiring-greatness/experience/goodwood-revival.html]
[www.rolls-roycemotorcars.com/en_GB/inspiring-greatness/experience/in-the-artists-studio.html]
[www.rolls-roycemotorcars.com/en_GB/inspiring-greatness/experience/a-private-privilege.html]
[www.rolls-roycemotorcars.com/en_GB/inspiring-greatness/experience/dine-on-the-line.html]
[www.rolls-roycemotorcars.com/en_GB/inspiring-greatness/experience/festival-of-speed.html]
[www.rolls-roycemotorcars.com/en_GB/inspiring-greatness/visionaries/serenitys-textile-maven.html]
[www.rolls-roycemotorcars.com/en_GB/inspiring-greatness/visionaries/forge-yellow.html]
[www.rolls-roycemotorcars.com/en_GB/inspiring-greatness/visionaries/the-making-of-boat-tail.html]
[www.rolls-roycemotorcars.com/en_GB/inspiring-greatness/objects/cocktail-hamper.html]
[www.rolls-roycemotorcars.com/en_GB/inspiring-greatness/objects/dawn-aero-cowling.html]
[www.rolls-roycemotorcars.com/en_GB/inspiring-greatness/objects/arrive-in-style-icon-luggage-collection.html]
[www.rolls-roycemotorcars.com/en_GB/inspiring-greatness/objects/picnic-hamper.html]
[www.rolls-roycemotorcars.com/en_GB/inspiring-greatness/objects/under-the-stars.html]
[www.rolls-roycemotorcars.com/en_GB/inspiring-greatness/objects/celestial-craftsmanship.html]
[www.rolls-roycemotorcars.com/en_GB/inspiring-greatness/objects/the-ultimate-accessory.html]
[www.rolls-roycemotorcars.com/en_GB/inspiring-greatness/objects/phantom-gallery.html]
[www.rolls-roycemotorcars.com/en_GB/inspiring-greatness/objects/champagne-chest.html]
[www.rolls-roycemotorcars.com/en_GB/inspiring-greatness/objects/bespoke-craft-technical-weave.html]
[www.rolls-roycemotorcars.com/en_GB/inspiring-greatness/objects/bespoke-craft-leather.html]
[www.rolls-roycemotorcars.com/en_GB/inspiring-greatness/objects/phantom-tempus-champagne-chest.html]
[www.rolls-roycemotorcars.com/en_GB/inspiring-greatness/objects/bespoke-craft-starlight-headliner.html]
[www.rolls-roycemotorcars.com/en_GB/inspiring-greatness/objects/cellarette.html]
[www.rolls-roycemotorcars.com/en_GB/muse/the-dream-commission.html]
[www.rolls-roycemotorcars.com/en_GB/muse/the-dream-commission/winners-preview.html]
[www.rolls-roycemotorcars.com/en_GB/muse/the-dream-commission/history-of-moving-image-art.html]
[www.rolls-roycemotorcars.com/en_GB/muse/the-dream-commission/history-of-moving-image-art-part-two.html]
[www.rolls-roycemotorcars.com/en_GB/muse/the-dream-commission/winners-dream-commission.html]
[www.rolls-roycemotorcars.com/en_GB/muse/the-dream-commission/winners-dream-commission-life-in-dreams.html]
[www.rolls-roycemotorcars.com/en_GB/muse/the-dream-commission/looking-ahead-to-a-year-of-moving-image-art.html]
[www.rolls-roycemotorcars.com/en_GB/muse/the-dream-commission/muse-a-year-in-moving-image.html]
[www.rolls-roycemotorcars.com/en_GB/muse/the-dream-commission/dream-commission.html]
[www.rolls-roycemotorcars.com/en_GB/muse/the-dream-commission/dream-commission-shortlist.html]
[www.rolls-roycemotorcars.com/en_GB/muse/the-dream-commission/the-dream-commission-martine-syms.html]
[www.rolls-roycemotorcars.com/en_GB/muse/the-dream-commission/the-dream-commission-beatriz-santiago-munoz.html]
[www.rolls-roycemotorcars.com/en_GB/muse/the-dream-commission/the-dream-commission-sondra-perry.html]
[www.rolls-roycemotorcars.com/en_GB/muse/the-dream-commission/the-dream-commission-zhou-tao.html]
[www.rolls-roycemotorcars.com/en_GB/muse/the-dream-commission/pioneering-commissions.html]
[www.rolls-roycemotorcars.com/en_GB/muse/the-dream-commission/year-in-moving-image-art.html]
[www.rolls-roycemotorcars.com/en_GB/muse/the-dream-commission/year-ahead-in-moving-image-art.html]
[www.rolls-roycemotorcars.com/en_GB/muse/the-dream-commission/the-inaugural-dream-commission.html]
[www.rolls-roycemotorcars.com/en_GB/muse/the-dream-commission/Dream-Commission-in-Venice.html]
[www.rolls-roycemotorcars.com/en_GB/muse/spirit-of-ecstasy-challenge.html]
[www.rolls-roycemotorcars.com/en_GB/muse/spirit-of-ecstasy-challenge/moved-by-the-spirit.html]
[www.rolls-roycemotorcars.com/en_GB/muse/spirit-of-ecstasy-challenge/reimagining-an-icon.html]
[www.rolls-roycemotorcars.com/en_GB/muse/spirit-of-ecstasy-challenge/winners-announced.html]
[www.rolls-roycemotorcars.com/en_GB/muse/spirit-of-ecstasy-challenge/spirit-of-ecstasy-winner-scarlett-yang.html]
[www.rolls-roycemotorcars.com/en_GB/muse/spirit-of-ecstasy-challenge/spirit-of-ecstasy-winner-ghizlane-sahli.html]
[www.rolls-roycemotorcars.com/en_GB/muse/spirit-of-ecstasy-challenge/spirit-of-ecstasy-winner-bi-rongrong.html]
[www.rolls-roycemotorcars.com/en_GB/muse/spirit-of-ecstasy-challenge/pushing-the-boundaries-of-textiles.html]
[www.rolls-roycemotorcars.com/en_GB/muse/spirit-of-ecstasy-challenge/ghizlane-sahli-nissas-rina.html]
[www.rolls-roycemotorcars.com/en_GB/muse/spirit-of-ecstasy-challenge/bi-rongrong-stitched-urban-skin.html]
[www.rolls-roycemotorcars.com/en_GB/muse/spirit-of-ecstasy-challenge/scarlett-yang-transient-materiality.html]
[www.rolls-roycemotorcars.com/en_GB/muse/spirit-of-ecstasy-challenge/spirit-of-ecstasy-challenge-exhibition.html]
[www.rolls-roycemotorcars.com/en_GB/muse/muse-stories/muse-the-rolls-royce-arts-programme.html]
[www.rolls-roycemotorcars.com/en_GB/muse/muse-stories/dan-holdsworth.html]
[www.rolls-roycemotorcars.com/en_GB/muse/muse-stories/inspiring-minds.html]
[www.rolls-roycemotorcars.com/en_GB/muse/muse-stories/commissions.html]
[www.rolls-roycemotorcars.com/en_GB/muse/muse-stories/stones-against-diamonds.html]
[www.rolls-roycemotorcars.com/en_GB/muse/muse-stories/art-of-perfection.html]
[www.rolls-roycemotorcars.com/en_GB/muse/muse-stories.html]
[www.rolls-roycemotorcars.com/en_GB/muse/muse-stories/cao-fei-blueprints.html]
[www.rolls-roycemotorcars.com/en_GB/muse/muse-stories/collecting-and-curating-media-art.html]
[www.rolls-roycemotorcars.com/en_GB/muse/muse-stories/art-in-360.html]
[www.rolls-roycemotorcars.com/en_GB/muse/muse-stories/generation-next.html]
[www.rolls-roycemotorcars.com/en_GB/muse/muse-stories/in-conversation-pamela-kramlich.html]
[www.rolls-roycemotorcars.com/en_GB/muse/muse-stories/the-art-of-collecting.html]
[www.rolls-roycemotorcars.com/en_GB/muse/muse-stories/dominique-gonzalez-foerster-alienarium-5.html]
[www.rolls-roycemotorcars.com/en_GB/muse/muse-stories/jane-suitor-the-art-of-collecting.html]
[www.rolls-roycemotorcars.com/en_GB/muse/muse-stories/2022-a-year-of-muse.html]
[www.rolls-roycemotorcars.com/en_GB/bespoke/collection-cars/dawn-silver-bullet.html]
[www.rolls-roycemotorcars.com/en_GB/bespoke/collection-cars/black-badge-cullinan-capella.html]
[www.rolls-roycemotorcars.com/en_GB/bespoke/collection-cars/black-badge-wraith-inception.html]
[www.rolls-roycemotorcars.com/en_GB/bespoke/collection-cars/wraith-kryptos-collection.html]
[www.rolls-roycemotorcars.com/en_GB/bespoke/collection-cars/phantom-syntopia.html]
[www.rolls-roycemotorcars.com/en_GB/bespoke/collection-cars/black-badge-neon-nights.html]
[www.rolls-roycemotorcars.com/en_GB/bespoke/collection-cars/wraith-black-arrow.html]
[www.rolls-roycemotorcars.com/en_GB/bespoke/collection-cars/phantom-oribe.html]
[www.rolls-roycemotorcars.com/en_GB/bespoke/collection-cars/phantom-tempus.html]
[www.rolls-roycemotorcars.com/en_GB/bespoke/collection-cars/black-badge-landspeed-collection.html]
[www.rolls-roycemotorcars.com/en_GB/bespoke/coachbuild/arcadia-droptail.html]
[www.rolls-roycemotorcars.com/en_GB/bespoke/coachbuild/amethyst-droptail.html]
[www.rolls-roycemotorcars.com/en_GB/bespoke/coachbuild/la-rose-noire-droptail.html]
[www.rolls-roycemotorcars.com/en_GB/bespoke/coachbuild.html/coachbuild-boat-tailhtml.html]
[www.rolls-roycemotorcars.com/en_GB/bespoke/coachbuild/boat-tail-the-next-chapter.html]
[www.rolls-roycemotorcars.com/en_GB/bespoke/coachbuild/coachbuild-sweptail.html]
[www.rolls-roycemotorcars.com/en_GB/bespoke/private-collection-cars/black-badge-ghost-ekleipsis.html]
[www.rolls-roycemotorcars.com/en_GB/bespoke/private-collection-cars/black-badge-cullinan-blue-shadow.html]
[www.rolls-roycemotorcars.com/en_GB/dealers.html]
[www.rolls-roycemotorcars.com/en_GB/information/reach-campaign.html]
[www.rolls-roycemotorcars.com/en_GB/information/site-map.html]
[www.rolls-roycemotorcars.com/en_GB/dealers/site-map.html]
[www.rolls-roycemotorcars.com/en_GB/ownership/ak.m]
[www.rolls-roycemotorcars.com/en_GB/ownership/ak.1da.delayed]
[www.rolls-roycemotorcars.com/en_GB/ownership/whispers.html]
[www.rolls-roycemotorcars.com/en_GB/showroom/black-badge-spectre.html]
[www.rolls-roycemotorcars.com/en_GB/information/sustainability.html]
[www.rolls-roycemotorcars.com/en_GB/showroom/ak.m]
[www.rolls-roycemotorcars.com/en_GB/showroom/ak.t]
[www.rolls-roycemotorcars.com/en_GB/bespoke/configure-your-rolls-royce7b03.html]
[www.rolls-roycemotorcars.com/en_GB/showroom/spectre.html]
[www.rolls-roycemotorcars.com/en_GB/showroom/cullinan.html]
[www.rolls-roycemotorcars.com/en_GB/showroom/black-badge-cullinan.html]
[www.rolls-roycemotorcars.com/en_GB/showroom/ghost.html]
[www.rolls-roycemotorcars.com/en_GB/showroom/spectre7cd1.html]
[www.rolls-roycemotorcars.com/en_GB/bespoke/ak.1f2.delayed]
[www.rolls-roycemotorcars.com/en_GB/bespoke/ak.1f3.delayed]
[www.rolls-roycemotorcars.com/en_GB/bespoke/coachbuild/coachbuild-boat-tail.html]
[www.rolls-roycemotorcars.com/en_GB/bespoke/private-collection-cars/phantom-centenary.html]
[www.rolls-roycemotorcars.com/en_GB/bespoke/private-collection-cars/phantom-scintilla.html]
[www.rolls-roycemotorcars.com/en_GB/bespoke/discover.html]
[www.rolls-roycemotorcars.com/en_GB/inspiring-greatness.html]
[www.rolls-roycemotorcars.com/en_GB/showroom/phantom.html]
[www.rolls-roycemotorcars.com/en_GB/showroom/phantom-extended.html]
[www.rolls-roycemotorcars.com/en_GB/showroom/ghost-extended.html]
[www.rolls-roycemotorcars.com/en_GB/showroom/black-badge.html]
[www.rolls-roycemotorcars.com/en_GB/bespoke/spectre-primavera.html]
[www.rolls-roycemotorcars.com/en_GB/boutique/all-accessories/rolls-royce-umbrellas.html]
[www.rolls-roycemotorcars.com/en_GB/boutique/all-accessories/icon-luggage-collection.html]
[www.rolls-roycemotorcars.com/en_GB/boutique/all-accessories/kinetic-luggage-collection.html]
[www.rolls-roycemotorcars.com/en_GB/boutique/all-accessories/infinity-stylus.html]
[www.rolls-roycemotorcars.com/en_GB/boutique/interior-accessories.html]
[www.rolls-roycemotorcars.com/en_GB/boutique/exterior-accessories.html]
[www.rolls-roycemotorcars.com/en_GB/boutique/car-care-accessories.html]
[www.rolls-roycemotorcars.com/en_GB/boutique/lifestyle-accessories.html]
[www.rolls-roycemotorcars.com/en_GB/boutique/phantom-accessories.html]
[www.rolls-roycemotorcars.com/en_GB/boutique/phantom-extended-accessories.html]
[www.rolls-roycemotorcars.com/en_GB/boutique/spectre-accessories.html]
[www.rolls-roycemotorcars.com/en_GB/boutique/ghost-accessories.html]
[www.rolls-roycemotorcars.com/en_GB/boutique/ghost-extended-accessories.html]
[www.rolls-roycemotorcars.com/en_GB/boutique/cullinan-accessories.html]
[www.rolls-roycemotorcars.com/en_GB/boutique/black-badge-accessories.html]
[www.rolls-roycemotorcars.com/en_GB/boutique/bespoke-collection.html]
[www.rolls-roycemotorcars.com/en_GB/boutique/for-the-winter-collections.html]
[www.rolls-roycemotorcars.com/en_GB/boutique/for-the-family-collections.html]
[www.rolls-roycemotorcars.com/en_GB/boutique/for-the-connoisseur-collections.html]
[www.rolls-roycemotorcars.com/en_GB/boutique/all-accessories/starlight-headliner.html]
[www.rolls-roycemotorcars.com/en_GB/boutique/my-list.html]
[www.rolls-roycemotorcars.com/en_GB/boutique/empty-list.html]
[www.rolls-roycemotorcars.com/en_GB/boutique.html]
[www.rolls-roycemotorcars.com/en_GB/muse.html]
[visualiser.rolls-roycemotorcars.com/web-component/model-selection/scripts.js]
[visualiser.rolls-roycemotorcars.com/web-component/model-selection/runtime.js]
[visualiser.rolls-roycemotorcars.com/web-component/model-selection/polyfills.js]
[www.rolls-roycemotorcars.com/en_GB/bespoke/configure-your-rolls-royce.html]
[visualiser.rolls-roycemotorcars.com/web-component/model-selection/main.js]
[www.rolls-roycemotorcars.com/en_GB/bespoke/coachbuild.html]
[www.rolls-roycemotorcars.com/en_GB/bespoke/inspiration.html]
[www.rolls-roycemotorcars.com/en_GB/bespoke/craft.html]
[www.rolls-roycemotorcars.com/en_GB/bespoke/objects-of-luxury.html]
[www.rolls-roycemotorcars.com/en_GB/ownership/owners-lounge.html]
[www.rolls-roycemotorcars.com/en_GB/inspiring-greatness/objects/the-art-of-packing-kinetic-luggage-collection.html]
[www.rolls-roycemotorcars.com/en_GB/boutique/all-accessories/tyre-cradles.html]
[www.rolls-roycemotorcars.com/en_GB/boutique/all-accessories/indoor-car-cover.html]
[www.rolls-roycemotorcars.com/en_GB/ownership/your-motor-car.html]
[www.rolls-roycemotorcars.com/en_GB/ownership/charging.html]
[www.rolls-roycemotorcars.com/en_GB/boutique/all-accessories/rolls-royce-wallbox.html]
[www.rolls-roycemotorcars.com/en_GB/information/contact-rolls-royce3901.html]
[www.rolls-roycemotorcars.com/en_GB/ownership/roadside-assistance.html]
[www.rolls-roycemotorcars.com/etc.clientlibs/rrmc/clientlibs/clientlib-components/resources/img/loader-light.svg]
[www.rolls-roycemotorcars.com/etc.clientlibs/rrmc/clientlibs/clientlib-components/resources/fonts/riviera-nights/RivieraNights-Ultralight/RivieraNights-Ultralight.svg]
[www.rolls-roycemotorcars.com/etc.clientlibs/rrmc/clientlibs/clientlib-components/resources/fonts/riviera-nights/RivieraNights-Ultralight/RivieraNights-Ultralight.html]
[www.rolls-roycemotorcars.com/etc.clientlibs/rrmc/clientlibs/clientlib-components/resources/fonts/riviera-nights/RivieraNights-Light/RivieraNights-Light.svg]
[www.rolls-roycemotorcars.com/etc.clientlibs/rrmc/clientlibs/clientlib-components/resources/fonts/riviera-nights/RivieraNights-Light/RivieraNights-Light.html]
[www.rolls-roycemotorcars.com/etc.clientlibs/rrmc/clientlibs/clientlib-components/resources/fonts/riviera-nights/RivieraNights-Regular/RivieraNights-Regular.svg]
[www.rolls-roycemotorcars.com/etc.clientlibs/rrmc/clientlibs/clientlib-components/resources/fonts/riviera-nights/RivieraNights-Regular/RivieraNights-Regular.html]
[www.rolls-roycemotorcars.com/etc.clientlibs/rrmc/clientlibs/clientlib-components/resources/fonts/riviera-nights/RivieraNights-Medium/RivieraNights-Medium.svg]
[www.rolls-roycemotorcars.com/etc.clientlibs/rrmc/clientlibs/clientlib-components/resources/fonts/riviera-nights/RivieraNights-Medium/RivieraNights-Medium.html]
[www.rolls-roycemotorcars.com/etc.clientlibs/rrmc/clientlibs/clientlib-components/resources/fonts/riviera-nights/RivieraNights-Bold/RivieraNights-Bold.svg]
[www.rolls-roycemotorcars.com/etc.clientlibs/rrmc/clientlibs/clientlib-components/resources/fonts/riviera-nights/RivieraNights-Bold/RivieraNights-Bold.html]
[www.rolls-roycemotorcars.com/etc.clientlibs/rrmc/clientlibs/clientlib-components/resources/fonts/riviera-nights/RivieraNights-Black/RivieraNights-Black.svg]
[www.rolls-roycemotorcars.com/etc.clientlibs/rrmc/clientlibs/clientlib-components/resources/fonts/riviera-nights/RivieraNights-Black/RivieraNights-Black.html]
[www.rolls-roycemotorcars.com/etc.clientlibs/rrmc/clientlibs/clientlib-components/resources/fonts/Noto-Sans-SC/NotoSansSC-Thin.html]
[www.rolls-roycemotorcars.com/etc.clientlibs/rrmc/clientlibs/clientlib-components/resources/fonts/Noto-Sans-SC/NotoSansSC-Thind41d.html]
[www.rolls-roycemotorcars.com/etc.clientlibs/rrmc/clientlibs/clientlib-components/resources/fonts/Noto-Sans-SC/NotoSansSC-Thin-2.html]
[www.rolls-roycemotorcars.com/etc.clientlibs/rrmc/clientlibs/clientlib-components/resources/fonts/Noto-Sans-SC/NotoSansSC-Thin-3.html]
[www.rolls-roycemotorcars.com/etc.clientlibs/rrmc/clientlibs/clientlib-components/resources/fonts/Noto-Sans-SC/NotoSansSC-Thin-4.html]
[www.rolls-roycemotorcars.com/etc.clientlibs/rrmc/clientlibs/clientlib-components/resources/fonts/Noto-Sans-SC/NotoSansSC-Thin-5.html]
[www.rolls-roycemotorcars.com/etc.clientlibs/rrmc/clientlibs/clientlib-components/resources/fonts/Noto-Sans-SC/NotoSansSC-Light.html]
[www.rolls-roycemotorcars.com/etc.clientlibs/rrmc/clientlibs/clientlib-components/resources/fonts/Noto-Sans-SC/NotoSansSC-Light.svg]
[www.rolls-roycemotorcars.com/etc.clientlibs/rrmc/clientlibs/clientlib-components/resources/fonts/Noto-Sans-SC/NotoSansSC-Light-2.html]
[www.rolls-roycemotorcars.com/etc.clientlibs/rrmc/clientlibs/clientlib-components/resources/fonts/Noto-Sans-SC/NotoSansSC-Regular.html]
[www.rolls-roycemotorcars.com/etc.clientlibs/rrmc/clientlibs/clientlib-components/resources/fonts/Noto-Sans-SC/NotoSansSC-Regular.svg]
[www.rolls-roycemotorcars.com/etc.clientlibs/rrmc/clientlibs/clientlib-components/resources/fonts/Noto-Sans-SC/NotoSansSC-Regular-2.html]
[www.rolls-roycemotorcars.com/etc.clientlibs/rrmc/clientlibs/clientlib-components/resources/fonts/Noto-Sans-SC/NotoSansSC-Medium.html]
[www.rolls-roycemotorcars.com/etc.clientlibs/rrmc/clientlibs/clientlib-components/resources/fonts/Noto-Sans-SC/NotoSansSC-Medium.svg]
[www.rolls-roycemotorcars.com/etc.clientlibs/rrmc/clientlibs/clientlib-components/resources/fonts/Noto-Sans-SC/NotoSansSC-Medium-2.html]
[www.rolls-roycemotorcars.com/etc.clientlibs/rrmc/clientlibs/clientlib-components/resources/fonts/Noto-Sans-SC/NotoSansSC-Bold.html]
[www.rolls-roycemotorcars.com/etc.clientlibs/rrmc/clientlibs/clientlib-components/resources/fonts/Noto-Sans-SC/NotoSansSC-Bold.svg]
[www.rolls-roycemotorcars.com/etc.clientlibs/rrmc/clientlibs/clientlib-components/resources/fonts/Noto-Sans-SC/NotoSansSC-Bold-2.html]
[www.rolls-roycemotorcars.com/etc.clientlibs/rrmc/clientlibs/clientlib-components/resources/fonts/Noto-Sans-SC/NotoSansSC-Black.html]
[www.rolls-roycemotorcars.com/etc.clientlibs/rrmc/clientlibs/clientlib-components/resources/fonts/Noto-Sans-SC/NotoSansSC-Black.svg]
[www.rolls-roycemotorcars.com/etc.clientlibs/rrmc/clientlibs/clientlib-components/resources/fonts/Noto-Sans-SC/NotoSansSC-Black-2.html]
[www.rolls-roycemotorcars.com/etc.clientlibs/rrmc/clientlibs/clientlib-components/resources/fonts/Noto-Sans-KR/NotoSansKR-Thin.html]
[www.rolls-roycemotorcars.com/etc.clientlibs/rrmc/clientlibs/clientlib-components/resources/fonts/Noto-Sans-KR/NotoSansKR-Thin.svg]
[www.rolls-roycemotorcars.com/etc.clientlibs/rrmc/clientlibs/clientlib-components/resources/fonts/Noto-Sans-KR/NotoSansKR-Thin-2.html]
[www.rolls-roycemotorcars.com/etc.clientlibs/rrmc/clientlibs/clientlib-components/resources/fonts/Noto-Sans-KR/NotoSansKR-Light.html]
[www.rolls-roycemotorcars.com/etc.clientlibs/rrmc/clientlibs/clientlib-components/resources/fonts/Noto-Sans-KR/NotoSansKR-Light.svg]
[www.rolls-roycemotorcars.com/etc.clientlibs/rrmc/clientlibs/clientlib-components/resources/fonts/Noto-Sans-KR/NotoSansKR-Light-2.html]
[www.rolls-roycemotorcars.com/etc.clientlibs/rrmc/clientlibs/clientlib-components/resources/fonts/Noto-Sans-KR/NotoSansKR-Regular.html]
[www.rolls-roycemotorcars.com/etc.clientlibs/rrmc/clientlibs/clientlib-components/resources/fonts/Noto-Sans-KR/NotoSansKR-Regular.svg]
[www.rolls-roycemotorcars.com/etc.clientlibs/rrmc/clientlibs/clientlib-components/resources/fonts/Noto-Sans-KR/NotoSansKR-Regular-2.html]
[www.rolls-roycemotorcars.com/etc.clientlibs/rrmc/clientlibs/clientlib-components/resources/fonts/Noto-Sans-KR/NotoSansKR-Medium.html]
[www.rolls-roycemotorcars.com/etc.clientlibs/rrmc/clientlibs/clientlib-components/resources/fonts/Noto-Sans-KR/NotoSansKR-Medium.svg]
[www.rolls-roycemotorcars.com/etc.clientlibs/rrmc/clientlibs/clientlib-components/resources/fonts/Noto-Sans-KR/NotoSansKR-Medium-2.html]
[www.rolls-roycemotorcars.com/etc.clientlibs/rrmc/clientlibs/clientlib-components/resources/fonts/Noto-Sans-KR/NotoSansKR-Bold.html]
[www.rolls-roycemotorcars.com/etc.clientlibs/rrmc/clientlibs/clientlib-components/resources/fonts/Noto-Sans-KR/NotoSansKR-Bold.svg]
[www.rolls-roycemotorcars.com/etc.clientlibs/rrmc/clientlibs/clientlib-components/resources/fonts/Noto-Sans-KR/NotoSansKR-Bold-2.html]
[www.rolls-roycemotorcars.com/etc.clientlibs/rrmc/clientlibs/clientlib-components/resources/fonts/Noto-Sans-KR/NotoSansKR-Black.html]
[www.rolls-roycemotorcars.com/etc.clientlibs/rrmc/clientlibs/clientlib-components/resources/fonts/Noto-Sans-KR/NotoSansKR-Black.svg]
[www.rolls-roycemotorcars.com/etc.clientlibs/rrmc/clientlibs/clientlib-components/resources/fonts/Noto-Sans-KR/NotoSansKR-Black-2.html]
[www.rolls-roycemotorcars.com/etc.clientlibs/rrmc/clientlibs/clientlib-components/resources/fonts/Noto-Sans-JP/NotoSansJP-Thin.html]
[www.rolls-roycemotorcars.com/etc.clientlibs/rrmc/clientlibs/clientlib-components/resources/fonts/Noto-Sans-JP/NotoSansJP-Thin.svg]
[www.rolls-roycemotorcars.com/etc.clientlibs/rrmc/clientlibs/clientlib-components/resources/fonts/Noto-Sans-JP/NotoSansJP-Thin-2.html]
[www.rolls-roycemotorcars.com/etc.clientlibs/rrmc/clientlibs/clientlib-components/resources/fonts/Noto-Sans-JP/NotoSansJP-Light.html]
[www.rolls-roycemotorcars.com/etc.clientlibs/rrmc/clientlibs/clientlib-components/resources/fonts/Noto-Sans-JP/NotoSansJP-Light.svg]
[www.rolls-roycemotorcars.com/etc.clientlibs/rrmc/clientlibs/clientlib-components/resources/fonts/Noto-Sans-JP/NotoSansJP-Light-2.html]
[www.rolls-roycemotorcars.com/etc.clientlibs/rrmc/clientlibs/clientlib-components/resources/fonts/Noto-Sans-JP/NotoSansJP-Regular.html]
[www.rolls-roycemotorcars.com/etc.clientlibs/rrmc/clientlibs/clientlib-components/resources/fonts/Noto-Sans-JP/NotoSansJP-Regular.svg]
[www.rolls-roycemotorcars.com/etc.clientlibs/rrmc/clientlibs/clientlib-components/resources/fonts/Noto-Sans-JP/NotoSansJP-Regular-2.html]
[www.rolls-roycemotorcars.com/etc.clientlibs/rrmc/clientlibs/clientlib-components/resources/fonts/Noto-Sans-JP/NotoSansJP-Medium.html]
[www.rolls-roycemotorcars.com/etc.clientlibs/rrmc/clientlibs/clientlib-components/resources/fonts/Noto-Sans-JP/NotoSansJP-Medium.svg]
[www.rolls-roycemotorcars.com/etc.clientlibs/rrmc/clientlibs/clientlib-components/resources/fonts/Noto-Sans-JP/NotoSansJP-Medium-2.html]
[www.rolls-roycemotorcars.com/etc.clientlibs/rrmc/clientlibs/clientlib-components/resources/fonts/Noto-Sans-JP/NotoSansJP-Bold.html]
[www.rolls-roycemotorcars.com/etc.clientlibs/rrmc/clientlibs/clientlib-components/resources/fonts/Noto-Sans-JP/NotoSansJP-Bold.svg]
[www.rolls-roycemotorcars.com/etc.clientlibs/rrmc/clientlibs/clientlib-components/resources/fonts/Noto-Sans-JP/NotoSansJP-Bold-2.html]
[www.rolls-roycemotorcars.com/etc.clientlibs/rrmc/clientlibs/clientlib-components/resources/fonts/Noto-Sans-JP/NotoSansJP-Black.html]
[www.rolls-roycemotorcars.com/etc.clientlibs/rrmc/clientlibs/clientlib-components/resources/fonts/Noto-Sans-JP/NotoSansJP-Black.svg]
[www.rolls-roycemotorcars.com/etc.clientlibs/rrmc/clientlibs/clientlib-components/resources/fonts/Noto-Sans-JP/NotoSansJP-Black-2.html]
[www.rolls-roycemotorcars.com/etc.clientlibs/rrmc/clientlibs/clientlib-components/resources/fonts/Jost/Jost-ExtraLight.html]
[www.rolls-roycemotorcars.com/etc.clientlibs/rrmc/clientlibs/clientlib-components/resources/fonts/Jost/Jost-ExtraLightd41d.html]
[www.rolls-roycemotorcars.com/etc.clientlibs/rrmc/clientlibs/clientlib-components/resources/fonts/Jost/Jost-ExtraLight-2.html]
[www.rolls-roycemotorcars.com/etc.clientlibs/rrmc/clientlibs/clientlib-components/resources/fonts/Jost/Jost-ExtraLight-3.html]
[www.rolls-roycemotorcars.com/etc.clientlibs/rrmc/clientlibs/clientlib-components/resources/fonts/Jost/Jost-ExtraLight-4.html]
[www.rolls-roycemotorcars.com/etc.clientlibs/rrmc/clientlibs/clientlib-components/resources/fonts/Jost/Jost-ExtraLight-5.html]
[www.rolls-roycemotorcars.com/etc.clientlibs/rrmc/clientlibs/clientlib-components/resources/fonts/Jost/Jost-Light.html]
[www.rolls-roycemotorcars.com/etc.clientlibs/rrmc/clientlibs/clientlib-components/resources/fonts/Jost/Jost-Light.svg]
[www.rolls-roycemotorcars.com/etc.clientlibs/rrmc/clientlibs/clientlib-components/resources/fonts/Jost/Jost-Light-2.html]
[www.rolls-roycemotorcars.com/etc.clientlibs/rrmc/clientlibs/clientlib-components/resources/fonts/Jost/Jost-Regular.html]
[www.rolls-roycemotorcars.com/etc.clientlibs/rrmc/clientlibs/clientlib-components/resources/fonts/Jost/Jost-Regular.svg]
[www.rolls-roycemotorcars.com/etc.clientlibs/rrmc/clientlibs/clientlib-components/resources/fonts/Jost/Jost-Regular-2.html]
[www.rolls-roycemotorcars.com/etc.clientlibs/rrmc/clientlibs/clientlib-components/resources/fonts/Jost/Jost-Medium.html]
[www.rolls-roycemotorcars.com/etc.clientlibs/rrmc/clientlibs/clientlib-components/resources/fonts/Jost/Jost-Medium.svg]
[www.rolls-roycemotorcars.com/etc.clientlibs/rrmc/clientlibs/clientlib-components/resources/fonts/Jost/Jost-Medium-2.html]
[www.rolls-roycemotorcars.com/etc.clientlibs/rrmc/clientlibs/clientlib-components/resources/fonts/Jost/Jost-Bold.html]
[www.rolls-roycemotorcars.com/etc.clientlibs/rrmc/clientlibs/clientlib-components/resources/fonts/Jost/Jost-Bold.svg]
[www.rolls-roycemotorcars.com/etc.clientlibs/rrmc/clientlibs/clientlib-components/resources/fonts/Jost/Jost-Bold-2.html]
[www.rolls-roycemotorcars.com/etc.clientlibs/rrmc/clientlibs/clientlib-components/resources/fonts/Jost/Jost-Black.html]
[www.rolls-roycemotorcars.com/etc.clientlibs/rrmc/clientlibs/clientlib-components/resources/fonts/Jost/Jost-Black.svg]
[www.rolls-roycemotorcars.com/etc.clientlibs/rrmc/clientlibs/clientlib-components/resources/fonts/Jost/Jost-Black-2.html]
[www.rolls-roycemotorcars.com/etc.clientlibs/rrmc/clientlibs/clientlib-components/resources/fonts/Raleway/Raleway-ExtraLight.html]
[www.rolls-roycemotorcars.com/etc.clientlibs/rrmc/clientlibs/clientlib-components/resources/fonts/Raleway/Raleway-ExtraLightd41d.html]
[www.rolls-roycemotorcars.com/etc.clientlibs/rrmc/clientlibs/clientlib-components/resources/fonts/Raleway/Raleway-ExtraLight-2.html]
[www.rolls-roycemotorcars.com/etc.clientlibs/rrmc/clientlibs/clientlib-components/resources/fonts/Raleway/Raleway-ExtraLight-3.html]
[www.rolls-roycemotorcars.com/etc.clientlibs/rrmc/clientlibs/clientlib-components/resources/fonts/Raleway/Raleway-ExtraLight-4.html]
[www.rolls-roycemotorcars.com/etc.clientlibs/rrmc/clientlibs/clientlib-components/resources/fonts/Raleway/Raleway-ExtraLight-5.html]
[www.rolls-roycemotorcars.com/etc.clientlibs/rrmc/clientlibs/clientlib-components/resources/fonts/Raleway/Raleway-Light.html]
[www.rolls-roycemotorcars.com/etc.clientlibs/rrmc/clientlibs/clientlib-components/resources/fonts/Raleway/Raleway-Light.svg]
[www.rolls-roycemotorcars.com/etc.clientlibs/rrmc/clientlibs/clientlib-components/resources/fonts/Raleway/Raleway-Light-2.html]
[www.rolls-roycemotorcars.com/etc.clientlibs/rrmc/clientlibs/clientlib-components/resources/fonts/Raleway/Raleway-Regular.html]
[www.rolls-roycemotorcars.com/etc.clientlibs/rrmc/clientlibs/clientlib-components/resources/fonts/Raleway/Raleway-Regular.svg]
[www.rolls-roycemotorcars.com/etc.clientlibs/rrmc/clientlibs/clientlib-components/resources/fonts/Raleway/Raleway-Regular-2.html]
[www.rolls-roycemotorcars.com/etc.clientlibs/rrmc/clientlibs/clientlib-components/resources/fonts/Raleway/Raleway-Medium.html]
[www.rolls-roycemotorcars.com/etc.clientlibs/rrmc/clientlibs/clientlib-components/resources/fonts/Raleway/Raleway-Medium.svg]
[www.rolls-roycemotorcars.com/etc.clientlibs/rrmc/clientlibs/clientlib-components/resources/fonts/Raleway/Raleway-Medium-2.html]
[www.rolls-roycemotorcars.com/etc.clientlibs/rrmc/clientlibs/clientlib-components/resources/fonts/Raleway/Raleway-Bold.html]
[www.rolls-roycemotorcars.com/etc.clientlibs/rrmc/clientlibs/clientlib-components/resources/fonts/Raleway/Raleway-Bold.svg]
[www.rolls-roycemotorcars.com/etc.clientlibs/rrmc/clientlibs/clientlib-components/resources/fonts/Raleway/Raleway-Bold-2.html]
[www.rolls-roycemotorcars.com/etc.clientlibs/rrmc/clientlibs/clientlib-components/resources/fonts/Raleway/Raleway-Black.html]
[www.rolls-roycemotorcars.com/etc.clientlibs/rrmc/clientlibs/clientlib-components/resources/fonts/Raleway/Raleway-Black.svg]
[www.rolls-roycemotorcars.com/etc.clientlibs/rrmc/clientlibs/clientlib-components/resources/fonts/Raleway/Raleway-Black-2.html]
[www.rolls-roycemotorcars.com/en_GB/location.html]
[www.rolls-roycemotorcars.com/en_GB/Util.html]
[www.rolls-roycemotorcars.com/en_GB/Promises.html]
[www.rolls-roycemotorcars.com/en_GB/DebugSupport.html]
[www.rolls-roycemotorcars.com/en_GB/Session.html]
[www.rolls-roycemotorcars.com/en_GB/Condition.html]
[www.rolls-roycemotorcars.com/en_GB/BounceTimer.html]
[www.rolls-roycemotorcars.com/en_GB/PIIFilter.html]
[www.rolls-roycemotorcars.com/en_GB/DataLayerMapper.html]
[www.rolls-roycemotorcars.com/en_GB/Performance.html]
[www.rolls-roycemotorcars.com/en_GB/LogDescriptor.html]
[www.rolls-roycemotorcars.com/en_GB/ExtEvntData.html]
[www.rolls-roycemotorcars.com/en_GB/CookieSupport.html]
[www.rolls-roycemotorcars.com/en_GB/SmartPreviousValueManager.html]
[www.rolls-roycemotorcars.com/en_GB/SandboxOnly.html]
[www.rolls-roycemotorcars.com/en_GB/ActivityMapSupport.html]
[www.rolls-roycemotorcars.com/en_GB/Cache.html]
[www.rolls-roycemotorcars.com/en_GB/Trident/index.html]
[www.rolls-roycemotorcars.com/en_GB/get.html]
[www.rolls-roycemotorcars.com/en_GB/index.html]
[www.rolls-roycemotorcars.com/en_GB/information/ak.html]
[www.rolls-roycemotorcars.com/en_GB/information/ak-2.html]
[www.rolls-roycemotorcars.com/en_GB/information/pre-owned7cd1.html]
[www.rolls-roycemotorcars.com/en_GB/information/fb-dat-wltp.html]
[www.rolls-roycemotorcars.com/en_GB/information/compliance.html]
[www.rolls-roycemotorcars.com/en_GB/information/nft_termsandconditions.html]
[www.rolls-roycemotorcars.com/en_GB/ownership/technology-and-car-data.html]
[www.rolls-roycemotorcars.com/en_GB/showroom/spectre-in-detail.html]
[www.rolls-roycemotorcars.com/en_GB/showroom/spectre-in-detail7cd1.html]
[www.rolls-roycemotorcars.com/en_GB/showroom/spectre-in-motion.html]
[www.rolls-roycemotorcars.com/en_GB/showroom/spectre-in-motion7cd1.html]
[www.rolls-roycemotorcars.com/en_GB/showroom/spectre-commission.html]
[www.rolls-roycemotorcars.com/en_GB/showroom/phantom-in-detail.html]
[www.rolls-roycemotorcars.com/en_GB/showroom/phantom-commission.html]
[visualiser-int.rolls-roycemotorcars.com/web-component/model-selection/scripts.js]
[www.rolls-roycemotorcars.com/en_GB/showroom/phantom-extended-in-detail.html]
[www.rolls-roycemotorcars.com/en_GB/showroom/phantom-extended-commission.html]
[www.rolls-roycemotorcars.com/en_GB/showroom/ghost-in-detail.html]
[www.rolls-roycemotorcars.com/en_GB/showroom/ghost-prism.html]
[www.rolls-roycemotorcars.com/en_GB/showroom/ghost-prism7cd1.html]
[www.rolls-roycemotorcars.com/en_GB/showroom/ghost-commission.html]
[www.rolls-roycemotorcars.com/en_GB/showroom/ghost-extended-in-detail.html]
[www.rolls-roycemotorcars.com/en_GB/showroom/ghost-extended-commission.html]
[www.rolls-roycemotorcars.com/en_GB/showroom/cullinan-in-detail.html]
[www.rolls-roycemotorcars.com/en_GB/showroom/cullinan-commission.html]
[www.rolls-roycemotorcars.com/en_GB/showroom/black-badge-ghost.html]
[www.rolls-roycemotorcars.com/en_GB/showroom/black-badge-ghost7cd1.html]
[www.rolls-roycemotorcars.com/en_GB/showroom/black-badge-commission.html]
[www.rolls-roycemotorcars.com/en_GB/inspiring-greatness/vision/ak.m]
[www.rolls-roycemotorcars.com/en_GB/inspiring-greatness/vision/ak.299.delayed]
[www.rolls-roycemotorcars.com/en_GB/inspiring-greatness/vision/103ex.html]
[www.rolls-roycemotorcars.com/en_GB/inspiring-greatness/vision/experimental-history.html]
[www.rolls-roycemotorcars.com/en_GB/inspiring-greatness/ak.m]
[www.rolls-roycemotorcars.com/en_GB/inspiring-greatness/ak.2a1.delayed]
[www.rolls-roycemotorcars.com/en_GB/inspiring-greatness/vision.html]
[www.rolls-roycemotorcars.com/en_GB/inspiring-greatness/values.html]
[www.rolls-roycemotorcars.com/en_GB/inspiring-greatness/experience.html]
[www.rolls-roycemotorcars.com/en_GB/inspiring-greatness/visionaries.html]
[www.rolls-roycemotorcars.com/en_GB/inspiring-greatness/objects.html]
[www.rolls-roycemotorcars.com/en_GB/inspiring-greatness/vision/introducing-black-badge-cullinan.html]
[www.rolls-roycemotorcars.com/en_GB/inspiring-greatness/values/ak.2b5.delayed]
[www.rolls-roycemotorcars.com/en_GB/inspiring-greatness/values/ak.2b6.delayed]
[www.rolls-roycemotorcars.com/en_GB/inspiring-greatness/values/the-spirit-of-ecstasy.html]
[www.rolls-roycemotorcars.com/en_GB/inspiring-greatness/values/goodwood.html]
[www.rolls-roycemotorcars.com/en_GB/inspiring-greatness/values/a-vision-beyond-time.html]
[www.rolls-roycemotorcars.com/en_GB/inspiring-greatness/values/a-vision-beyond-time7cd1.html]
[www.rolls-roycemotorcars.com/en_GB/inspiring-greatness/values/the-lexicon-of-rolls-royce.html]
[www.rolls-roycemotorcars.com/en_GB/inspiring-greatness/values/the-lexicon-of-rolls-royce7cd1.html]
[www.rolls-roycemotorcars.com/en_GB/inspiring-greatness/values/how-rolls-met-royce.html]
[www.rolls-roycemotorcars.com/en_GB/inspiring-greatness/values/a-greener-goodwood.html]
[www.rolls-roycemotorcars.com/en_GB/inspiring-greatness/values/masterpieces-in-miniature.html]
[www.rolls-roycemotorcars.com/en_GB/inspiring-greatness/values/inspiring-greatness-series.html]
[www.rolls-roycemotorcars.com/en_GB/inspiring-greatness/experience/ak.2ce.delayed]
[www.rolls-roycemotorcars.com/en_GB/inspiring-greatness/experience/ak.2cf.delayed]
[www.rolls-roycemotorcars.com/en_GB/inspiring-greatness/experience/goodwood-revival.html]
[www.rolls-roycemotorcars.com/en_GB/inspiring-greatness/experience/a-private-privilege.html]
[www.rolls-roycemotorcars.com/en_GB/inspiring-greatness/experience/in-the-artists-studio.html]
[www.rolls-roycemotorcars.com/en_GB/inspiring-greatness/experience/dine-on-the-line.html]
[www.rolls-roycemotorcars.com/en_GB/inspiring-greatness/experience/festival-of-speed.html]
[www.rolls-roycemotorcars.com/en_GB/inspiring-greatness/visionaries/ak.2e0.delayed]
[www.rolls-roycemotorcars.com/en_GB/inspiring-greatness/visionaries/serenitys-textile-maven.html]
[www.rolls-roycemotorcars.com/en_GB/inspiring-greatness/visionaries/forge-yellow.html]
[www.rolls-roycemotorcars.com/en_GB/inspiring-greatness/visionaries/the-making-of-boat-tail.html]
[www.rolls-roycemotorcars.com/en_GB/inspiring-greatness/objects/ak.2ea.delayed]
[www.rolls-roycemotorcars.com/en_GB/inspiring-greatness/objects/ak.2eb.delayed]
[www.rolls-roycemotorcars.com/en_GB/inspiring-greatness/objects/cocktail-hamper.html]
[www.rolls-roycemotorcars.com/en_GB/inspiring-greatness/objects/dawn-aero-cowling.html]
[www.rolls-roycemotorcars.com/en_GB/inspiring-greatness/objects/arrive-in-style-icon-luggage-collection.html]
[www.rolls-roycemotorcars.com/en_GB/inspiring-greatness/objects/picnic-hamper.html]
[www.rolls-roycemotorcars.com/en_GB/boutique/all-accessories/picnic-hamper.html]
[www.rolls-roycemotorcars.com/en_GB/inspiring-greatness/objects/under-the-stars.html]
[www.rolls-roycemotorcars.com/en_GB/inspiring-greatness/objects/celestial-craftsmanship.html]
[www.rolls-roycemotorcars.com/en_GB/boutique/all-accessories/pinstripe-tyres.html]
[www.rolls-roycemotorcars.com/en_GB/inspiring-greatness/objects/the-ultimate-accessory.html]
[www.rolls-roycemotorcars.com/en_GB/inspiring-greatness/objects/phantom-gallery.html]
[www.rolls-roycemotorcars.com/en_GB/boutique/all-accessories/champagne-chest.html]
[www.rolls-roycemotorcars.com/en_GB/inspiring-greatness/objects/champagne-chest.html]
[www.rolls-roycemotorcars.com/en_GB/inspiring-greatness/objects/bespoke-craft-technical-weave.html]
[www.rolls-roycemotorcars.com/en_GB/inspiring-greatness/objects/bespoke-craft-leather.html]
[www.rolls-roycemotorcars.com/en_GB/inspiring-greatness/objects/phantom-tempus-champagne-chest.html]
[www.rolls-roycemotorcars.com/en_GB/inspiring-greatness/objects/bespoke-craft-starlight-headliner.html]
[www.rolls-roycemotorcars.com/en_GB/inspiring-greatness/objects/cellarette.html]
[www.rolls-roycemotorcars.com/en_GB/muse/ak.31b.delayed]
[www.rolls-roycemotorcars.com/en_GB/muse/ak.31c.delayed]
[www.rolls-roycemotorcars.com/en_GB/muse/the-dream-commission.html]
[www.rolls-roycemotorcars.com/en_GB/muse/the-dream-commission/ak.320.delayed]
[www.rolls-roycemotorcars.com/en_GB/muse/the-dream-commission/ak.321.delayed]
[www.rolls-roycemotorcars.com/en_GB/muse/the-dream-commission/winners-preview.html]
[www.rolls-roycemotorcars.com/en_GB/muse/the-dream-commission/history-of-moving-image-art.html]
[www.rolls-roycemotorcars.com/en_GB/muse/the-dream-commission/history-of-moving-image-art-part-two.html]
[www.rolls-roycemotorcars.com/en_GB/muse/the-dream-commission/winners-dream-commission.html]
[www.rolls-roycemotorcars.com/en_GB/muse/the-dream-commission/winners-dream-commission-life-in-dreams.html]
[www.rolls-roycemotorcars.com/en_GB/muse/the-dream-commission/looking-ahead-to-a-year-of-moving-image-art.html]
[www.rolls-roycemotorcars.com/en_GB/muse/the-dream-commission/muse-a-year-in-moving-image.html]
[www.rolls-roycemotorcars.com/en_GB/muse/the-dream-commission/dream-commission.html]
[www.rolls-roycemotorcars.com/en_GB/muse/the-dream-commission/dream-commission-shortlist.html]
[www.rolls-roycemotorcars.com/en_GB/muse/the-dream-commission/the-dream-commission-martine-syms.html]
[www.rolls-roycemotorcars.com/en_GB/muse/the-dream-commission/the-dream-commission-beatriz-santiago-munoz.html]
[www.rolls-roycemotorcars.com/en_GB/muse/the-dream-commission/the-dream-commission-sondra-perry.html]
[www.rolls-roycemotorcars.com/en_GB/muse/the-dream-commission/the-dream-commission-zhou-tao.html]
[www.rolls-roycemotorcars.com/en_GB/muse/the-dream-commission/pioneering-commissions.html]
[www.rolls-roycemotorcars.com/en_GB/muse/the-dream-commission/year-in-moving-image-art.html]
[www.rolls-roycemotorcars.com/en_GB/muse/the-dream-commission/year-ahead-in-moving-image-art.html]
[www.rolls-roycemotorcars.com/en_GB/muse/the-dream-commission/the-inaugural-dream-commission.html]
[www.rolls-roycemotorcars.com/en_GB/muse/the-dream-commission/Dream-Commission-in-Venice.html]
[www.rolls-roycemotorcars.com/en_GB/muse/spirit-of-ecstasy-challenge.html]
[www.rolls-roycemotorcars.com/en_GB/muse/spirit-of-ecstasy-challenge/ak.35e.delayed]
[www.rolls-roycemotorcars.com/en_GB/muse/spirit-of-ecstasy-challenge/ak.35f.delayed]
[www.rolls-roycemotorcars.com/en_GB/muse/spirit-of-ecstasy-challenge/moved-by-the-spirit.html]
[www.rolls-roycemotorcars.com/en_GB/muse/spirit-of-ecstasy-challenge/reimagining-an-icon.html]
[www.rolls-roycemotorcars.com/en_GB/muse/spirit-of-ecstasy-challenge/winners-announced.html]
[www.rolls-roycemotorcars.com/en_GB/muse/spirit-of-ecstasy-challenge/spirit-of-ecstasy-winner-scarlett-yang.html]
[www.rolls-roycemotorcars.com/en_GB/muse/spirit-of-ecstasy-challenge/spirit-of-ecstasy-winner-ghizlane-sahli.html]
[www.rolls-roycemotorcars.com/en_GB/muse/spirit-of-ecstasy-challenge/spirit-of-ecstasy-winner-bi-rongrong.html]
[www.rolls-roycemotorcars.com/en_GB/muse/spirit-of-ecstasy-challenge/pushing-the-boundaries-of-textiles.html]
[www.rolls-roycemotorcars.com/en_GB/muse/spirit-of-ecstasy-challenge/bi-rongrong-stitched-urban-skin.html]
